07-11 09:49:35.160  1499  2770 D WifiHAL : Start debug command: mType GET_FEATURE
07-11 09:49:35.160  1499  2770 I WifiHAL : CreateRequest mType = GET_FEATURE
07-11 09:49:35.160  1499  2770 D WifiHAL : In DebugCommand::handleResponse, mType:GET_FEATURE
07-11 09:49:35.160  1499  2770 D WifiHAL : len = 4, expected len = 4
07-11 09:49:37.036  1880  2545 D ActivityManager: freezing 31334 com.android.chrome
07-11 09:49:37.044  1880  2545 D ActivityManager: freezing 31061 com.google.android.documentsui
07-11 09:49:37.052  1880  2699 D InetDiagMessage: Destroyed 0 sockets, proto=IPPROTO_TCP, family=AF_INET, states=14
07-11 09:49:37.054  1880  2699 D InetDiagMessage: Destroyed 0 sockets, proto=IPPROTO_TCP, family=AF_INET6, states=14
07-11 09:49:37.054  1880  2699 D InetDiagMessage: Destroyed live tcp sockets for uids={10203} in 5ms
07-11 09:49:37.058  1880  2699 D InetDiagMessage: Destroyed 0 sockets, proto=IPPROTO_TCP, family=AF_INET, states=14
07-11 09:49:37.061  1880  2699 D InetDiagMessage: Destroyed 0 sockets, proto=IPPROTO_TCP, family=AF_INET6, states=14
07-11 09:49:37.061  1880  2699 D InetDiagMessage: Destroyed live tcp sockets for uids={10083} in 4ms
07-11 09:49:37.083  1880  2545 D ActivityManager: freezing 4252 com.android.vending:background
07-11 09:49:37.089  1880  2545 D ActivityManager: freezing 8863 com.android.vending
07-11 09:49:37.104  1880  2545 D ActivityManager: freezing 15847 com.microsoft.emmx
07-11 09:49:37.114  1880  2699 D InetDiagMessage: Destroyed 0 sockets, proto=IPPROTO_TCP, family=AF_INET, states=14
07-11 09:49:37.116  1880  2699 D InetDiagMessage: Destroyed 0 sockets, proto=IPPROTO_TCP, family=AF_INET6, states=14
07-11 09:49:37.116  1880  2699 D InetDiagMessage: Destroyed live tcp sockets for uids={10173} in 5ms
07-11 09:49:37.121  1880  2699 D InetDiagMessage: Destroyed 0 sockets, proto=IPPROTO_TCP, family=AF_INET, states=14
07-11 09:49:37.122  1880  2699 D InetDiagMessage: Destroyed 0 sockets, proto=IPPROTO_TCP, family=AF_INET6, states=14
07-11 09:49:37.122  1880  2699 D InetDiagMessage: Destroyed live tcp sockets for uids={10302} in 4ms
07-11 09:49:37.223  1880  2545 D ActivityManager: freezing 2795 com.google.android.permissioncontroller
07-11 09:49:37.237  1880  2699 D InetDiagMessage: Destroyed 0 sockets, proto=IPPROTO_TCP, family=AF_INET, states=14
07-11 09:49:37.239  1880  2699 D InetDiagMessage: Destroyed 0 sockets, proto=IPPROTO_TCP, family=AF_INET6, states=14
07-11 09:49:37.239  1880  2699 D InetDiagMessage: Destroyed live tcp sockets for uids={10268} in 6ms
07-11 09:49:38.169  1499  2770 I WifiHAL : Creating message to get link statistics; iface = 48
07-11 09:49:38.317  1499  1548 E libbinder.IPCThreadState: binder thread pool (1 threads) starved for 148 ms
07-11 09:49:38.317  1499  1548 I WifiHAL : Getting cached scan results, iface handle = 0xb400006ec4f08d50
07-11 09:49:38.317  1499  1548 E WifiHAL : Creating message to get cached scan results
07-11 09:49:38.330  1499  1548 I WifiHAL : In GetCachedScanResultsCommand::handleResponse
07-11 09:49:38.391  1499  1548 D WifiHAL : Start debug command: mType GET_FEATURE
07-11 09:49:38.391  1499  1548 I WifiHAL : CreateRequest mType = GET_FEATURE
07-11 09:49:38.391  1499  1548 D WifiHAL : In DebugCommand::handleResponse, mType:GET_FEATURE
07-11 09:49:38.391  1499  1548 D WifiHAL : len = 4, expected len = 4
07-11 09:49:40.314   669 11404 I keystore2: system/security/keystore2/watchdog/src/lib.rs:371 - Watchdog thread idle -> terminating. Have a great day.
07-11 09:49:41.349  2247  2253 I pixel-thermal: VIRTUAL-SKIN-CPU-LIGHT-ODPM:36.3322 raw data: VIRTUAL-SKIN:36332.2 VIRTUAL-SKIN-CPU-LIGHT-ODPM:36332.2 VIRTUAL-SKIN-SUB-0:35654.2 VIRTUAL-SKIN-SUB-1:36241.3 VIRTUAL-SKIN-SUB-2:34872.9 VIRTUAL-SKIN-SUB-3:36332.2 VIRTUAL-SKIN-SUB-4:34389.9 VIRTUAL-SKIN-SUB-5:35512.8 VIRTUAL-SKIN-SUB-6:35886.3 VIRTUAL-SKIN-SUB-7:34742.1 VIRTUAL-SKIN-SUB-8:35345.3 battery:35500 cam_therm:36558 charge_therm:40142 disp_therm:36424 neutral_therm:37782 north_therm:36091 quiet_therm:35022 soc_therm:39541 usb_pwr_therm:35734 
07-11 09:49:41.350  2247  2253 I pixel-thermal: VIRTUAL-SKIN-CPU-LIGHT-ODPM power_budget=1961.48 err=2.66784 s_power=800 time_elapsed_ms=7014 p=1067.14 i=94.3456 d=-0 dt_per_min=nan compensation=0 budget transient=0 control target=2 excluded power budget=0
07-11 09:49:41.350  2247  2253 I pixel-thermal: VIRTUAL-SKIN-CPU-LIGHT-ODPM binded power rails: (S4M_VDD_CPUCL0: 159.41 mW)(S2M_VDD_CPUCL2: 3.23 mW)(S3M_VDD_CPUCL1: 18.62 mW)
07-11 09:49:41.350  2247  2253 I pixel-thermal: cellular-emergency:36.3322 raw data: VIRTUAL-SKIN:36332.2 cellular-emergency:36332.2 
07-11 09:49:41.350  2247  2253 I pixel-thermal: VIRTUAL-SKIN-CPU-MID:36.3322 raw data: VIRTUAL-SKIN:36332.2 VIRTUAL-SKIN-CPU-MID:36332.2 
07-11 09:49:41.350  2247  2253 I pixel-thermal: VIRTUAL-SKIN-HINT:36.3322 raw data: VIRTUAL-SKIN:36332.2 VIRTUAL-SKIN-HINT:36332.2 
07-11 09:49:41.351  2247  2253 I pixel-thermal: VIRTUAL-SKIN-CPU-HIGH:36.3322 raw data: VIRTUAL-SKIN:36332.2 VIRTUAL-SKIN-CPU-HIGH:36332.2 
07-11 09:49:41.351  2247  2253 I pixel-thermal: VIRTUAL-SKIN-SOC:36.3322 raw data: VIRTUAL-SKIN:36332.2 VIRTUAL-SKIN-SOC:36332.2 
07-11 09:49:41.351  2247  2253 I pixel-thermal: VIRTUAL-SKIN-SOC power_budget=3400.35 err=8.66784 s_power=800 time_elapsed_ms=7014 p=2600.35 i=0 d=-0 dt_per_min=nan compensation=0 budget transient=0 control target=3 excluded power budget=0
07-11 09:49:41.351  2247  2253 I pixel-thermal: VIRTUAL-SKIN-SOC binded power rails: (S4M_VDD_CPUCL0: 159.41 mW)(S2M_VDD_CPUCL2: 3.23 mW)(S3M_VDD_CPUCL1: 18.62 mW)(S2S_VDD_G3D: 64.41 mW)(S7M_VDD_TPU: 0.00 mW)
07-11 09:49:41.351  2247  2253 I pixel-thermal: VIRTUAL-SKIN:36.3322 raw data: VIRTUAL-SKIN:36332.2 
07-11 09:49:41.351  2247  2253 I pixel-thermal: VIRTUAL-SKIN-GPU:36.3322 raw data: VIRTUAL-SKIN:36332.2 VIRTUAL-SKIN-GPU:36332.2 
07-11 09:49:41.352  2247  2253 I pixel-thermal: VIRTUAL-SKIN-SPEAKER:32.7486 raw data: VIRTUAL-SKIN-SPEAKER:32748.6 VIRTUAL-SKIN-SPEAKER-SUB-0:31719.8 VIRTUAL-SKIN-SPEAKER-SUB-1:32565.1 VIRTUAL-SKIN-SPEAKER-SUB-2:32748.6 VIRTUAL-SKIN-SPEAKER-SUB-3:32666.1 battery:35500 cam_therm:36558 charge_therm:40142 disp_therm:36424 neutral_therm:37782 north_therm:36091 quiet_therm:35022 soc_therm:39541 usb_pwr_therm:35734 
07-11 09:49:41.353  2247  2253 I pixel-thermal: VIRTUAL-SKIN-CHARGE-WIRED:36.137 raw data: NO_WLC:1 VIRTUAL-SKIN-CHARGE:36137 VIRTUAL-SKIN-CHARGE-SUB-0:35917.5 VIRTUAL-SKIN-CHARGE-SUB-1:35219.2 VIRTUAL-SKIN-CHARGE-SUB-2:35159.6 VIRTUAL-SKIN-CHARGE-SUB-3:35377.9 VIRTUAL-SKIN-CHARGE-SUB-4:35780.2 VIRTUAL-SKIN-CHARGE-SUB-5:36137 VIRTUAL-SKIN-CHARGE-SUB-6:35256.3 VIRTUAL-SKIN-CHARGE-WIRED:36137 WLC_CHECK:1 battery:35500 cam_therm:36558 charge_therm:40142 disp_therm:36424 neutral_therm:37782 north_therm:36091 quiet_therm:35022 soc_therm:39541 thb_hda:54 usb_pwr_therm:35734 
07-11 09:49:41.354  2247  2253 I pixel-thermal: VIRTUAL-SKIN-CHARGE-WIRED power_budget=3576.99 err=1.86299 s_power=2404 time_elapsed_ms=7014 p=188.162 i=1099 d=-0 dt_per_min=nan compensation=0 budget transient=0 control target=2 excluded power budget=114.176 (PARTIAL_SYSTEM_POWER: 1141.76 mW, cdev_weight: 0.100000)
07-11 09:49:41.354  2247  2253 I pixel-thermal: VIRTUAL-SKIN-CHARGE-PERSIST:36.137 raw data: VIRTUAL-SKIN-CHARGE:36137 VIRTUAL-SKIN-CHARGE-PERSIST:36137 
07-11 09:49:41.354  2247  2253 I pixel-thermal: VIRTUAL-SKIN-CHARGE-PERSIST power_budget=3746.85 err=4.86299 s_power=2066 time_elapsed_ms=7014 p=797.531 i=1066 d=-0 dt_per_min=nan compensation=0 budget transient=0 control target=2 excluded power budget=182.682 (PARTIAL_SYSTEM_POWER: 1141.76 mW, cdev_weight: 0.160000)
07-11 09:49:41.397  1499  2770 I WifiHAL : Creating message to get link statistics; iface = 48
07-11 09:49:41.453  2247  2253 I pixel-thermal: usb_pwr_therm:35.734 raw data: usb_pwr_therm:35734 
07-11 09:49:41.454  2247  2253 I pixel-thermal: VIRTUAL-USB-THROTTLING:1 raw data: USB-MINUS-NEUTRAL:-2048 USB-MINUS-QUIET:712 USB_QUIET_RFFE:708.191 VIRTUAL-USB-THROTTLING:1 VIRTUAL-USB-THROTTLING-SUB0:0 VSYS_PWR_RFFE:0.476157 neutral_therm:37782 quiet_therm:35022 usb_pwr_therm:35734 
07-11 09:49:41.493  1499  1548 I WifiHAL : Getting cached scan results, iface handle = 0xb400006ec4f08d50
07-11 09:49:41.493  1499  1548 E WifiHAL : Creating message to get cached scan results
07-11 09:49:41.502  1499  1548 I WifiHAL : In GetCachedScanResultsCommand::handleResponse
07-11 09:49:41.566  3390  3429 D IwlanDataService: onCapabilitiesChanged: 125 [ Transports: WIFI Capabilities: NOT_METERED&INTERNET&NOT_RESTRICTED&TRUSTED&NOT_VPN&VALIDATED&NOT_ROAMING&FOREGROUND&NOT_CONGESTED&NOT_SUSPENDED&NOT_VCN_MANAGED&NOT_BANDWIDTH_CONSTRAINED LinkUpBandwidth>=19804Kbps LinkDnBandwidth>=38915Kbps TransportInfo: <SSID: "shufang_5G", BSSID: 80:37:73:d9:08:40, MAC: 26:e4:72:9b:b0:d2, IP: /192.168.50.159, Security type: 2, Supplicant state: COMPLETED, Wi-Fi standard: 11ac, RSSI: -66, Link speed: 351Mbps, Tx Link speed: 351Mbps, Max Supported Tx Link speed: 866Mbps, Rx Link speed: 468Mbps, Max Supported Rx Link speed: 866Mbps, Frequency: 5745MHz, Net ID: 2, Metered hint: false, score: 100, isUsable: true, CarrierMerged: false, SubscriptionId: -1, IsPrimary: 1, Trusted: true, Restricted: false, Ephemeral: false, OEM paid: false, OEM private: false, OSU AP: false, FQDN: <none>, Provider friendly name: <none>, Requesting package name: <none>"shufang_5G"wpa2-pskMLO Information: , Is TID-To-Link negotiation supported by the AP: false, AP MLD Address: <none>, AP MLO Link Id: <none>, AP MLO Affiliated links: <none>, Vendor Data: <none>> SignalStrength: -66 OwnerUid: 1000 AdminUids: [1000] SSID: "shufang_5G" UnderlyingNetworks: Null]
07-11 09:49:41.566  3390  3429 D IwlanDataService: Network 125 connected using transport WIFI
07-11 09:49:41.568  3390  3519 D IwlanNetworkService: onCapabilitiesChanged: 125
07-11 09:49:41.568  3472  3576 D IwlanNetworkStatusTracker: onCapabilitiesChanged: 125
07-11 09:49:41.569  3472  3576 D IwlanNetworkStatusTracker: OnCapability : Wifi Available already true and validation status unchanged
07-11 09:49:41.569  3472  3576 E IwlanNetworkStatusTracker: Could not get Wifi SSID
07-11 09:49:41.572  3807  3918 I WifiSignalInfo: onCapabilitiesChanged: rssi:-66
07-11 09:49:41.579 17557 17999 I NullBinder: NullBinder for android.net.action.RECOMMEND_NETWORKS triggering remote TransactionTooLargeException due to Service without Chimera impl, calling uid: 1000, calling pid: 0
07-11 09:49:41.580 17557 17999 W libbinder.Binder: Large reply transaction of 1056768 bytes, interface descriptor , code 1, flags 17
07-11 09:49:41.584 11863 11959 D HTTPDNS : Network onCapabilitiesChanged(125)
07-11 09:49:41.586  3807  3905 D ImsPreconditionCheck: {subId=1} handleMessage: { when=-15ms what=16 target=eja async=false heapIndex=-1 }
07-11 09:49:41.586  3807  3905 D ImsPreconditionCheck: {subId=1} onWifiCapabilitiesChanged: wifiNetworkValidated: true
07-11 09:49:41.587  3807  3898 D DeviceStateHelper: Wifi freq: 5745
07-11 09:49:41.587 16683 16774 I BugleRcsEngine: handleMessage processing message:[NOTIFY_UPTIME_IGNORE_STATE_CHANGED] with [non-null]:RcsEngineImpl reference [CONTEXT log_prefix="RcsEngineImpl[DUAL_REG]:[5e41f6bd-fcc7]>Handler" thread_id=99 ]
07-11 09:49:41.574  3049  4015 W SHANNON_IMS: 7745 [CONN] NetworkSpecifier and TransportInfo are not valid (DefaultNetworkCallback%updateSubscriptionId:121)
07-11 09:49:41.590  1880  2747 D BackgroundInstallControlService: Package event received: 0
07-11 09:49:41.590  3049  4015 I SHANNON_IMS: 7748 [CONN] network:125 WIFI connected, subId: -1 [SLID:0] (DefaultNetworkCallback%onCapabilitiesChanged:76)
07-11 09:49:41.590  3015  3890 D SHANNON_RCS: 4227 [0][PROX][TELE] onCapabilitiesChanged, Network: 125, NetworkCapabilities: [ Transports: WIFI Capabilities: NOT_METERED&INTERNET&NOT_RESTRICTED&TRUSTED&NOT_VPN&VALIDATED&NOT_ROAMING&FOREGROUND&NOT_CONGESTED&NOT_SUSPENDED&NOT_VCN_MANAGED&NOT_BANDWIDTH_CONSTRAINED LinkUpBandwidth>=19804Kbps LinkDnBandwidth>=38915Kbps TransportInfo: <SSID: <unknown ssid>, BSSID: 02:00:00:00:00:00, MAC: 02:00:00:00:00:00, IP: /192.168.50.159, Security type: 2, Supplicant state: COMPLETED, Wi-Fi standard: 11ac, RSSI: -66, Link speed: 351Mbps, Tx Link speed: 351Mbps, Max Supported Tx Link speed: 866Mbps, Rx Link speed: 468Mbps, Max Supported Rx Link speed: 866Mbps, Frequency: 5745MHz, Net ID: -1, Metered hint: false, score: 100, isUsable: true, CarrierMerged: false, SubscriptionId: -1, IsPrimary: -1, Trusted: true, Restricted: false, Ephemeral: false, OEM paid: false, OEM private: false, OSU AP: false, FQDN: <none>, Provider friendly name: <none>, Requesting package name: <none><none>MLO Information: , Is TID-To-Link negotiation supported by the AP: false, AP MLD Address: <none>, AP MLO Link Id: <none>, AP MLO Affiliated links: <none>, Vendor Data: <none>> SignalStrength: -66 UnderlyingNetworks: Null] (DefaultNetworkCallback%onCapabilitiesChanged:76)
07-11 09:49:41.592 16683 16769 I BugleRcsEngine: Connected state: [1], networkType: [WIFI] [CONTEXT thread_id=95 ]
07-11 09:49:41.593  1880  2699 E libbinder.IPCThreadState: Binder transaction failure. id: 100468211, cmd: BR_FAILED_REPLY (29201), error: -28 (No space left on device - Binder buffer full. Too many or too large transactions.)
07-11 09:49:41.593  1880  2699 W ActivityManager: pid 1880 system sent binder code 1 with flags 1 and got error -2147483646
07-11 09:49:41.593  1880  2699 E JavaBinder: !!! FAILED BINDER TRANSACTION !!!  (parcel size = 1132)
07-11 09:49:41.594  1880  2699 E ConnectivityService: RemoteException caught trying to send a callback msg for NetworkRequest [ TRACK_DEFAULT id=21789, [ Capabilities: INTERNET&NOT_RESTRICTED&TRUSTED&NOT_VCN_MANAGED&NOT_BANDWIDTH_CONSTRAINED Uid: 10333 RequestorUid: 10333 RequestorPkg: com.tencent.mm UnderlyingNetworks: Null] ]
07-11 09:49:41.594  1880  2699 E libbinder.IPCThreadState: Binder transaction failure. id: 100468215, cmd: BR_FAILED_REPLY (29201), error: -28 (No space left on device - Binder buffer full. Too many or too large transactions.)
07-11 09:49:41.594  1880  2699 W ActivityManager: pid 1880 system sent binder code 1 with flags 1 and got error -2147483646
07-11 09:49:41.594  1880  2699 D ActivityManager: Too many transaction errors, throttling transaction error callback.
07-11 09:49:41.594  1880  2699 E JavaBinder: !!! FAILED BINDER TRANSACTION !!!  (parcel size = 1120)
07-11 09:49:41.594  1880  2699 E ConnectivityService: RemoteException caught trying to send a callback msg for NetworkRequest [ LISTEN id=21791, [ Capabilities: INTERNET&NOT_RESTRICTED&TRUSTED&NOT_VCN_MANAGED&NOT_BANDWIDTH_CONSTRAINED Uid: 10333 RequestorUid: 10333 RequestorPkg: com.tencent.mm UnderlyingNetworks: Null] ]
07-11 09:49:41.597 17545 17545 I Wildlife_WildlifeVpnReceiver: ACTION_WIFI_STATE_CHANGED
07-11 09:49:41.597 17545 17545 I Wildlife_WildlifeCobaltEventLoggerImpl: SysUI wifi state changed event logged
07-11 09:49:41.598 17557 17557 I MagicTether: (REDACTED) [ActiveNetworkTracker] setActiveNetwork: %s
07-11 09:49:41.598 17557 17557 I MagicTether: (REDACTED) [TetherService] onActiveNetworkChanged: network=%s isLost=%s
07-11 09:49:41.599 17545 17545 I Wildlife_WildlifeVpnManagerImpl: restoreSettingsFromBackupIfNecessary() false, true, false
07-11 09:49:41.599 17545 17545 I Wildlife_OpenWifiNudgeManagerImpl: wifiStateChangedFuture
07-11 09:49:41.600 17545 10586 I Wildlife_OpenWifiNudgeManagerImpl: handleWifiStateChanged(): consumer is not active
07-11 09:49:41.601 17557 11226 I MagicTether: [WifiConnectionHandler] Ignoring getWifiConfigurationByNetworkId when checking connected state [CONTEXT service_id=276 ]
07-11 09:49:41.601 17557 11226 I MagicTether: [WifiConnectionHandler] No networkId set, can't be connected. [CONTEXT service_id=276 ]
07-11 09:49:41.602 17557 11226 I MagicTether: (REDACTED) [TetherService] TRANSPORT_CELLULAR [%s], TRANSPORT_ETHERNET [%s], TRANSPORT_WIFI [%s]
07-11 09:49:41.602  1499  1548 D WifiHAL : Start debug command: mType GET_FEATURE
07-11 09:49:41.602  1499  1548 I WifiHAL : CreateRequest mType = GET_FEATURE
07-11 09:49:41.602 17557 11226 I MagicTether: (REDACTED) [TetherService] setRoles hasActiveNetworkConnection=%s canActiveNetworkBeTethered=%s isConnectedToInstantTether=%s isWifiEnabled=%s isHosting=%s
07-11 09:49:41.603  1499  1548 D WifiHAL : In DebugCommand::handleResponse, mType:GET_FEATURE
07-11 09:49:41.603  1499  1548 D WifiHAL : len = 4, expected len = 4
07-11 09:49:41.605  1632  1632 D AOC     : CHRE: DRAM vote count begins
07-11 09:49:41.610  1421  1457 D CHRE    : @ 751603.330: Parsed nanoapp message from host: app ID 0x476f6f676c00100b endpoint 0x3d msgType 112 payload size 14
07-11 09:49:41.610  1421  1457 I CHRE    : @ 751603.332: [NanoMinion] received MSG Type 0x70, Version 1, 10 bytes
07-11 09:49:41.610  1421  1457 I CHRE    : @ 751603.332: [AR] context-signal: has_bt=0, bt=0, has_wifi=1, wifi=1
07-11 09:49:41.610  1632  1632 D AOC     : CHRE: DRAM vote count ends: 0 ms
07-11 09:49:41.610  1632  1632 D AOC     : CHRE: DRAM vote count begins
07-11 09:49:41.610  1632  1632 D AOC     : CHRE: DRAM vote count ends: 0 ms
07-11 09:49:41.610  1632  1632 D AOC     : CHRE: DRAM vote count begins
07-11 09:49:41.611  1632  1632 D AOC     : CHRE: DRAM vote count ends: 0 ms
07-11 09:49:41.611  1880  2699 D ConnectivityService: NetReassign [no changes] [c 0] [a 2] [i 4]
07-11 09:49:41.612  1880  2747 D BackgroundInstallControlService: Package event received: 0
07-11 09:49:41.623 17557 17557 I MagicTether: (REDACTED) [LaunchUtils] Instant Wifi for status account: name: %s | type: %s | isLaunched: %s
07-11 09:49:41.623 17557 17557 I MagicTether: (REDACTED) [TidepoolFeatureStatusManager] isInstantHotspotEnabled=%s
07-11 09:49:41.623 17557 17557 I MagicTether: (REDACTED) [TidepoolFeatureStatusManager] isInstantWifiEnabled=%s
07-11 09:49:41.623 17557 17557 I MagicTether: (REDACTED) [TetherService] startNearbyClientRole: start: %s isInstantHotspotEnabled: %s isInstantWifiEnabled: %s
07-11 09:49:41.623 17557 17557 I MagicTether: [TetherService] Stopping Nearby client role [CONTEXT service_id=276 ]
07-11 09:49:41.623 17557 17557 I MagicTether: [ClientTetherRole] Client role already stopped [CONTEXT service_id=276 ]
07-11 09:49:41.625 17557 17557 I MagicTether: (REDACTED) [LaunchUtils] Instant Wifi for status account: name: %s | type: %s | isLaunched: %s
07-11 09:49:41.625 17557 17557 I MagicTether: (REDACTED) [TidepoolFeatureStatusManager] isInstantHotspotEnabled=%s
07-11 09:49:41.625 17557 17557 I MagicTether: (REDACTED) [TidepoolFeatureStatusManager] isInstantWifiEnabled=%s
07-11 09:49:41.625 17557 17557 I MagicTether: (REDACTED) [TetherService] startNearbyHostRole: start: %s isInstantHotspotEnabled: %s isInstantWifiEnabled: %s
07-11 09:49:41.625 17557 17557 I MagicTether: (REDACTED) [TidepoolFeatureStatusManager] isInstantHotspotEnabled=%s
07-11 09:49:41.625 17557 17557 I MagicTether: [HostTetherRole] Nearby host role already started [CONTEXT service_id=276 ]
07-11 09:49:41.628  3992 30190 I CobaltLoggerImpl: (REDACTED) Logging Cobalt occurrence for metric %d-%d-%d, with count %d and event vector %s, for caller: %s
07-11 09:49:41.635 17557 11507 I NearbyMediums: Wifi changed new SSID: "shufang_5G"
07-11 09:49:41.635 17557 11507 I NearbyMediums: WifiLanConnectivityInfo is not changed, skip notify.
07-11 09:49:41.628  3992 30190 I CobaltLoggerImpl: (REDACTED) Loaded Cobalt registry contains metric: %d-%d-%d
07-11 09:49:42.058 11863 15093 I FileLockLib: [11863]file 94 unlocked. fl.pid=0
07-11 09:49:42.065  2247  2253 I pixel-thermal: disp_therm:36.424 raw data: disp_therm:36424 
07-11 09:49:42.065  2247  2253 I pixel-thermal: VIRTUAL-USB-UI:1 raw data: USB-MINUS-NEUTRAL:-2048 USB-MINUS-QUIET:712 USB_QUIET_RFFE:708.191 VIRTUAL-USB-UI:1 VIRTUAL-USB-UI-SUB0:0 usb_pwr_therm:35734 
07-11 09:49:42.066  2247  2253 I pixel-thermal: cam_therm:36.558 raw data: cam_therm:36558 
07-11 09:49:42.095 17557 11396 I NearbySharing: Network state changed: NetworkState(isRestricted=false, isOnline=true, isCongested=false, isMetered=false, isWifiConnected=true)
07-11 09:49:42.097 17557 11507 I NearbySharing: Network state changed: NetworkState(isRestricted=false, isOnline=true, isCongested=false, isMetered=false, isWifiConnected=true)
07-11 09:49:42.176  3992  3992 D BoundBrokerSvc: onUnbind: Intent { act=com.google.android.gms.backup.GMS_MODULE_RESTORE dat=chimera-action:/... xflg=0x4 cmp=com.google.android.gms/.chimera.GmsInternalBoundBrokerService }
07-11 09:49:42.230 17557 11507 I NearbyMediums: No BLE Fast/GATT advertisements found in the latest cycle.
07-11 09:49:42.230 17557 11507 I NearbyMediums: Current Tracked Scanning Clients are : {NearbyConnections.EnvironmentMonitor, NearbySharing, NearbyConnections.TxAdvertisement}
07-11 09:49:43.510  2975  3236 D ImpulseConnection: timeout happen: com.google.android.apps.turbo
07-11 09:49:43.511  2975  3236 D ImpulseConnection: unbindService for releasing a CONNECTED connection com.google.android.apps.turbo
07-11 09:49:43.529  2975  4119 D TemperatureStateSource: sequence=52950 actualDelay=10000
07-11 09:49:43.529  2975  4119 D TemperatureStateSource: Reading temperature: sequence=52951
07-11 09:49:43.536  2247  2247 I pixel-thermal: VIRTUAL-SKIN:36.3322 raw data: VIRTUAL-SKIN:36332.2 VIRTUAL-SKIN-SUB-0:35654.2 VIRTUAL-SKIN-SUB-1:36241.3 VIRTUAL-SKIN-SUB-2:34872.9 VIRTUAL-SKIN-SUB-3:36332.2 VIRTUAL-SKIN-SUB-4:34389.9 VIRTUAL-SKIN-SUB-5:35512.8 VIRTUAL-SKIN-SUB-6:35886.3 VIRTUAL-SKIN-SUB-7:34742.1 VIRTUAL-SKIN-SUB-8:35345.3 battery:35500 cam_therm:36558 charge_therm:40142 disp_therm:36424 neutral_therm:37782 north_therm:36091 quiet_therm:35022 soc_therm:39541 usb_pwr_therm:35734 
07-11 09:49:43.537  2975  4119 D TemperatureStateSource: getDeviceTemperatures: sequence=52951 deviceTemperatureType=3 temperatureSource=0 temperatures=[36.33216]
07-11 09:49:43.537  2975  4119 D BusinessScope: Enqueuing the block
07-11 09:49:43.538  2975  4119 D TemperatureStateSource: sequence=52951 waitTime=10000
07-11 09:49:43.538  2975  4119 D BusinessScope: Start running the #106131 block
07-11 09:49:43.538  2975  4119 D BusinessScope: Enqueuing the block
07-11 09:49:43.538  2975  4119 D ImpulseStateSource: Notify clients: 53060
07-11 09:49:43.539  2975  4119 D BusinessScope: Finish running the #106131 block
07-11 09:49:43.539  2975  4119 D BusinessScope: Start running the #106132 block
07-11 09:49:43.539  2975  4119 D BusinessScope: Finish running the #106132 block
07-11 09:49:44.632  1499  1548 I WifiHAL : Creating message to get link statistics; iface = 48
07-11 09:49:44.644  3121  3343 D EuiccConnector: handleMessage: E msg.what=3
07-11 09:49:44.644  3121  3343 D EuiccConnector: processMsg: ConnectedState
07-11 09:49:44.650  3529  3529 I EuiccGoogle: [2] EuiccServiceImpl.onDestroy: onDestroy: EuiccService on destroy.
07-11 09:49:44.653  3121  3343 D EuiccConnector: transitionTo: destState=AvailableState
07-11 09:49:44.653  3121  3343 D EuiccConnector: handleMessage: new destination call exit/enter
07-11 09:49:44.654  3121  3343 D EuiccConnector: setupTempStateStackWithStatesToEnter: X mTempStateStackCount=2,curStateInfo: null
07-11 09:49:44.654  3121  3343 D EuiccConnector: invokeExitMethods: ConnectedState
07-11 09:49:44.654  3121  3343 D EuiccConnector: invokeExitMethods: DisconnectedState
07-11 09:49:44.654  3121  3343 D EuiccConnector: moveTempStackToStateStack: i=1,j=0
07-11 09:49:44.654  3121  3343 D EuiccConnector: moveTempStackToStateStack: i=0,j=1
07-11 09:49:44.654  3121  3343 D EuiccConnector: moveTempStackToStateStack: X mStateStackTop=1,startingIndex=0,Top=AvailableState
07-11 09:49:44.654  3121  3343 D EuiccConnector: invokeEnterMethods: UnavailableState
07-11 09:49:44.654  3121  3343 D EuiccConnector: invokeEnterMethods: AvailableState
07-11 09:49:44.654  3121  3343 D EuiccConnector: handleMessage: X
07-11 09:49:44.769  1499  1548 E libbinder.IPCThreadState: binder thread pool (1 threads) starved for 137 ms
07-11 09:49:44.769  1499  2770 I WifiHAL : Getting cached scan results, iface handle = 0xb400006ec4f08d50
07-11 09:49:44.769  1499  2770 E WifiHAL : Creating message to get cached scan results
07-11 09:49:44.781  1499  2770 I WifiHAL : In GetCachedScanResultsCommand::handleResponse
07-11 09:49:44.826  1499  2770 D WifiHAL : Start debug command: mType GET_FEATURE
07-11 09:49:44.826  1499  2770 I WifiHAL : CreateRequest mType = GET_FEATURE
07-11 09:49:44.826  1499  2770 D WifiHAL : In DebugCommand::handleResponse, mType:GET_FEATURE
07-11 09:49:44.827  1499  2770 D WifiHAL : len = 4, expected len = 4
07-11 09:49:45.230  2938 25954 D IpClient/wlan1: interfaceLinkStateChanged: ifindex 48 up
07-11 09:49:47.837  1499  2770 I WifiHAL : Creating message to get link statistics; iface = 48
07-11 09:49:47.980  1499  1548 I WifiHAL : Getting cached scan results, iface handle = 0xb400006ec4f08d50
07-11 09:49:47.980  1499  1548 E WifiHAL : Creating message to get cached scan results
07-11 09:49:47.996  1499  1548 I WifiHAL : In GetCachedScanResultsCommand::handleResponse
07-11 09:49:47.997  1499  1548 E libbinder.IPCThreadState: binder thread pool (1 threads) starved for 159 ms
07-11 09:49:48.058  1499  1548 D WifiHAL : Start debug command: mType GET_FEATURE
07-11 09:49:48.060  1499  1548 I WifiHAL : CreateRequest mType = GET_FEATURE
07-11 09:49:48.060  1499  1548 D WifiHAL : In DebugCommand::handleResponse, mType:GET_FEATURE
07-11 09:49:48.060  1499  1548 D WifiHAL : len = 4, expected len = 4
07-11 09:49:48.067  3390  3429 D IwlanDataService: onCapabilitiesChanged: 125 [ Transports: WIFI Capabilities: NOT_METERED&INTERNET&NOT_RESTRICTED&TRUSTED&NOT_VPN&VALIDATED&NOT_ROAMING&FOREGROUND&NOT_CONGESTED&NOT_SUSPENDED&NOT_VCN_MANAGED&NOT_BANDWIDTH_CONSTRAINED LinkUpBandwidth>=16168Kbps LinkDnBandwidth>=32781Kbps TransportInfo: <SSID: "shufang_5G", BSSID: 80:37:73:d9:08:40, MAC: 26:e4:72:9b:b0:d2, IP: /192.168.50.159, Security type: 2, Supplicant state: COMPLETED, Wi-Fi standard: 11ac, RSSI: -69, Link speed: 351Mbps, Tx Link speed: 351Mbps, Max Supported Tx Link speed: 866Mbps, Rx Link speed: 468Mbps, Max Supported Rx Link speed: 866Mbps, Frequency: 5745MHz, Net ID: 2, Metered hint: false, score: 100, isUsable: true, CarrierMerged: false, SubscriptionId: -1, IsPrimary: 1, Trusted: true, Restricted: false, Ephemeral: false, OEM paid: false, OEM private: false, OSU AP: false, FQDN: <none>, Provider friendly name: <none>, Requesting package name: <none>"shufang_5G"wpa2-pskMLO Information: , Is TID-To-Link negotiation supported by the AP: false, AP MLD Address: <none>, AP MLO Link Id: <none>, AP MLO Affiliated links: <none>, Vendor Data: <none>> SignalStrength: -69 OwnerUid: 1000 AdminUids: [1000] SSID: "shufang_5G" UnderlyingNetworks: Null]
07-11 09:49:48.069  3390  3429 D IwlanDataService: Network 125 connected using transport WIFI
07-11 09:49:48.069  3472  3576 D IwlanNetworkStatusTracker: onCapabilitiesChanged: 125
07-11 09:49:48.069  3472  3576 D IwlanNetworkStatusTracker: OnCapability : Wifi Available already true and validation status unchanged
07-11 09:49:48.069  3472  3576 E IwlanNetworkStatusTracker: Could not get Wifi SSID
07-11 09:49:48.069  3390  3519 D IwlanNetworkService: onCapabilitiesChanged: 125
07-11 09:49:48.072  3015  3890 D SHANNON_RCS: 4228 [0][PROX][TELE] onCapabilitiesChanged, Network: 125, NetworkCapabilities: [ Transports: WIFI Capabilities: NOT_METERED&INTERNET&NOT_RESTRICTED&TRUSTED&NOT_VPN&VALIDATED&NOT_ROAMING&FOREGROUND&NOT_CONGESTED&NOT_SUSPENDED&NOT_VCN_MANAGED&NOT_BANDWIDTH_CONSTRAINED LinkUpBandwidth>=16168Kbps LinkDnBandwidth>=32781Kbps TransportInfo: <SSID: <unknown ssid>, BSSID: 02:00:00:00:00:00, MAC: 02:00:00:00:00:00, IP: /192.168.50.159, Security type: 2, Supplicant state: COMPLETED, Wi-Fi standard: 11ac, RSSI: -69, Link speed: 351Mbps, Tx Link speed: 351Mbps, Max Supported Tx Link speed: 866Mbps, Rx Link speed: 468Mbps, Max Supported Rx Link speed: 866Mbps, Frequency: 5745MHz, Net ID: -1, Metered hint: false, score: 100, isUsable: true, CarrierMerged: false, SubscriptionId: -1, IsPrimary: -1, Trusted: true, Restricted: false, Ephemeral: false, OEM paid: false, OEM private: false, OSU AP: false, FQDN: <none>, Provider friendly name: <none>, Requesting package name: <none><none>MLO Information: , Is TID-To-Link negotiation supported by the AP: false, AP MLD Address: <none>, AP MLO Link Id: <none>, AP MLO Affiliated links: <none>, Vendor Data: <none>> SignalStrength: -69 UnderlyingNetworks: Null] (DefaultNetworkCallback%onCapabilitiesChanged:76)
07-11 09:49:48.075  3049  4015 W SHANNON_IMS: 7749 [CONN] NetworkSpecifier and TransportInfo are not valid (DefaultNetworkCallback%updateSubscriptionId:121)
07-11 09:49:48.075  3049  4015 I SHANNON_IMS: 7750 [CONN] network:125 WIFI connected, subId: -1 [SLID:0] (DefaultNetworkCallback%onCapabilitiesChanged:76)
07-11 09:49:48.075 17557 17999 I NullBinder: NullBinder for android.net.action.RECOMMEND_NETWORKS triggering remote TransactionTooLargeException due to Service without Chimera impl, calling uid: 1000, calling pid: 0
07-11 09:49:48.076 17557 17999 W libbinder.Binder: Large reply transaction of 1056768 bytes, interface descriptor , code 1, flags 17
07-11 09:49:48.072  3807  3898 D DeviceStateHelper: Wifi freq: 5745
07-11 09:49:48.081  1880  2747 D BackgroundInstallControlService: Package event received: 0
07-11 09:49:48.077  3807  3918 I WifiSignalInfo: onCapabilitiesChanged: rssi:-69
07-11 09:49:48.082  3807  3905 D ImsPreconditionCheck: {subId=1} handleMessage: { when=-1ms what=16 target=eja async=false heapIndex=-1 }
07-11 09:49:48.082  3807  3905 D ImsPreconditionCheck: {subId=1} onWifiCapabilitiesChanged: wifiNetworkValidated: true
07-11 09:49:48.086 11863 11959 D HTTPDNS : Network onCapabilitiesChanged(125)
07-11 09:49:48.088  1880  2699 E libbinder.IPCThreadState: Binder transaction failure. id: 100470628, cmd: BR_FAILED_REPLY (29201), error: -28 (No space left on device - Binder buffer full. Too many or too large transactions.)
07-11 09:49:48.088  1880  2699 W ActivityManager: pid 1880 system sent binder code 1 with flags 1 and got error -2147483646
07-11 09:49:48.088  1880  2699 D ActivityManager: Too many transaction errors, throttling transaction error callback.
07-11 09:49:48.088  1880  2699 E JavaBinder: !!! FAILED BINDER TRANSACTION !!!  (parcel size = 1132)
07-11 09:49:48.089  1880  2699 E ConnectivityService: RemoteException caught trying to send a callback msg for NetworkRequest [ TRACK_DEFAULT id=21789, [ Capabilities: INTERNET&NOT_RESTRICTED&TRUSTED&NOT_VCN_MANAGED&NOT_BANDWIDTH_CONSTRAINED Uid: 10333 RequestorUid: 10333 RequestorPkg: com.tencent.mm UnderlyingNetworks: Null] ]
07-11 09:49:48.089  1880  2699 E libbinder.IPCThreadState: Binder transaction failure. id: 100470632, cmd: BR_FAILED_REPLY (29201), error: -28 (No space left on device - Binder buffer full. Too many or too large transactions.)
07-11 09:49:48.089  1880  2699 W ActivityManager: pid 1880 system sent binder code 1 with flags 1 and got error -2147483646
07-11 09:49:48.089  1880  2699 D ActivityManager: Too many transaction errors, throttling transaction error callback.
07-11 09:49:48.089  1880  2699 E JavaBinder: !!! FAILED BINDER TRANSACTION !!!  (parcel size = 1120)
07-11 09:49:48.089  1880  2699 E ConnectivityService: RemoteException caught trying to send a callback msg for NetworkRequest [ LISTEN id=21791, [ Capabilities: INTERNET&NOT_RESTRICTED&TRUSTED&NOT_VCN_MANAGED&NOT_BANDWIDTH_CONSTRAINED Uid: 10333 RequestorUid: 10333 RequestorPkg: com.tencent.mm UnderlyingNetworks: Null] ]
07-11 09:49:48.090 17545 17545 I Wildlife_WildlifeVpnReceiver: ACTION_WIFI_STATE_CHANGED
07-11 09:49:48.090 17545 17545 I Wildlife_WildlifeCobaltEventLoggerImpl: SysUI wifi state changed event logged
07-11 09:49:48.092 17557 17557 I MagicTether: (REDACTED) [ActiveNetworkTracker] setActiveNetwork: %s
07-11 09:49:48.092 17557 17557 I MagicTether: (REDACTED) [TetherService] onActiveNetworkChanged: network=%s isLost=%s
07-11 09:49:48.093 17557 11226 I MagicTether: [WifiConnectionHandler] Ignoring getWifiConfigurationByNetworkId when checking connected state [CONTEXT service_id=276 ]
07-11 09:49:48.093 17557 11226 I MagicTether: [WifiConnectionHandler] No networkId set, can't be connected. [CONTEXT service_id=276 ]
07-11 09:49:48.096 17557 11226 I MagicTether: (REDACTED) [TetherService] TRANSPORT_CELLULAR [%s], TRANSPORT_ETHERNET [%s], TRANSPORT_WIFI [%s]
07-11 09:49:48.097 17557 11226 I MagicTether: (REDACTED) [TetherService] setRoles hasActiveNetworkConnection=%s canActiveNetworkBeTethered=%s isConnectedToInstantTether=%s isWifiEnabled=%s isHosting=%s
07-11 09:49:48.090 17545 17545 I Wildlife_WildlifeVpnManagerImpl: restoreSettingsFromBackupIfNecessary() false, true, false
07-11 09:49:48.100 17545 17545 I Wildlife_OpenWifiNudgeManagerImpl: wifiStateChangedFuture
07-11 09:49:48.100 17545 10586 I Wildlife_OpenWifiNudgeManagerImpl: handleWifiStateChanged(): consumer is not active
07-11 09:49:48.100 16683 16774 I BugleRcsEngine: handleMessage processing message:[NOTIFY_UPTIME_IGNORE_STATE_CHANGED] with [non-null]:RcsEngineImpl reference [CONTEXT log_prefix="RcsEngineImpl[DUAL_REG]:[5e41f6bd-fcc7]>Handler" thread_id=99 ]
07-11 09:49:48.101  1632  1632 D AOC     : CHRE: DRAM vote count begins
07-11 09:49:48.101  1632  1632 D AOC     : CHRE: DRAM vote count ends: 0 ms
07-11 09:49:48.102  1632  1632 D AOC     : CHRE: DRAM vote count begins
07-11 09:49:48.102  1632  1632 D AOC     : CHRE: DRAM vote count ends: 0 ms
07-11 09:49:48.102  1632  1632 D AOC     : CHRE: DRAM vote count begins
07-11 09:49:48.102  1632  1632 D AOC     : CHRE: DRAM vote count ends: 0 ms
07-11 09:49:48.102  3992 30190 I CobaltLoggerImpl: (REDACTED) Logging Cobalt occurrence for metric %d-%d-%d, with count %d and event vector %s, for caller: %s
07-11 09:49:48.102  1421  1457 D CHRE    : @ 751609.826: Parsed nanoapp message from host: app ID 0x476f6f676c00100b endpoint 0x3d msgType 112 payload size 14
07-11 09:49:48.102 17557 17557 I MagicTether: (REDACTED) [LaunchUtils] Instant Wifi for status account: name: %s | type: %s | isLaunched: %s
07-11 09:49:48.102  3992 30190 I CobaltLoggerImpl: (REDACTED) Loaded Cobalt registry contains metric: %d-%d-%d
07-11 09:49:48.102 17557 17557 I MagicTether: (REDACTED) [TidepoolFeatureStatusManager] isInstantHotspotEnabled=%s
07-11 09:49:48.103 17557 17557 I MagicTether: (REDACTED) [TidepoolFeatureStatusManager] isInstantWifiEnabled=%s
07-11 09:49:48.103  1421  1457 I CHRE    : @ 751609.827: [NanoMinion] received MSG Type 0x70, Version 1, 10 bytes
07-11 09:49:48.103 17557 17557 I MagicTether: (REDACTED) [TetherService] startNearbyClientRole: start: %s isInstantHotspotEnabled: %s isInstantWifiEnabled: %s
07-11 09:49:48.103  1421  1457 I CHRE    : @ 751609.827: [AR] context-signal: has_bt=0, bt=0, has_wifi=1, wifi=1
07-11 09:49:48.103 17557 17557 I MagicTether: [TetherService] Stopping Nearby client role [CONTEXT service_id=276 ]
07-11 09:49:48.103 17557 17557 I MagicTether: [ClientTetherRole] Client role already stopped [CONTEXT service_id=276 ]
07-11 09:49:48.104 17557 17557 I MagicTether: (REDACTED) [LaunchUtils] Instant Wifi for status account: name: %s | type: %s | isLaunched: %s
07-11 09:49:48.104 17557 17557 I MagicTether: (REDACTED) [TidepoolFeatureStatusManager] isInstantHotspotEnabled=%s
07-11 09:49:48.104 17557 17557 I MagicTether: (REDACTED) [TidepoolFeatureStatusManager] isInstantWifiEnabled=%s
07-11 09:49:48.104 17557 17557 I MagicTether: (REDACTED) [TetherService] startNearbyHostRole: start: %s isInstantHotspotEnabled: %s isInstantWifiEnabled: %s
07-11 09:49:48.104 17557 17557 I MagicTether: (REDACTED) [TidepoolFeatureStatusManager] isInstantHotspotEnabled=%s
07-11 09:49:48.104 17557 17557 I MagicTether: [HostTetherRole] Nearby host role already started [CONTEXT service_id=276 ]
07-11 09:49:48.107 16683 16769 I BugleRcsEngine: Connected state: [1], networkType: [WIFI] [CONTEXT thread_id=95 ]
07-11 09:49:48.113  1880  2747 D BackgroundInstallControlService: Package event received: 0
07-11 09:49:48.114  1880  2699 D ConnectivityService: NetReassign [no changes] [c 0] [a 3] [i 3]
07-11 09:49:48.117 17557 11644 I NearbyMediums: Wifi changed new SSID: "shufang_5G"
07-11 09:49:48.117 17557 11644 I NearbyMediums: WifiLanConnectivityInfo is not changed, skip notify.
07-11 09:49:48.363  2247  2253 I pixel-thermal: VIRTUAL-SKIN-CPU-LIGHT-ODPM:36.2937 raw data: VIRTUAL-SKIN:36293.7 VIRTUAL-SKIN-CPU-LIGHT-ODPM:36293.7 VIRTUAL-SKIN-SUB-0:35589.2 VIRTUAL-SKIN-SUB-1:36179 VIRTUAL-SKIN-SUB-2:34869 VIRTUAL-SKIN-SUB-3:36293.7 VIRTUAL-SKIN-SUB-4:34364.6 VIRTUAL-SKIN-SUB-5:35407.8 VIRTUAL-SKIN-SUB-6:35811.7 VIRTUAL-SKIN-SUB-7:34711 VIRTUAL-SKIN-SUB-8:35331.2 battery:35500 cam_therm:36424 charge_therm:40075 disp_therm:36424 neutral_therm:37738 north_therm:36113 quiet_therm:35022 soc_therm:39407 usb_pwr_therm:35690 
07-11 09:49:48.364  2247  2253 I pixel-thermal: VIRTUAL-SKIN-CPU-LIGHT-ODPM power_budget=1976.87 err=2.70631 s_power=800 time_elapsed_ms=7015 p=1082.52 i=94.3456 d=0 dt_per_min=nan compensation=0 budget transient=0 control target=2 excluded power budget=0
07-11 09:49:48.364  2247  2253 I pixel-thermal: VIRTUAL-SKIN-CPU-LIGHT-ODPM binded power rails: (S4M_VDD_CPUCL0: 193.17 mW)(S2M_VDD_CPUCL2: 8.91 mW)(S3M_VDD_CPUCL1: 25.16 mW)
07-11 09:49:48.364  2247  2253 I pixel-thermal: cellular-emergency:36.2937 raw data: VIRTUAL-SKIN:36293.7 cellular-emergency:36293.7 
07-11 09:49:48.364  2247  2253 I pixel-thermal: VIRTUAL-SKIN-CPU-MID:36.2937 raw data: VIRTUAL-SKIN:36293.7 VIRTUAL-SKIN-CPU-MID:36293.7 
07-11 09:49:48.365  2247  2253 I pixel-thermal: VIRTUAL-SKIN-HINT:36.2937 raw data: VIRTUAL-SKIN:36293.7 VIRTUAL-SKIN-HINT:36293.7 
07-11 09:49:48.365  2247  2253 I pixel-thermal: VIRTUAL-SKIN-CPU-HIGH:36.2937 raw data: VIRTUAL-SKIN:36293.7 VIRTUAL-SKIN-CPU-HIGH:36293.7 
07-11 09:49:48.365  2247  2253 I pixel-thermal: VIRTUAL-SKIN-SOC:36.2937 raw data: VIRTUAL-SKIN:36293.7 VIRTUAL-SKIN-SOC:36293.7 
07-11 09:49:48.365  2247  2253 I pixel-thermal: VIRTUAL-SKIN-SOC power_budget=3411.89 err=8.70631 s_power=800 time_elapsed_ms=7015 p=2611.89 i=0 d=0 dt_per_min=nan compensation=0 budget transient=0 control target=3 excluded power budget=0
07-11 09:49:48.365  2247  2253 I pixel-thermal: VIRTUAL-SKIN-SOC binded power rails: (S4M_VDD_CPUCL0: 193.17 mW)(S2M_VDD_CPUCL2: 8.91 mW)(S3M_VDD_CPUCL1: 25.16 mW)(S2S_VDD_G3D: 63.21 mW)(S7M_VDD_TPU: 0.00 mW)
07-11 09:49:48.365  2247  2253 I pixel-thermal: VIRTUAL-SKIN:36.2937 raw data: VIRTUAL-SKIN:36293.7 
07-11 09:49:48.366  2247  2253 I pixel-thermal: VIRTUAL-SKIN-GPU:36.2937 raw data: VIRTUAL-SKIN:36293.7 VIRTUAL-SKIN-GPU:36293.7 
07-11 09:49:48.366  2247  2253 I pixel-thermal: VIRTUAL-SKIN-SPEAKER:32.7385 raw data: VIRTUAL-SKIN-SPEAKER:32738.5 VIRTUAL-SKIN-SPEAKER-SUB-0:31719.8 VIRTUAL-SKIN-SPEAKER-SUB-1:32554.4 VIRTUAL-SKIN-SPEAKER-SUB-2:32738.5 VIRTUAL-SKIN-SPEAKER-SUB-3:32655.6 battery:35500 cam_therm:36424 charge_therm:40075 disp_therm:36424 neutral_therm:37738 north_therm:36113 quiet_therm:35022 soc_therm:39407 usb_pwr_therm:35690 
07-11 09:49:48.368  2247  2253 I pixel-thermal: VIRTUAL-SKIN-CHARGE-WIRED:36.0623 raw data: NO_WLC:1 VIRTUAL-SKIN-CHARGE:36062.3 VIRTUAL-SKIN-CHARGE-SUB-0:35873.4 VIRTUAL-SKIN-CHARGE-SUB-1:35172.7 VIRTUAL-SKIN-CHARGE-SUB-2:35134.6 VIRTUAL-SKIN-CHARGE-SUB-3:35360.6 VIRTUAL-SKIN-CHARGE-SUB-4:35749.4 VIRTUAL-SKIN-CHARGE-SUB-5:36062.3 VIRTUAL-SKIN-CHARGE-SUB-6:35203.6 VIRTUAL-SKIN-CHARGE-WIRED:36062.3 WLC_CHECK:1 battery:35500 cam_therm:36424 charge_therm:40075 disp_therm:36424 neutral_therm:37738 north_therm:36113 quiet_therm:35022 soc_therm:39407 thb_hda:54 usb_pwr_therm:35690 
07-11 09:49:48.368  2247  2253 I pixel-thermal: VIRTUAL-SKIN-CHARGE-WIRED power_budget=3579.56 err=1.9377 s_power=2404 time_elapsed_ms=7015 p=195.708 i=1099 d=0 dt_per_min=nan compensation=0 budget transient=0 control target=2 excluded power budget=119.145 (PARTIAL_SYSTEM_POWER: 1191.45 mW, cdev_weight: 0.100000)
07-11 09:49:48.368  2247  2253 I pixel-thermal: VIRTUAL-SKIN-CHARGE-PERSIST:36.0623 raw data: VIRTUAL-SKIN-CHARGE:36062.3 VIRTUAL-SKIN-CHARGE-PERSIST:36062.3 
07-11 09:49:48.368  2247  2253 I pixel-thermal: VIRTUAL-SKIN-CHARGE-PERSIST power_budget=3751.15 err=4.9377 s_power=2066 time_elapsed_ms=7015 p=809.783 i=1066 d=0 dt_per_min=nan compensation=0 budget transient=0 control target=2 excluded power budget=190.632 (PARTIAL_SYSTEM_POWER: 1191.45 mW, cdev_weight: 0.160000)
07-11 09:49:48.470  2247  2253 I pixel-thermal: usb_pwr_therm:35.69 raw data: usb_pwr_therm:35690 
07-11 09:49:48.471  2247  2253 I pixel-thermal: VIRTUAL-USB-THROTTLING:1 raw data: USB-MINUS-NEUTRAL:-2048 USB-MINUS-QUIET:668 USB_QUIET_RFFE:665.459 VIRTUAL-USB-THROTTLING:1 VIRTUAL-USB-THROTTLING-SUB0:0 VSYS_PWR_RFFE:0.317576 neutral_therm:37738 quiet_therm:35022 usb_pwr_therm:35690 
07-11 09:49:48.549 11863 15093 I FileLockLib: [11863]file 94 unlocked. fl.pid=0
07-11 09:49:48.601 17557 11644 I NearbySharing: Network state changed: NetworkState(isRestricted=false, isOnline=true, isCongested=false, isMetered=false, isWifiConnected=true)
07-11 09:49:48.610 17557 11644 I NearbySharing: Network state changed: NetworkState(isRestricted=false, isOnline=true, isCongested=false, isMetered=false, isWifiConnected=true)
07-11 09:49:49.068  2247  2253 I pixel-thermal: disp_therm:36.424 raw data: disp_therm:36424 
07-11 09:49:49.069  2247  2253 I pixel-thermal: VIRTUAL-USB-UI:1 raw data: USB-MINUS-NEUTRAL:-2048 USB-MINUS-QUIET:668 USB_QUIET_RFFE:665.459 VIRTUAL-USB-UI:1 VIRTUAL-USB-UI-SUB0:0 usb_pwr_therm:35690 
07-11 09:49:49.071  2247  2253 I pixel-thermal: cam_therm:36.424 raw data: cam_therm:36424 
07-11 09:49:49.678  1880  2699 D InetDiagMessage: Destroyed 0 sockets, proto=IPPROTO_TCP, family=AF_INET, states=14
07-11 09:49:49.680  1880  2699 D InetDiagMessage: Destroyed 0 sockets, proto=IPPROTO_TCP, family=AF_INET6, states=14
07-11 09:49:49.680  1880  2699 D InetDiagMessage: Destroyed live tcp sockets for uids={10154} in 11ms
07-11 09:49:49.683  1880  2699 D InetDiagMessage: Destroyed 0 sockets, proto=IPPROTO_TCP, family=AF_INET, states=14
07-11 09:49:49.685  1880  2699 D InetDiagMessage: Destroyed 0 sockets, proto=IPPROTO_TCP, family=AF_INET6, states=14
07-11 09:49:49.686  1880  2699 D InetDiagMessage: Destroyed live tcp sockets for uids={20154} in 5ms
07-11 09:49:50.266  2247  2253 I pixel-thermal: neutral_therm:37.738 raw data: neutral_therm:37738 
07-11 09:49:50.266  2247  2253 I pixel-thermal: north_therm:36.113 raw data: north_therm:36113 
07-11 09:49:50.266  2247  2253 I pixel-thermal: Power rails total power: 1209.85 mW for 60016 ms
07-11 09:49:50.267  2247  2253 I pixel-thermal: Power rails [VSYS_PWR_MODEM: 24.36 mW] [S6S_LLDO2: 24.98 mW] [S8M_LLDO2: 68.39 mW] [S7M_VDD_TPU: 0.00 mW] [S6M_LLDO1: 120.70 mW] [S4M_VDD_CPUCL0: 183.37 mW] 
07-11 09:49:50.267  2247  2253 I pixel-thermal: Power rails [S2M_VDD_CPUCL2: 52.23 mW] [S1M_VDD_MIF: 96.51 mW] [S9M_VDD_CPUCL0_M: 26.12 mW] [L21S_VDD2L_MEM: 3.90 mW] [VSYS_PWR_DISPLAY: 199.52 mW] [L22M_DISP: 54.78 mW] 
07-11 09:49:50.267  2247  2253 I pixel-thermal: Power rails [VSYS_PWR_RFFE: 0.47 mW] [VSYS_PWR_WLAN_BT: 52.90 mW] [S5M_VDD_INT: 34.11 mW] [S9S_VDD_AOC: 14.37 mW] [S4S_VDD2H_MEM: 72.34 mW] [S3M_VDD_CPUCL1: 34.18 mW] 
07-11 09:49:50.267  2247  2253 I pixel-thermal: Power rails [L2S_PLL_MIPI_UFS: 36.17 mW] [S1S_VDD_CAM: 22.03 mW] [S2S_VDD_G3D: 61.00 mW] [S12S_VDD_AUR: 3.61 mW] [S5S_VDDQ_MEM: 9.06 mW] [S8S_VDD_G3D_L2: 14.77 mW] 
07-11 09:49:50.267  2247  2253 I pixel-thermal: CDEV log gxp-cooling state:0 tpu_cooling state:0 usbc-port state:0 thermal-cpufreq-1 state:0 chg_mdis state:0 thermal-gpufreq-0 state:0 thermal-cpufreq-2 state:0 thermal-cpufreq-0 state:0 
07-11 09:49:51.069  1499  2770 I WifiHAL : Creating message to get link statistics; iface = 48
07-11 09:49:51.168  1499  1548 I WifiHAL : Getting cached scan results, iface handle = 0xb400006ec4f08d50
07-11 09:49:51.168  1499  1548 E WifiHAL : Creating message to get cached scan results
07-11 09:49:51.181  1499  1548 I WifiHAL : In GetCachedScanResultsCommand::handleResponse
07-11 09:49:51.243  1499  1548 D WifiHAL : Start debug command: mType GET_FEATURE
07-11 09:49:51.244  1499  1548 I WifiHAL : CreateRequest mType = GET_FEATURE
07-11 09:49:51.244  1499  1548 D WifiHAL : In DebugCommand::handleResponse, mType:GET_FEATURE
07-11 09:49:51.244  1499  1548 D WifiHAL : len = 4, expected len = 4
07-11 09:49:52.234 17557 11644 I NearbyMediums: No BLE Fast/GATT advertisements found in the latest cycle.
07-11 09:49:52.240 17557 11644 I NearbyMediums: Current Tracked Scanning Clients are : {NearbyConnections.EnvironmentMonitor, NearbySharing, NearbyConnections.TxAdvertisement}
07-11 09:49:53.532  1880  2545 D ActivityManager: freezing 7404 com.google.android.apps.turbo
07-11 09:49:53.539  2975  3236 D TemperatureStateSource: sequence=52951 actualDelay=10001
07-11 09:49:53.540  2975  3236 D TemperatureStateSource: Reading temperature: sequence=52952
07-11 09:49:53.549  2247  2247 I pixel-thermal: VIRTUAL-SKIN:36.3046 raw data: VIRTUAL-SKIN:36304.6 VIRTUAL-SKIN-SUB-0:35624 VIRTUAL-SKIN-SUB-1:36181.8 VIRTUAL-SKIN-SUB-2:34957.9 VIRTUAL-SKIN-SUB-3:36304.6 VIRTUAL-SKIN-SUB-4:34403 VIRTUAL-SKIN-SUB-5:35409.1 VIRTUAL-SKIN-SUB-6:35771.8 VIRTUAL-SKIN-SUB-7:34744.4 VIRTUAL-SKIN-SUB-8:35385.6 battery:35700 cam_therm:36447 charge_therm:39964 disp_therm:36469 neutral_therm:37738 north_therm:36157 quiet_therm:35067 soc_therm:39296 usb_pwr_therm:35668 
07-11 09:49:53.549  1880  2699 D InetDiagMessage: Destroyed 0 sockets, proto=IPPROTO_TCP, family=AF_INET, states=14
07-11 09:49:53.550  2975  3236 D TemperatureStateSource: getDeviceTemperatures: sequence=52952 deviceTemperatureType=3 temperatureSource=0 temperatures=[36.304596]
07-11 09:49:53.550  2975  3236 D BusinessScope: Enqueuing the block
07-11 09:49:53.550  2975  3236 D TemperatureStateSource: sequence=52952 waitTime=10000
07-11 09:49:53.550  2975  4119 D BusinessScope: Start running the #106133 block
07-11 09:49:53.551  2975  4119 D BusinessScope: Enqueuing the block
07-11 09:49:53.551  2975  4119 D ImpulseStateSource: Notify clients: 53061
07-11 09:49:53.551  2975  4119 D BusinessScope: Finish running the #106133 block
07-11 09:49:53.552  2975  4119 D BusinessScope: Start running the #106134 block
07-11 09:49:53.553  2975  4119 D BusinessScope: Finish running the #106134 block
07-11 09:49:53.557  1880  2699 D InetDiagMessage: Destroyed 0 sockets, proto=IPPROTO_TCP, family=AF_INET6, states=14
07-11 09:49:53.557  1880  2699 D InetDiagMessage: Destroyed live tcp sockets for uids={10115} in 13ms
07-11 09:49:53.933  8056  8722 I BluetoothAdapterProperties: getBondedDevices: length=0
07-11 09:49:53.940  8056  8722 I BluetoothAdapterProperties: getBondedDevices: length=0
07-11 09:49:54.253  1499  1548 I WifiHAL : Creating message to get link statistics; iface = 48
07-11 09:49:54.364  1499  2770 I WifiHAL : Getting cached scan results, iface handle = 0xb400006ec4f08d50
07-11 09:49:54.364  1499  2770 E WifiHAL : Creating message to get cached scan results
07-11 09:49:54.376  1499  2770 I WifiHAL : In GetCachedScanResultsCommand::handleResponse
07-11 09:49:54.376  1499  2770 E libbinder.IPCThreadState: binder thread pool (1 threads) starved for 123 ms
07-11 09:49:54.443  1499  2770 D WifiHAL : Start debug command: mType GET_FEATURE
07-11 09:49:54.444  1499  2770 I WifiHAL : CreateRequest mType = GET_FEATURE
07-11 09:49:54.444  1499  2770 D WifiHAL : In DebugCommand::handleResponse, mType:GET_FEATURE
07-11 09:49:54.444  1499  2770 D WifiHAL : len = 4, expected len = 4
07-11 09:49:54.658  1880  2545 D ActivityManager: freezing 3529 com.google.android.euicc
07-11 09:49:54.667  1880  2699 D InetDiagMessage: Destroyed 0 sockets, proto=IPPROTO_TCP, family=AF_INET, states=14
07-11 09:49:54.669  1880  2699 D InetDiagMessage: Destroyed 0 sockets, proto=IPPROTO_TCP, family=AF_INET6, states=14
07-11 09:49:54.669  1880  2699 D InetDiagMessage: Destroyed live tcp sockets for uids={10154} in 6ms
07-11 09:49:55.350 17557 11226 I .gms.persistent: Explicit concurrent mark compact GC freed 10144KB AllocSpace bytes, 6(192KB) LOS objects, 50% free, 25MB/50MB, paused 759us,2.895ms total 319.984ms
07-11 09:49:55.374  2247  2253 I pixel-thermal: VIRTUAL-SKIN-CPU-LIGHT-ODPM:36.3046 raw data: VIRTUAL-SKIN:36304.6 VIRTUAL-SKIN-CPU-LIGHT-ODPM:36304.6 
07-11 09:49:55.374  2247  2253 I pixel-thermal: VIRTUAL-SKIN-CPU-LIGHT-ODPM power_budget=1972.51 err=2.6954 s_power=800 time_elapsed_ms=7016 p=1078.16 i=94.3456 d=-0 dt_per_min=nan compensation=0 budget transient=0 control target=2 excluded power budget=0
07-11 09:49:55.375  2247  2253 I pixel-thermal: VIRTUAL-SKIN-CPU-LIGHT-ODPM binded power rails: (S4M_VDD_CPUCL0: 165.78 mW)(S2M_VDD_CPUCL2: 7.30 mW)(S3M_VDD_CPUCL1: 20.97 mW)
07-11 09:49:55.375  2247  2253 I pixel-thermal: cellular-emergency:36.3046 raw data: VIRTUAL-SKIN:36304.6 cellular-emergency:36304.6 
07-11 09:49:55.376  2247  2253 I pixel-thermal: VIRTUAL-SKIN-CPU-MID:36.3046 raw data: VIRTUAL-SKIN:36304.6 VIRTUAL-SKIN-CPU-MID:36304.6 
07-11 09:49:55.376  2247  2253 I pixel-thermal: VIRTUAL-SKIN-HINT:36.3046 raw data: VIRTUAL-SKIN:36304.6 VIRTUAL-SKIN-HINT:36304.6 
07-11 09:49:55.376  2247  2253 I pixel-thermal: VIRTUAL-SKIN-CPU-HIGH:36.3046 raw data: VIRTUAL-SKIN:36304.6 VIRTUAL-SKIN-CPU-HIGH:36304.6 
07-11 09:49:55.376  2247  2253 I pixel-thermal: VIRTUAL-SKIN-SOC:36.3046 raw data: VIRTUAL-SKIN:36304.6 VIRTUAL-SKIN-SOC:36304.6 
07-11 09:49:55.376  2247  2253 I pixel-thermal: VIRTUAL-SKIN-SOC power_budget=3408.62 err=8.6954 s_power=800 time_elapsed_ms=7016 p=2608.62 i=0 d=-0 dt_per_min=nan compensation=0 budget transient=0 control target=3 excluded power budget=0
07-11 09:49:55.376  2247  2253 I pixel-thermal: VIRTUAL-SKIN-SOC binded power rails: (S4M_VDD_CPUCL0: 165.78 mW)(S2M_VDD_CPUCL2: 7.30 mW)(S3M_VDD_CPUCL1: 20.97 mW)(S2S_VDD_G3D: 63.53 mW)(S7M_VDD_TPU: 0.00 mW)
07-11 09:49:55.377  2247  2253 I pixel-thermal: VIRTUAL-SKIN:36.3046 raw data: VIRTUAL-SKIN:36304.6 
