07-11 09:49:55.377  2247  2253 I pixel-thermal: VIRTUAL-SKIN-GPU:36.3046 raw data: VIRTUAL-SKIN:36304.6 VIRTUAL-SKIN-GPU:36304.6 
07-11 09:49:55.377  2247  2253 I pixel-thermal: VIRTUAL-SKIN-SPEAKER:32.8073 raw data: VIRTUAL-SKIN-SPEAKER:32807.3 VIRTUAL-SKIN-SPEAKER-SUB-0:31773.8 VIRTUAL-SKIN-SPEAKER-SUB-1:32597.2 VIRTUAL-SKIN-SPEAKER-SUB-2:32807.3 VIRTUAL-SKIN-SPEAKER-SUB-3:32733.7 battery:35700 cam_therm:36447 charge_therm:39964 disp_therm:36469 neutral_therm:37738 north_therm:36157 quiet_therm:35067 soc_therm:39296 usb_pwr_therm:35668 
07-11 09:49:55.379  2247  2253 I pixel-thermal: VIRTUAL-SKIN-CHARGE-WIRED:36.0476 raw data: NO_WLC:1 VIRTUAL-SKIN-CHARGE:36047.6 VIRTUAL-SKIN-CHARGE-SUB-0:35894.6 VIRTUAL-SKIN-CHARGE-SUB-1:35155.2 VIRTUAL-SKIN-CHARGE-SUB-2:35156.8 VIRTUAL-SKIN-CHARGE-SUB-3:35408.7 VIRTUAL-SKIN-CHARGE-SUB-4:35807.9 VIRTUAL-SKIN-CHARGE-SUB-5:36047.6 VIRTUAL-SKIN-CHARGE-SUB-6:35185.7 VIRTUAL-SKIN-CHARGE-WIRED:36047.6 WLC_CHECK:1 battery:35700 cam_therm:36447 charge_therm:39964 disp_therm:36469 neutral_therm:37738 north_therm:36157 quiet_therm:35067 soc_therm:39296 thb_hda:54 usb_pwr_therm:35668 
07-11 09:49:55.379  2247  2253 I pixel-thermal: VIRTUAL-SKIN-CHARGE-WIRED power_budget=3580.62 err=1.9524 s_power=2404 time_elapsed_ms=7016 p=197.192 i=1099 d=0 dt_per_min=nan compensation=0 budget transient=0 control target=2 excluded power budget=119.575 (PARTIAL_SYSTEM_POWER: 1195.75 mW, cdev_weight: 0.100000)
07-11 09:49:55.380  2247  2253 I pixel-thermal: VIRTUAL-SKIN-CHARGE-PERSIST:36.0476 raw data: VIRTUAL-SKIN-CHARGE:36047.6 VIRTUAL-SKIN-CHARGE-PERSIST:36047.6 
07-11 09:49:55.380  2247  2253 I pixel-thermal: VIRTUAL-SKIN-CHARGE-PERSIST power_budget=3752.87 err=4.9524 s_power=2066 time_elapsed_ms=7016 p=812.193 i=1066 d=0 dt_per_min=nan compensation=0 budget transient=0 control target=2 excluded power budget=191.32 (PARTIAL_SYSTEM_POWER: 1195.75 mW, cdev_weight: 0.160000)
07-11 09:49:55.485  2247  2253 I pixel-thermal: usb_pwr_therm:35.668 raw data: usb_pwr_therm:35668 
07-11 09:49:55.485  2247  2253 I pixel-thermal: VIRTUAL-USB-THROTTLING:1 raw data: USB-MINUS-NEUTRAL:-2070 USB-MINUS-QUIET:601 USB_QUIET_RFFE:598.717 VIRTUAL-USB-THROTTLING:1 VIRTUAL-USB-THROTTLING-SUB0:0 VSYS_PWR_RFFE:0.285317 neutral_therm:37738 quiet_therm:35067 usb_pwr_therm:35668 
07-11 09:49:55.569  2247  2253 I pixel-thermal: charge_therm:39.964 raw data: charge_therm:39964 
07-11 09:49:56.083  2247  2253 I pixel-thermal: disp_therm:36.469 raw data: disp_therm:36469 
07-11 09:49:56.085  2247  2253 I pixel-thermal: VIRTUAL-USB-UI:1 raw data: USB-MINUS-NEUTRAL:-2070 USB-MINUS-QUIET:601 USB_QUIET_RFFE:598.717 VIRTUAL-USB-UI:1 VIRTUAL-USB-UI-SUB0:0 usb_pwr_therm:35668 
07-11 09:49:56.085  2247  2253 I pixel-thermal: cam_therm:36.447 raw data: cam_therm:36447 
07-11 09:49:57.457  1499  2770 I WifiHAL : Creating message to get link statistics; iface = 48
07-11 09:49:57.592  1499  2770 E libbinder.IPCThreadState: binder thread pool (1 threads) starved for 134 ms
07-11 09:49:57.592  1499  1548 I WifiHAL : Getting cached scan results, iface handle = 0xb400006ec4f08d50
07-11 09:49:57.592  1499  1548 E WifiHAL : Creating message to get cached scan results
07-11 09:49:57.602  1499  1548 I WifiHAL : In GetCachedScanResultsCommand::handleResponse
07-11 09:49:57.656  1499  1548 D WifiHAL : Start debug command: mType GET_FEATURE
07-11 09:49:57.656  1499  1548 I WifiHAL : CreateRequest mType = GET_FEATURE
07-11 09:49:57.656  1499  1548 D WifiHAL : In DebugCommand::handleResponse, mType:GET_FEATURE
07-11 09:49:57.656  1499  1548 D WifiHAL : len = 4, expected len = 4
07-11 09:49:58.116  1880  2545 D ActivityManager: freezing 17545 com.google.android.apps.privacy.wildlife
07-11 09:49:58.130  1880  2699 D InetDiagMessage: Destroyed 0 sockets, proto=IPPROTO_TCP, family=AF_INET, states=14
07-11 09:49:58.132  1880  2699 D InetDiagMessage: Destroyed 0 sockets, proto=IPPROTO_TCP, family=AF_INET6, states=14
07-11 09:49:58.132  1880  2699 D InetDiagMessage: Destroyed live tcp sockets for uids={10142} in 6ms
07-11 09:49:59.274  2247  2253 I pixel-thermal: soc_therm:39.296 raw data: soc_therm:39296 
07-11 09:50:00.504  1631  1631 W TracingMuxer: type=1400 audit(0.0:85099): avc:  denied  { write } for  name="traced_producer" dev="tmpfs" ino=1377 scontext=u:r:gxp_logging:s0 tcontext=u:object_r:traced_producer_socket:s0 tclass=sock_file permissive=0
07-11 09:50:00.665  1499  1548 I WifiHAL : Creating message to get link statistics; iface = 48
07-11 09:50:00.809  1499  2770 I WifiHAL : Getting cached scan results, iface handle = 0xb400006ec4f08d50
07-11 09:50:00.809  1499  2770 E WifiHAL : Creating message to get cached scan results
07-11 09:50:00.819  1499  2770 I WifiHAL : In GetCachedScanResultsCommand::handleResponse
07-11 09:50:00.821  1499  2770 E libbinder.IPCThreadState: binder thread pool (1 threads) starved for 156 ms
07-11 09:50:00.872  1499  2770 D WifiHAL : Start debug command: mType GET_FEATURE
07-11 09:50:00.872  1499  2770 I WifiHAL : CreateRequest mType = GET_FEATURE
07-11 09:50:00.872  1499  2770 D WifiHAL : In DebugCommand::handleResponse, mType:GET_FEATURE
07-11 09:50:00.872  1499  2770 D WifiHAL : len = 4, expected len = 4
07-11 09:50:02.243 17557 11644 I NearbyMediums: No BLE Fast/GATT advertisements found in the latest cycle.
07-11 09:50:02.244 17557 11644 I NearbyMediums: Current Tracked Scanning Clients are : {NearbyConnections.EnvironmentMonitor, NearbySharing, NearbyConnections.TxAdvertisement}
07-11 09:50:02.397  2247  2253 I pixel-thermal: VIRTUAL-SKIN-CPU-LIGHT-ODPM:36.2263 raw data: VIRTUAL-SKIN:36226.2 VIRTUAL-SKIN-CPU-LIGHT-ODPM:36226.2 VIRTUAL-SKIN-SUB-0:35508.6 VIRTUAL-SKIN-SUB-1:36058.4 VIRTUAL-SKIN-SUB-2:34915.7 VIRTUAL-SKIN-SUB-3:36226.2 VIRTUAL-SKIN-SUB-4:34333.8 VIRTUAL-SKIN-SUB-5:35325.4 VIRTUAL-SKIN-SUB-6:35677.4 VIRTUAL-SKIN-SUB-7:34725 VIRTUAL-SKIN-SUB-8:35317.3 battery:35600 cam_therm:36380 charge_therm:39919 disp_therm:36291 neutral_therm:37760 north_therm:36068 quiet_therm:35089 soc_therm:39096 usb_pwr_therm:35645 
07-11 09:50:02.397  2247  2253 I pixel-thermal: VIRTUAL-SKIN-CPU-LIGHT-ODPM power_budget=2003.84 err=2.77375 s_power=800 time_elapsed_ms=7011 p=1109.5 i=94.3456 d=0 dt_per_min=nan compensation=0 budget transient=0 control target=2 excluded power budget=0
07-11 09:50:02.397  2247  2253 I pixel-thermal: VIRTUAL-SKIN-CPU-LIGHT-ODPM binded power rails: (S4M_VDD_CPUCL0: 165.10 mW)(S2M_VDD_CPUCL2: 6.40 mW)(S3M_VDD_CPUCL1: 21.39 mW)
07-11 09:50:02.397  2247  2253 I pixel-thermal: cellular-emergency:36.2263 raw data: VIRTUAL-SKIN:36226.2 cellular-emergency:36226.2 
07-11 09:50:02.398  2247  2253 I pixel-thermal: VIRTUAL-SKIN-CPU-MID:36.2263 raw data: VIRTUAL-SKIN:36226.2 VIRTUAL-SKIN-CPU-MID:36226.2 
07-11 09:50:02.398  2247  2253 I pixel-thermal: VIRTUAL-SKIN-HINT:36.2263 raw data: VIRTUAL-SKIN:36226.2 VIRTUAL-SKIN-HINT:36226.2 
07-11 09:50:02.398  2247  2253 I pixel-thermal: VIRTUAL-SKIN-CPU-HIGH:36.2263 raw data: VIRTUAL-SKIN:36226.2 VIRTUAL-SKIN-CPU-HIGH:36226.2 
07-11 09:50:02.398  2247  2253 I pixel-thermal: VIRTUAL-SKIN-SOC:36.2263 raw data: VIRTUAL-SKIN:36226.2 VIRTUAL-SKIN-SOC:36226.2 
07-11 09:50:02.398  2247  2253 I pixel-thermal: VIRTUAL-SKIN-SOC power_budget=3432.12 err=8.77375 s_power=800 time_elapsed_ms=7011 p=2632.12 i=0 d=0 dt_per_min=nan compensation=0 budget transient=0 control target=3 excluded power budget=0
07-11 09:50:02.398  2247  2253 I pixel-thermal: VIRTUAL-SKIN-SOC binded power rails: (S4M_VDD_CPUCL0: 165.10 mW)(S2M_VDD_CPUCL2: 6.40 mW)(S3M_VDD_CPUCL1: 21.39 mW)(S2S_VDD_G3D: 65.52 mW)(S7M_VDD_TPU: 0.00 mW)
07-11 09:50:02.398  2247  2253 I pixel-thermal: VIRTUAL-SKIN:36.2263 raw data: VIRTUAL-SKIN:36226.2 
07-11 09:50:02.399  2247  2253 I pixel-thermal: VIRTUAL-SKIN-GPU:36.2263 raw data: VIRTUAL-SKIN:36226.2 VIRTUAL-SKIN-GPU:36226.2 
07-11 09:50:02.399  2247  2253 I pixel-thermal: VIRTUAL-SKIN-SPEAKER:32.7816 raw data: VIRTUAL-SKIN-SPEAKER:32781.6 VIRTUAL-SKIN-SPEAKER-SUB-0:31664.2 VIRTUAL-SKIN-SPEAKER-SUB-1:32611.2 VIRTUAL-SKIN-SPEAKER-SUB-2:32781.6 VIRTUAL-SKIN-SPEAKER-SUB-3:32689.4 battery:35600 cam_therm:36380 charge_therm:39919 disp_therm:36291 neutral_therm:37760 north_therm:36068 quiet_therm:35089 soc_therm:39096 usb_pwr_therm:35645 
07-11 09:50:02.400  2247  2253 I pixel-thermal: VIRTUAL-SKIN-CHARGE-WIRED:35.9511 raw data: NO_WLC:1 VIRTUAL-SKIN-CHARGE:35951.1 VIRTUAL-SKIN-CHARGE-SUB-0:35797.9 VIRTUAL-SKIN-CHARGE-SUB-1:35026.8 VIRTUAL-SKIN-CHARGE-SUB-2:35095.3 VIRTUAL-SKIN-CHARGE-SUB-3:35352.8 VIRTUAL-SKIN-CHARGE-SUB-4:35739.5 VIRTUAL-SKIN-CHARGE-SUB-5:35951.1 VIRTUAL-SKIN-CHARGE-SUB-6:35003.1 VIRTUAL-SKIN-CHARGE-WIRED:35951.1 WLC_CHECK:1 battery:35600 cam_therm:36380 charge_therm:39919 disp_therm:36291 neutral_therm:37760 north_therm:36068 quiet_therm:35089 soc_therm:39096 thb_hda:54 usb_pwr_therm:35645 
07-11 09:50:02.401  2247  2253 I pixel-thermal: VIRTUAL-SKIN-CHARGE-WIRED power_budget=3591.06 err=2.04889 s_power=2404 time_elapsed_ms=7011 p=206.937 i=1099 d=0 dt_per_min=nan compensation=0 budget transient=0 control target=2 excluded power budget=118.881 (PARTIAL_SYSTEM_POWER: 1188.81 mW, cdev_weight: 0.100000)
07-11 09:50:02.401  2247  2253 I pixel-thermal: VIRTUAL-SKIN-CHARGE-PERSIST:35.9511 raw data: VIRTUAL-SKIN-CHARGE:35951.1 VIRTUAL-SKIN-CHARGE-PERSIST:35951.1 
07-11 09:50:02.401  2247  2253 I pixel-thermal: VIRTUAL-SKIN-CHARGE-PERSIST power_budget=3769.81 err=5.04889 s_power=2066 time_elapsed_ms=7011 p=828.017 i=1066 d=0 dt_per_min=nan compensation=0 budget transient=0 control target=2 excluded power budget=190.209 (PARTIAL_SYSTEM_POWER: 1188.81 mW, cdev_weight: 0.160000)
07-11 09:50:02.506  2247  2253 I pixel-thermal: usb_pwr_therm:35.645 raw data: usb_pwr_therm:35645 
07-11 09:50:02.507  2247  2253 I pixel-thermal: VIRTUAL-USB-THROTTLING:1 raw data: USB-MINUS-NEUTRAL:-2115 USB-MINUS-QUIET:556 USB_QUIET_RFFE:553.21 VIRTUAL-USB-THROTTLING:1 VIRTUAL-USB-THROTTLING-SUB0:0 VSYS_PWR_RFFE:0.348728 neutral_therm:37760 quiet_therm:35089 usb_pwr_therm:35645 
07-11 09:50:03.081  2247  2253 I pixel-thermal: disp_therm:36.291 raw data: disp_therm:36291 
07-11 09:50:03.081  2247  2253 I pixel-thermal: VIRTUAL-USB-UI:1 raw data: USB-MINUS-NEUTRAL:-2115 USB-MINUS-QUIET:556 USB_QUIET_RFFE:553.21 VIRTUAL-USB-UI:1 VIRTUAL-USB-UI-SUB0:0 usb_pwr_therm:35645 
07-11 09:50:03.082  2247  2253 I pixel-thermal: cam_therm:36.38 raw data: cam_therm:36380 
07-11 09:50:03.551  2975  3119 D TemperatureStateSource: sequence=52952 actualDelay=10000
07-11 09:50:03.553  2975  3119 D TemperatureStateSource: Reading temperature: sequence=52953
07-11 09:50:03.555  2247  2247 I pixel-thermal: VIRTUAL-SKIN:36.2263 raw data: VIRTUAL-SKIN:36226.2 
07-11 09:50:03.557  2975  3119 D TemperatureStateSource: getDeviceTemperatures: sequence=52953 deviceTemperatureType=3 temperatureSource=0 temperatures=[36.226254]
07-11 09:50:03.557  2975  3119 D BusinessScope: Enqueuing the block
07-11 09:50:03.557  2975  3119 D TemperatureStateSource: sequence=52953 waitTime=10000
07-11 09:50:03.557  2975  4119 D BusinessScope: Start running the #106135 block
07-11 09:50:03.559  2247  2247 I pixel-thermal: VIRTUAL-SKIN:36.2263 raw data: VIRTUAL-SKIN:36226.2 
07-11 09:50:03.559  2975  4119 I TemperatureStateSource: temperature was set
07-11 09:50:03.560  2975  4119 D BusinessScope: Enqueuing the block
07-11 09:50:03.560  2975  4119 D ImpulseStateSource: Notify clients: 53062
07-11 09:50:03.560  2975  4119 D BusinessScope: Finish running the #106135 block
07-11 09:50:03.560  2975  4119 D BusinessScope: Start running the #106136 block
07-11 09:50:03.561  2975  3236 D ImpulseConnection: bindService: com.google.android.apps.turbo
07-11 09:50:03.567  1880  2747 D BackgroundInstallControlService: Package event received: 0
07-11 09:50:03.572  1880  5110 D ActivityManager: sync unfroze 7404 com.google.android.apps.turbo for 6
07-11 09:50:03.587  1880  2747 D BackgroundInstallControlService: Package event received: 0
07-11 09:50:03.593  1880  5110 W ProcessStats: Tracking association SourceState{b270a77 com.google.android.pixelsystemservice/10252 ImpFg #362307} whose proc state 5 is better than process ProcessState{b214fae com.google.android.apps.turbo/10115 pkg=com.google.android.apps.turbo} proc state 14 (23 skipped)
07-11 09:50:03.596  2975  2975 D ImpulseConnection: onServiceConnected: ComponentInfo{com.google.android.apps.turbo/com.google.android.apps.turbo.adaptiveplatform.impulse.ImpulseClientService} service is null false
07-11 09:50:03.599  2975  3067 D BusinessScope: Finish running the #106136 block
07-11 09:50:03.879  1499  2770 I WifiHAL : Creating message to get link statistics; iface = 48
07-11 09:50:03.972  1499  1548 I WifiHAL : Getting cached scan results, iface handle = 0xb400006ec4f08d50
07-11 09:50:03.973  1499  1548 E WifiHAL : Creating message to get cached scan results
07-11 09:50:03.981  1499  1548 I WifiHAL : In GetCachedScanResultsCommand::handleResponse
07-11 09:50:03.985  1499  1548 E libbinder.IPCThreadState: binder thread pool (1 threads) starved for 105 ms
07-11 09:50:04.041  1499  1548 D WifiHAL : Start debug command: mType GET_FEATURE
07-11 09:50:04.041  1499  1548 I WifiHAL : CreateRequest mType = GET_FEATURE
07-11 09:50:04.041  1499  1548 D WifiHAL : In DebugCommand::handleResponse, mType:GET_FEATURE
07-11 09:50:04.041  1499  1548 D WifiHAL : len = 4, expected len = 4
07-11 09:50:04.055  3390  3519 D IwlanNetworkService: onCapabilitiesChanged: 125
07-11 09:50:04.056  3472  3576 D IwlanNetworkStatusTracker: onCapabilitiesChanged: 125
07-11 09:50:04.057  3472  3576 D IwlanNetworkStatusTracker: OnCapability : Wifi Available already true and validation status unchanged
07-11 09:50:04.057  3472  3576 E IwlanNetworkStatusTracker: Could not get Wifi SSID
07-11 09:50:04.061  3049  4015 W SHANNON_IMS: 7754 [CONN] NetworkSpecifier and TransportInfo are not valid (DefaultNetworkCallback%updateSubscriptionId:121)
07-11 09:50:04.061 17557  9427 I NullBinder: NullBinder for android.net.action.RECOMMEND_NETWORKS triggering remote TransactionTooLargeException due to Service without Chimera impl, calling uid: 1000, calling pid: 0
07-11 09:50:04.061  3049  4015 I SHANNON_IMS: 7755 [CONN] network:125 WIFI connected, subId: -1 [SLID:0] (DefaultNetworkCallback%onCapabilitiesChanged:76)
07-11 09:50:04.061 17557  9427 W libbinder.Binder: Large reply transaction of 1056768 bytes, interface descriptor , code 1, flags 17
07-11 09:50:04.062  3807  3918 I WifiSignalInfo: onCapabilitiesChanged: rssi:-66
07-11 09:50:04.063  3807  3905 D ImsPreconditionCheck: {subId=1} handleMessage: { when=-1ms what=16 target=eja async=false heapIndex=-1 }
07-11 09:50:04.068  3807  3898 D DeviceStateHelper: Wifi freq: 5745
07-11 09:50:04.069  3015  3890 D SHANNON_RCS: 4229 [0][PROX][TELE] onCapabilitiesChanged, Network: 125, NetworkCapabilities: [ Transports: WIFI Capabilities: NOT_METERED&INTERNET&NOT_RESTRICTED&TRUSTED&NOT_VPN&VALIDATED&NOT_ROAMING&FOREGROUND&NOT_CONGESTED&NOT_SUSPENDED&NOT_VCN_MANAGED&NOT_BANDWIDTH_CONSTRAINED LinkUpBandwidth>=19804Kbps LinkDnBandwidth>=38915Kbps TransportInfo: <SSID: <unknown ssid>, BSSID: 02:00:00:00:00:00, MAC: 02:00:00:00:00:00, IP: /192.168.50.159, Security type: 2, Supplicant state: COMPLETED, Wi-Fi standard: 11ac, RSSI: -66, Link speed: 351Mbps, Tx Link speed: 351Mbps, Max Supported Tx Link speed: 866Mbps, Rx Link speed: 468Mbps, Max Supported Rx Link speed: 866Mbps, Frequency: 5745MHz, Net ID: -1, Metered hint: false, score: 100, isUsable: true, CarrierMerged: false, SubscriptionId: -1, IsPrimary: -1, Trusted: true, Restricted: false, Ephemeral: false, OEM paid: false, OEM private: false, OSU AP: false, FQDN: <none>, Provider friendly name: <none>, Requesting package name: <none><none>MLO Information: , Is TID-To-Link negotiation supported by the AP: false, AP MLD Address: <none>, AP MLO Link Id: <none>, AP MLO Affiliated links: <none>, Vendor Data: <none>> SignalStrength: -66 UnderlyingNetworks: Null] (DefaultNetworkCallback%onCapabilitiesChanged:76)
07-11 09:50:04.069  3807  3905 D ImsPreconditionCheck: {subId=1} onWifiCapabilitiesChanged: wifiNetworkValidated: true
07-11 09:50:04.069  3390  3429 D IwlanDataService: onCapabilitiesChanged: 125 [ Transports: WIFI Capabilities: NOT_METERED&INTERNET&NOT_RESTRICTED&TRUSTED&NOT_VPN&VALIDATED&NOT_ROAMING&FOREGROUND&NOT_CONGESTED&NOT_SUSPENDED&NOT_VCN_MANAGED&NOT_BANDWIDTH_CONSTRAINED LinkUpBandwidth>=19804Kbps LinkDnBandwidth>=38915Kbps TransportInfo: <SSID: "shufang_5G", BSSID: 80:37:73:d9:08:40, MAC: 26:e4:72:9b:b0:d2, IP: /192.168.50.159, Security type: 2, Supplicant state: COMPLETED, Wi-Fi standard: 11ac, RSSI: -66, Link speed: 351Mbps, Tx Link speed: 351Mbps, Max Supported Tx Link speed: 866Mbps, Rx Link speed: 468Mbps, Max Supported Rx Link speed: 866Mbps, Frequency: 5745MHz, Net ID: 2, Metered hint: false, score: 100, isUsable: true, CarrierMerged: false, SubscriptionId: -1, IsPrimary: 1, Trusted: true, Restricted: false, Ephemeral: false, OEM paid: false, OEM private: false, OSU AP: false, FQDN: <none>, Provider friendly name: <none>, Requesting package name: <none>"shufang_5G"wpa2-pskMLO Information: , Is TID-To-Link negotiation supported by the AP: false, AP MLD Address: <none>, AP MLO Link Id: <none>, AP MLO Affiliated links: <none>, Vendor Data: <none>> SignalStrength: -66 OwnerUid: 1000 AdminUids: [1000] SSID: "shufang_5G" UnderlyingNetworks: Null]
07-11 09:50:04.071  3390  3429 D IwlanDataService: Network 125 connected using transport WIFI
07-11 09:50:04.071 11863 11959 D HTTPDNS : Network onCapabilitiesChanged(125)
07-11 09:50:04.075 16683 16774 I BugleRcsEngine: handleMessage processing message:[NOTIFY_UPTIME_IGNORE_STATE_CHANGED] with [non-null]:RcsEngineImpl reference [CONTEXT log_prefix="RcsEngineImpl[DUAL_REG]:[5e41f6bd-fcc7]>Handler" thread_id=99 ]
07-11 09:50:04.075 16683 16769 I BugleRcsEngine: Connected state: [1], networkType: [WIFI] [CONTEXT thread_id=95 ]
07-11 09:50:04.078  1880  1961 D ActivityManager: sync unfroze 17545 com.google.android.apps.privacy.wildlife for 3
07-11 09:50:04.080  1880  2747 D BackgroundInstallControlService: Package event received: 0
07-11 09:50:04.080  1880  2699 E libbinder.IPCThreadState: Binder transaction failure. id: 100476111, cmd: BR_FAILED_REPLY (29201), error: -28 (No space left on device - Binder buffer full. Too many or too large transactions.)
07-11 09:50:04.081  1880  2699 W ActivityManager: pid 1880 system sent binder code 1 with flags 1 and got error -2147483646
07-11 09:50:04.081  1880  2699 E JavaBinder: !!! FAILED BINDER TRANSACTION !!!  (parcel size = 1132)
07-11 09:50:04.080 17557 17557 I MagicTether: (REDACTED) [ActiveNetworkTracker] setActiveNetwork: %s
07-11 09:50:04.081  1880  2699 E ConnectivityService: RemoteException caught trying to send a callback msg for NetworkRequest [ TRACK_DEFAULT id=21789, [ Capabilities: INTERNET&NOT_RESTRICTED&TRUSTED&NOT_VCN_MANAGED&NOT_BANDWIDTH_CONSTRAINED Uid: 10333 RequestorUid: 10333 RequestorPkg: com.tencent.mm UnderlyingNetworks: Null] ]
07-11 09:50:04.081  1880  2699 E libbinder.IPCThreadState: Binder transaction failure. id: 100476116, cmd: BR_FAILED_REPLY (29201), error: -28 (No space left on device - Binder buffer full. Too many or too large transactions.)
07-11 09:50:04.081  1880  2699 W ActivityManager: pid 1880 system sent binder code 1 with flags 1 and got error -2147483646
07-11 09:50:04.081  1880  2699 D ActivityManager: Too many transaction errors, throttling transaction error callback.
07-11 09:50:04.081  1880  2699 E JavaBinder: !!! FAILED BINDER TRANSACTION !!!  (parcel size = 1120)
07-11 09:50:04.082  1880  2699 E ConnectivityService: RemoteException caught trying to send a callback msg for NetworkRequest [ LISTEN id=21791, [ Capabilities: INTERNET&NOT_RESTRICTED&TRUSTED&NOT_VCN_MANAGED&NOT_BANDWIDTH_CONSTRAINED Uid: 10333 RequestorUid: 10333 RequestorPkg: com.tencent.mm UnderlyingNetworks: Null] ]
07-11 09:50:04.082 17557 17557 I MagicTether: (REDACTED) [TetherService] onActiveNetworkChanged: network=%s isLost=%s
07-11 09:50:04.084  1632  1632 D AOC     : CHRE: DRAM vote count begins
07-11 09:50:04.085  1632  1632 D AOC     : CHRE: DRAM vote count ends: 0 ms
07-11 09:50:04.085  1632  1632 D AOC     : CHRE: DRAM vote count begins
07-11 09:50:04.085 17557 11226 I MagicTether: [WifiConnectionHandler] Ignoring getWifiConfigurationByNetworkId when checking connected state [CONTEXT service_id=276 ]
07-11 09:50:04.085 17557 11226 I MagicTether: [WifiConnectionHandler] No networkId set, can't be connected. [CONTEXT service_id=276 ]
07-11 09:50:04.086 17557 11226 I MagicTether: (REDACTED) [TetherService] TRANSPORT_CELLULAR [%s], TRANSPORT_ETHERNET [%s], TRANSPORT_WIFI [%s]
07-11 09:50:04.086 17545 17545 I Wildlife_WildlifeVpnReceiver: ACTION_WIFI_STATE_CHANGED
07-11 09:50:04.086 17557 11226 I MagicTether: (REDACTED) [TetherService] setRoles hasActiveNetworkConnection=%s canActiveNetworkBeTethered=%s isConnectedToInstantTether=%s isWifiEnabled=%s isHosting=%s
07-11 09:50:04.086 17545 17545 I Wildlife_WildlifeCobaltEventLoggerImpl: SysUI wifi state changed event logged
07-11 09:50:04.087  1421  1457 D CHRE    : @ 751625.810: Parsed nanoapp message from host: app ID 0x476f6f676c00100b endpoint 0x3d msgType 112 payload size 14
07-11 09:50:04.087 17545 17545 I Wildlife_WildlifeVpnManagerImpl: restoreSettingsFromBackupIfNecessary() false, true, false
07-11 09:50:04.087  1421  1457 I CHRE    : @ 751625.811: [NanoMinion] received MSG Type 0x70, Version 1, 10 bytes
07-11 09:50:04.087  1421  1457 I CHRE    : @ 751625.811: [AR] context-signal: has_bt=0, bt=0, has_wifi=1, wifi=1
07-11 09:50:04.087 17545 17545 I Wildlife_OpenWifiNudgeManagerImpl: wifiStateChangedFuture
07-11 09:50:04.088  1632  1632 D AOC     : CHRE: DRAM vote count ends: 0 ms
07-11 09:50:04.088  1632  1632 D AOC     : CHRE: DRAM vote count begins
07-11 09:50:04.088  1632  1632 D AOC     : CHRE: DRAM vote count ends: 0 ms
07-11 09:50:04.091  1880  2747 D BackgroundInstallControlService: Package event received: 0
07-11 09:50:04.093 17557 17557 I MagicTether: (REDACTED) [LaunchUtils] Instant Wifi for status account: name: %s | type: %s | isLaunched: %s
07-11 09:50:04.093 17557 17557 I MagicTether: (REDACTED) [TidepoolFeatureStatusManager] isInstantHotspotEnabled=%s
07-11 09:50:04.093 17557 17557 I MagicTether: (REDACTED) [TidepoolFeatureStatusManager] isInstantWifiEnabled=%s
07-11 09:50:04.094 17557 17557 I MagicTether: (REDACTED) [TetherService] startNearbyClientRole: start: %s isInstantHotspotEnabled: %s isInstantWifiEnabled: %s
07-11 09:50:04.094 17557 17557 I MagicTether: [TetherService] Stopping Nearby client role [CONTEXT service_id=276 ]
07-11 09:50:04.094 17557 17557 I MagicTether: [ClientTetherRole] Client role already stopped [CONTEXT service_id=276 ]
07-11 09:50:04.094 17545 10586 I Wildlife_OpenWifiNudgeManagerImpl: handleWifiStateChanged(): consumer is not active
07-11 09:50:04.096 17557 17557 I MagicTether: (REDACTED) [LaunchUtils] Instant Wifi for status account: name: %s | type: %s | isLaunched: %s
07-11 09:50:04.096 17557 17557 I MagicTether: (REDACTED) [TidepoolFeatureStatusManager] isInstantHotspotEnabled=%s
07-11 09:50:04.096 17557 17557 I MagicTether: (REDACTED) [TidepoolFeatureStatusManager] isInstantWifiEnabled=%s
07-11 09:50:04.096 17557 17557 I MagicTether: (REDACTED) [TetherService] startNearbyHostRole: start: %s isInstantHotspotEnabled: %s isInstantWifiEnabled: %s
07-11 09:50:04.096 17557 17557 I MagicTether: (REDACTED) [TidepoolFeatureStatusManager] isInstantHotspotEnabled=%s
07-11 09:50:04.096 17557 17557 I MagicTether: [HostTetherRole] Nearby host role already started [CONTEXT service_id=276 ]
07-11 09:50:04.112 17557 11793 I NearbyMediums: Wifi changed new SSID: "shufang_5G"
07-11 09:50:04.112 17557 11793 I NearbyMediums: WifiLanConnectivityInfo is not changed, skip notify.
07-11 09:50:04.118  1880  2699 D ConnectivityService: NetReassign [no changes] [c 0] [a 2] [i 8]
07-11 09:50:04.119  3992 30190 I CobaltLoggerImpl: (REDACTED) Logging Cobalt occurrence for metric %d-%d-%d, with count %d and event vector %s, for caller: %s
07-11 09:50:04.120  3992 30190 I CobaltLoggerImpl: (REDACTED) Loaded Cobalt registry contains metric: %d-%d-%d
07-11 09:50:04.536 11863 15093 I FileLockLib: [11863]file 94 unlocked. fl.pid=0
07-11 09:50:04.594 17557 11793 I NearbySharing: Network state changed: NetworkState(isRestricted=false, isOnline=true, isCongested=false, isMetered=false, isWifiConnected=true)
07-11 09:50:04.605 17557 11793 I NearbySharing: Network state changed: NetworkState(isRestricted=false, isOnline=true, isCongested=false, isMetered=false, isWifiConnected=true)
07-11 09:50:07.055  1499  1548 I WifiHAL : Creating message to get link statistics; iface = 48
07-11 09:50:07.149  1499  2770 I WifiHAL : Getting cached scan results, iface handle = 0xb400006ec4f08d50
07-11 09:50:07.150  1499  2770 E WifiHAL : Creating message to get cached scan results
07-11 09:50:07.158  1499  2770 I WifiHAL : In GetCachedScanResultsCommand::handleResponse
07-11 09:50:07.159  1499  2770 E libbinder.IPCThreadState: binder thread pool (1 threads) starved for 104 ms
07-11 09:50:07.214  1499  2770 D WifiHAL : Start debug command: mType GET_FEATURE
07-11 09:50:07.214  1499  2770 I WifiHAL : CreateRequest mType = GET_FEATURE
07-11 09:50:07.214  1499  2770 D WifiHAL : In DebugCommand::handleResponse, mType:GET_FEATURE
07-11 09:50:07.214  1499  2770 D WifiHAL : len = 4, expected len = 4
07-11 09:50:09.402  2247  2253 I pixel-thermal: VIRTUAL-SKIN-CPU-LIGHT-ODPM:36.2358 raw data: VIRTUAL-SKIN:36235.8 VIRTUAL-SKIN-CPU-LIGHT-ODPM:36235.8 VIRTUAL-SKIN-SUB-0:35563.8 VIRTUAL-SKIN-SUB-1:36103.1 VIRTUAL-SKIN-SUB-2:34956 VIRTUAL-SKIN-SUB-3:36235.8 VIRTUAL-SKIN-SUB-4:34363.2 VIRTUAL-SKIN-SUB-5:35412.3 VIRTUAL-SKIN-SUB-6:35657.6 VIRTUAL-SKIN-SUB-7:34740.7 VIRTUAL-SKIN-SUB-8:35326.5 battery:35700 cam_therm:36491 charge_therm:39741 disp_therm:36335 neutral_therm:37649 north_therm:36157 quiet_therm:35089 soc_therm:39140 usb_pwr_therm:35690 
07-11 09:50:09.403  2247  2253 I pixel-thermal: VIRTUAL-SKIN-CPU-LIGHT-ODPM power_budget=2000.01 err=2.76415 s_power=800 time_elapsed_ms=7012 p=1105.66 i=94.3456 d=-0 dt_per_min=nan compensation=0 budget transient=0 control target=2 excluded power budget=0
07-11 09:50:09.404  2247  2253 I pixel-thermal: VIRTUAL-SKIN-CPU-LIGHT-ODPM binded power rails: (S4M_VDD_CPUCL0: 172.04 mW)(S2M_VDD_CPUCL2: 3.52 mW)(S3M_VDD_CPUCL1: 22.04 mW)
07-11 09:50:09.404  2247  2253 I pixel-thermal: cellular-emergency:36.2358 raw data: VIRTUAL-SKIN:36235.8 cellular-emergency:36235.8 
07-11 09:50:09.404  2247  2253 I pixel-thermal: VIRTUAL-SKIN-CPU-MID:36.2358 raw data: VIRTUAL-SKIN:36235.8 VIRTUAL-SKIN-CPU-MID:36235.8 
07-11 09:50:09.405  2247  2253 I pixel-thermal: VIRTUAL-SKIN-HINT:36.2358 raw data: VIRTUAL-SKIN:36235.8 VIRTUAL-SKIN-HINT:36235.8 
07-11 09:50:09.405  2247  2253 I pixel-thermal: VIRTUAL-SKIN-CPU-HIGH:36.2358 raw data: VIRTUAL-SKIN:36235.8 VIRTUAL-SKIN-CPU-HIGH:36235.8 
07-11 09:50:09.405  2247  2253 I pixel-thermal: VIRTUAL-SKIN-SOC:36.2358 raw data: VIRTUAL-SKIN:36235.8 VIRTUAL-SKIN-SOC:36235.8 
07-11 09:50:09.405  2247  2253 I pixel-thermal: VIRTUAL-SKIN-SOC power_budget=3429.25 err=8.76415 s_power=800 time_elapsed_ms=7012 p=2629.25 i=0 d=-0 dt_per_min=nan compensation=0 budget transient=0 control target=3 excluded power budget=0
07-11 09:50:09.405  2247  2253 I pixel-thermal: VIRTUAL-SKIN-SOC binded power rails: (S4M_VDD_CPUCL0: 172.04 mW)(S2M_VDD_CPUCL2: 3.52 mW)(S3M_VDD_CPUCL1: 22.04 mW)(S2S_VDD_G3D: 50.45 mW)(S7M_VDD_TPU: 0.00 mW)
07-11 09:50:09.405  2247  2253 I pixel-thermal: VIRTUAL-SKIN:36.2358 raw data: VIRTUAL-SKIN:36235.8 
07-11 09:50:09.406  2247  2253 I pixel-thermal: VIRTUAL-SKIN-GPU:36.2358 raw data: VIRTUAL-SKIN:36235.8 VIRTUAL-SKIN-GPU:36235.8 
07-11 09:50:09.406  2247  2253 I pixel-thermal: VIRTUAL-SKIN-SPEAKER:32.8095 raw data: VIRTUAL-SKIN-SPEAKER:32809.4 VIRTUAL-SKIN-SPEAKER-SUB-0:31694.1 VIRTUAL-SKIN-SPEAKER-SUB-1:32619.4 VIRTUAL-SKIN-SPEAKER-SUB-2:32809.4 VIRTUAL-SKIN-SPEAKER-SUB-3:32738.5 battery:35700 cam_therm:36491 charge_therm:39741 disp_therm:36335 neutral_therm:37649 north_therm:36157 quiet_therm:35089 soc_therm:39140 usb_pwr_therm:35690 
07-11 09:50:09.408  2247  2253 I pixel-thermal: VIRTUAL-SKIN-CHARGE-WIRED:35.9586 raw data: NO_WLC:1 VIRTUAL-SKIN-CHARGE:35958.6 VIRTUAL-SKIN-CHARGE-SUB-0:35842.5 VIRTUAL-SKIN-CHARGE-SUB-1:35020.5 VIRTUAL-SKIN-CHARGE-SUB-2:35085.8 VIRTUAL-SKIN-CHARGE-SUB-3:35391.5 VIRTUAL-SKIN-CHARGE-SUB-4:35767.1 VIRTUAL-SKIN-CHARGE-SUB-5:35958.6 VIRTUAL-SKIN-CHARGE-SUB-6:35032 VIRTUAL-SKIN-CHARGE-WIRED:35958.6 WLC_CHECK:1 battery:35700 cam_therm:36491 charge_therm:39741 disp_therm:36335 neutral_therm:37649 north_therm:36157 quiet_therm:35089 soc_therm:39140 thb_hda:54 usb_pwr_therm:35690 
07-11 09:50:09.408  2247  2253 I pixel-thermal: VIRTUAL-SKIN-CHARGE-WIRED power_budget=3608.13 err=2.04141 s_power=2404 time_elapsed_ms=7012 p=206.182 i=1099 d=-0 dt_per_min=nan compensation=0 budget transient=0 control target=2 excluded power budget=101.052 (PARTIAL_SYSTEM_POWER: 1010.52 mW, cdev_weight: 0.100000)
07-11 09:50:09.408  2247  2253 I pixel-thermal: VIRTUAL-SKIN-CHARGE-PERSIST:35.9586 raw data: VIRTUAL-SKIN-CHARGE:35958.6 VIRTUAL-SKIN-CHARGE-PERSIST:35958.6 
07-11 09:50:09.408  2247  2253 I pixel-thermal: VIRTUAL-SKIN-CHARGE-PERSIST power_budget=3797.11 err=5.04141 s_power=2066 time_elapsed_ms=7012 p=826.791 i=1066 d=-0 dt_per_min=nan compensation=0 budget transient=0 control target=2 excluded power budget=161.683 (PARTIAL_SYSTEM_POWER: 1010.52 mW, cdev_weight: 0.160000)
07-11 09:50:09.524  2247  2253 I pixel-thermal: usb_pwr_therm:35.69 raw data: usb_pwr_therm:35690 
07-11 09:50:09.525  2247  2253 I pixel-thermal: VIRTUAL-USB-THROTTLING:1 raw data: USB-MINUS-NEUTRAL:-1959 USB-MINUS-QUIET:601 USB_QUIET_RFFE:598.081 VIRTUAL-USB-THROTTLING:1 VIRTUAL-USB-THROTTLING-SUB0:0 VSYS_PWR_RFFE:0.364848 neutral_therm:37649 quiet_therm:35089 usb_pwr_therm:35690 
07-11 09:50:09.604  1499  2770 I WifiHAL : Creating message to get link statistics; iface = 48
07-11 09:50:09.606  1632  1632 D AOC     : A3:MSG: controller.cc, 275: CNTRL: cmd ID: 0x000a, tag: 0x0d [cntr = 42591]
07-11 09:50:09.606  1632  1632 D AOC     : A3:MSG: controller.cc, 919: CNTRL: ipc: control, cmd ID: 0x000a, tag: 0x0d, rc: 0
07-11 09:50:09.610  1632  1632 D AOC     : A3:MSG: controller.cc, 275: CNTRL: cmd ID: 0x000a, tag: 0x0e [cntr = 42592]
07-11 09:50:09.611  1632  1632 D AOC     : A3:MSG: controller.cc, 919: CNTRL: ipc: control, cmd ID: 0x000a, tag: 0x0e, rc: 0
07-11 09:50:09.615  1632  1632 D AOC     : A3:MSG: controller.cc, 275: CNTRL: cmd ID: 0x000a, tag: 0x0f [cntr = 42593]
07-11 09:50:09.616  1632  1632 D AOC     : A3:MSG: controller.cc, 919: CNTRL: ipc: control, cmd ID: 0x000a, tag: 0x0f, rc: 0
07-11 09:50:09.617  1632  1632 D AOC     : A3:MSG: controller.cc, 275: CNTRL: cmd ID: 0x000a, tag: 0x10 [cntr = 42594]
07-11 09:50:09.617  1632  1632 D AOC     : A3:MSG: controller.cc, 919: CNTRL: ipc: control, cmd ID: 0x000a, tag: 0x10, rc: 0
07-11 09:50:09.618  1632  1632 D AOC     : A3:MSG: controller.cc, 275: CNTRL: cmd ID: 0x000a, tag: 0x11 [cntr = 42595]
07-11 09:50:09.618  1632  1632 D AOC     : A3:MSG: controller.cc, 919: CNTRL: ipc: control, cmd ID: 0x000a, tag: 0x11, rc: 0
07-11 09:50:09.620  1632  1632 D AOC     : A3:MSG: controller.cc, 275: CNTRL: cmd ID: 0x000a, tag: 0x12 [cntr = 42596]
07-11 09:50:09.620  1632  1632 D AOC     : A3:MSG: controller.cc, 919: CNTRL: ipc: control, cmd ID: 0x000a, tag: 0x12, rc: 0
07-11 09:50:09.623  1632  1632 D AOC     : A3:MSG: controller.cc, 275: CNTRL: cmd ID: 0x000a, tag: 0x13 [cntr = 42597]
07-11 09:50:09.623  1632  1632 D AOC     : A3:MSG: controller.cc, 919: CNTRL: ipc: control, cmd ID: 0x000a, tag: 0x13, rc: 0
07-11 09:50:09.624  1632  1632 D AOC     : A3:MSG: controller.cc, 275: CNTRL: cmd ID: 0x000a, tag: 0x14 [cntr = 42598]
07-11 09:50:09.625  1632  1632 D AOC     : A3:MSG: controller.cc, 919: CNTRL: ipc: control, cmd ID: 0x000a, tag: 0x14, rc: 0
07-11 09:50:09.627  1632  1632 D AOC     : A3:MSG: controller.cc, 275: CNTRL: cmd ID: 0x000a, tag: 0x15 [cntr = 42599]
07-11 09:50:09.628  1632  1632 D AOC     : A3:MSG: controller.cc, 919: CNTRL: ipc: control, cmd ID: 0x000a, tag: 0x15, rc: 0
07-11 09:50:09.628  1632  1632 D AOC     : A3:MSG: controller.cc, 275: CNTRL: cmd ID: 0x000a, tag: 0x16 [cntr = 42600]
07-11 09:50:09.628  1632  1632 D AOC     : A3:MSG: controller.cc, 919: CNTRL: ipc: control, cmd ID: 0x000a, tag: 0x16, rc: 0
07-11 09:50:09.628  1632  1632 D AOC     : A3:MSG: controller.cc, 275: CNTRL: cmd ID: 0x000a, tag: 0x17 [cntr = 42601]
07-11 09:50:09.629  1632  1632 D AOC     : A3:MSG: controller.cc, 919: CNTRL: ipc: control, cmd ID: 0x000a, tag: 0x17, rc: 0
07-11 09:50:09.631  1632  1632 D AOC     : A3:MSG: controller.cc, 275: CNTRL: cmd ID: 0x000a, tag: 0x18 [cntr = 42602]
07-11 09:50:09.631  1632  1632 D AOC     : A3:MSG: controller.cc, 919: CNTRL: ipc: control, cmd ID: 0x000a, tag: 0x18, rc: 0
07-11 09:50:09.632  1632  1632 D AOC     : A3:MSG: controller.cc, 275: CNTRL: cmd ID: 0x000a, tag: 0x19 [cntr = 42603]
07-11 09:50:09.633  1632  1632 D AOC     : A3:MSG: controller.cc, 919: CNTRL: ipc: control, cmd ID: 0x000a, tag: 0x19, rc: 0
07-11 09:50:09.633  1632  1632 D AOC     : A3:MSG: controller.cc, 275: CNTRL: cmd ID: 0x000a, tag: 0x1a [cntr = 42604]
07-11 09:50:09.633  1632  1632 D AOC     : A3:MSG: controller.cc, 919: CNTRL: ipc: control, cmd ID: 0x000a, tag: 0x1a, rc: 0
07-11 09:50:09.634  1632  1632 D AOC     : A3:MSG: controller.cc, 275: CNTRL: cmd ID: 0x000a, tag: 0x1b [cntr = 42605]
07-11 09:50:09.634  1632  1632 D AOC     : A3:MSG: controller.cc, 919: CNTRL: ipc: control, cmd ID: 0x000a, tag: 0x1b, rc: 0
07-11 09:50:09.635  1632  1632 D AOC     : A3:MSG: controller.cc, 275: CNTRL: cmd ID: 0x000a, tag: 0x1c [cntr = 42606]
07-11 09:50:09.636  1632  1632 D AOC     : A3:MSG: controller.cc, 919: CNTRL: ipc: control, cmd ID: 0x000a, tag: 0x1c, rc: 0
07-11 09:50:09.637  1632  1632 D AOC     : A3:MSG: controller.cc, 275: CNTRL: cmd ID: 0x000a, tag: 0x1d [cntr = 42607]
07-11 09:50:09.637  1632  1632 D AOC     : A3:MSG: controller.cc, 919: CNTRL: ipc: control, cmd ID: 0x000a, tag: 0x1d, rc: 0
07-11 09:50:09.643  1418  1448 I bthal.activitywatcher: getStateResidency: ActivityStat{0 : totalTimeMs 233880368 totalEntryCount 11716629885 lastEntryMs 415605244}
07-11 09:50:09.643  1418  1448 I bthal.activitywatcher: getStateResidency: ActivityStat{1 : totalTimeMs 45474517 totalEntryCount 3203092163 lastEntryMs 415605250}
07-11 09:50:09.643  1418  1448 I bthal.activitywatcher: getStateResidency: ActivityStat{2 : totalTimeMs 4759439 totalEntryCount 6292076351 lastEntryMs 415605254}
07-11 09:50:09.643  1418  1448 I bthal.activitywatcher: getStateResidency: ActivityStat{3 : totalTimeMs 13750497 totalEntryCount 5424552204 lastEntryMs 415605255}
07-11 09:50:09.656  1418  1448 I bthal.activitywatcher: send_hci_activities_vsc: Sent VSC <[4]{89, 253, 1, 1}>
07-11 09:50:09.657  1433  1433 W android.hardware.power.stats-service.pixel: getStateResidency latency for Bluetooth exceeded time allowed: 14412us
07-11 09:50:09.658  1418  2307 I bthal.activitywatcher: filter_hci_activities_vse: Filtered <[103]{14, 101, 1, 89, 253, 0, 1, 156, 35, 72, 1, 136, 229, 1, 0, 163, 135, 48, 0, 0, 0, 0, 0, 223, 135, 48, 0, 0, 0, 0, 0, 21, 252, 91, 0, 98, 156, 0, 0, 223, 135, 48, 0, 0, 0, 0, 0, 163, 135, 48, 0, 0, 0, 0, 0, 103, 42, 181, 0, 131, 18, 0, 0, 162, 135, 48, 0, 0, 0, 0, 0, 162, 135, 48, 0, 0, 0, 0, 0, 52, 249, 146, 0, 120, 53, 0, 0, 110, 135, 48, 0, 0, 0, 0, 0, 110, 135, 48, 0, 0, 0, 0, 0}>
07-11 09:50:09.658  1418  2307 I bthal.flowcontrol: HciEventPreProcess: HCI Event 0xe Opcode 0xfd59 Length 103 handled by ControllerActivityWatcher
07-11 09:50:09.659  1418  2307 I bthal.bqr: Batt_Per: 100, Avg_Cur_Pwr: 2 mA, BEr_Tx_Plv: 0 dBm, Le_Tx_Plv: 12 dBm, Idle_Tm: 8025 ms, Act_Tm: 40034 ms, BEr_Tx_Tm: 0 ms, BEr_Rx_Tm: 0 ms, Le_Tx_Tm: 2941 ms, Le_Rx_Tm: 685 ms, total_Tm 11651 ms, Rx_1Ch_Tm 685 ms, Rx_2Ch_Tm 0 ms, Tx_iPA_1Ch_Tm 2941 ms, Tx_iPA_2Ch_Tm 0 ms, Tx_ePA_1Ch_Tm 0 ms, Tx_ePA_2Ch_Tm 0 ms
07-11 09:50:09.659  1418  2307 I bthal.bqr: update_bqr_energy_reportv6: Avg_Cur_Pwr: 2, BEr_Tx_Plv: 0 dBm, Le_Tx_Plv: 12
07-11 09:50:09.659  1418  2307 I bthal.flowcontrol: HciEventPreProcess: HCI Event 0xff Opcode 0 Length 84 unhandled by debug_VendorEvent
07-11 09:50:09.662  8056  8114 W btm_acl : system/stack/acl/btm_acl.cc:1348 BTM_ReadRemoteVersion: Unable to find active acl
07-11 09:50:09.662  8056  8114 I bluetooth: system/btif/src/btif_bqr.cc:1045 bqr_delivery_event: len: 81, addr: ff:ff:ff:ff:ff:ff, lmp_ver: 0, manufacturer_id: 0, lmp_subver: 0
07-11 09:50:09.662  8056  8131 I BluetoothQualityReportJni: android/app/jni/com_android_bluetooth_BluetoothQualityReport.cpp:52 bqr_delivery_callback: 
07-11 09:50:09.664  8056  8131 I BluetoothQualityReportNativeCallback: BQR: {
07-11 09:50:09.664  8056  8131 I BluetoothQualityReportNativeCallback:   mAddr: FF:FF:FF:FF:FF:FF, mLmpVer: 0x00, mLmpSubVer: 0x0000, mManufacturerId: 0x0000, mName: , mBluetoothClass: 0,
07-11 09:50:09.664  8056  8131 I BluetoothQualityReportNativeCallback:   BqrCommon: {
07-11 09:50:09.664  8056  8131 I BluetoothQualityReportNativeCallback:     mQualityReportId: Energy Monitor(0x06), mPacketType: INVALID(0x00), mConnectionHandle: 0x0000, mConnectionRole: 0(0), mTxPowerLevel: 0, mRssi: 0, mSnr: 0, mUnusedAfhChannelCount: 0,
07-11 09:50:09.664  8056  8131 I BluetoothQualityReportNativeCallback:     mAfhSelectUnidealChannelCount: 0, mLsto: 0, mPiconetClock: 0x00000000, mRetransmissionCount: 0, mNoRxCount: 0, mNakCount: 0, mLastTxAckTimestamp: 0x00000000, mFlowOffCount: 0,
07-11 09:50:09.664  8056  8131 I BluetoothQualityReportNativeCallback:     mLastFlowOnTimestamp: 0x00000000, mOverflowCount: 0, mUnderflowCount: 0, mAddr: null, mCalFailedItemCount: 0,
07-11 09:50:09.664  8056  8131 I BluetoothQualityReportNativeCallback:     mTxTotalPackets: 0, mTxUnackPackets: 0, mTxFlushPackets: 0, mTxLastSubeventPackets: 0, mCrcErrorPackets: 0, mRxDupPackets: 0, mRxUnRecvPackets: 0, mCoexInfoMask: 0
07-11 09:50:09.664  8056  8131 I BluetoothQualityReportNativeCallback:   }
07-11 09:50:09.664  8056  8131 I BluetoothQualityReportNativeCallback:   BqrEnergyMonitor: {
07-11 09:50:09.664  8056  8131 I BluetoothQualityReportNativeCallback:     AvgCurrentConsume: 2, mIdleTotalTime: 139097, mIdleStateEnterCount: 49162, mActiveTotalTime: 40034, mActiveStateEnterCount: 15911,
07-11 09:50:09.664  8056  8131 I BluetoothQualityReportNativeCallback:     mBredrTxTotalTime: 0, mBredrTxStateEnterCount: 0, mBredrTxAvgPowerLevel: 0, mBredrRxTotalTime: 0, mBredrRxStateEnterCount: 2049, mLeTxTotalTime: 2941, mLeTxStateEnterCount: 28518, mLeTxAvgPowerLevel: 12, mLeRxTotalTime: 685, mLeRxStateEnterCount: 18594, mReportTotalTime: 142723, mRxActiveOneChainTime: 685, mRxActiveTwoChainTime: 0, mTxiPaActiveOneChainTime: 2941, mTxiPaActiveTwoChainTime: 0, mTxePaActiveOneChainTime: 0, mTxePaActiveTwoChainTime: 0
07-11 09:50:09.664  8056  8131 I BluetoothQualityReportNativeCallback:   }
07-11 09:50:09.664  8056  8131 I BluetoothQualityReportNativeCallback: }
07-11 09:50:09.739  1499  2770 E libbinder.IPCThreadState: binder thread pool (1 threads) starved for 135 ms
07-11 09:50:09.740  1499  2770 I WifiHAL : Getting cached scan results, iface handle = 0xb400006ec4f08d50
07-11 09:50:09.740  1499  2770 E WifiHAL : Creating message to get cached scan results
07-11 09:50:09.750  1499  2770 I WifiHAL : In GetCachedScanResultsCommand::handleResponse
07-11 09:50:09.926  1880  5110 D TelephonyManager: requestModemActivityInfo: Sending result to app: ModemActivityInfo{ mTimestamp=751620289 mSleepTimeMs=725784625 mIdleTimeMs=3735872 mActivityStatsTechSpecificInfo=[{mRat=GERAN,mFrequencyRange=UNKNOWN,mTxTimeMs[]=[0, 0, 0, 0, 211],mRxTimeMs=21726208}, {mRat=UTRAN,mFrequencyRange=UNKNOWN,mTxTimeMs[]=[0, 0, 0, 0, 0],mRxTimeMs=305740}, {mRat=EUTRAN,mFrequencyRange=UNKNOWN,mTxTimeMs[]=[282, 117, 150, 56, 60],mRxTimeMs=24218}, {mRat=NGRAN,mFrequencyRange=HIGH,mTxTimeMs[]=[0, 0, 0, 0, 0],mRxTimeMs=0}, {mRat=NGRAN,mFrequencyRange=MMWAVE,mTxTimeMs[]=[0, 0, 0, 0, 0],mRxTimeMs=0}, {mRat=UNKNOWN,mFrequencyRange=UNKNOWN,mTxTimeMs[]=[0, 0, 0, 0, 0],mRxTimeMs=0}]}
07-11 09:50:10.079  2247  2253 I pixel-thermal: disp_therm:36.335 raw data: disp_therm:36335 
07-11 09:50:10.080  2247  2253 I pixel-thermal: VIRTUAL-USB-UI:1 raw data: USB-MINUS-NEUTRAL:-1959 USB-MINUS-QUIET:601 USB_QUIET_RFFE:598.081 VIRTUAL-USB-UI:1 VIRTUAL-USB-UI-SUB0:0 usb_pwr_therm:35690 
07-11 09:50:10.080  2247  2253 I pixel-thermal: cam_therm:36.491 raw data: cam_therm:36491 
07-11 09:50:10.230  1499  2770 I WifiHAL : Creating message to get link statistics; iface = 48
07-11 09:50:10.314  1499  1548 I WifiHAL : Getting cached scan results, iface handle = 0xb400006ec4f08d50
07-11 09:50:10.314  1499  1548 E WifiHAL : Creating message to get cached scan results
07-11 09:50:10.323  1499  1548 I WifiHAL : In GetCachedScanResultsCommand::handleResponse
07-11 09:50:10.375  1499  1548 D WifiHAL : Start debug command: mType GET_FEATURE
07-11 09:50:10.375  1499  1548 I WifiHAL : CreateRequest mType = GET_FEATURE
07-11 09:50:10.375  1499  1548 D WifiHAL : In DebugCommand::handleResponse, mType:GET_FEATURE
07-11 09:50:10.375  1499  1548 D WifiHAL : len = 4, expected len = 4
07-11 09:50:12.249 17557 11793 I NearbyMediums: No BLE Fast/GATT advertisements found in the latest cycle.
07-11 09:50:12.255 17557 11793 I NearbyMediums: Current Tracked Scanning Clients are : {NearbyConnections.EnvironmentMonitor, NearbySharing, NearbyConnections.TxAdvertisement}
07-11 09:50:13.385  1499  1548 I WifiHAL : Creating message to get link statistics; iface = 48
07-11 09:50:13.469  1499  2770 I WifiHAL : Getting cached scan results, iface handle = 0xb400006ec4f08d50
07-11 09:50:13.469  1499  2770 E WifiHAL : Creating message to get cached scan results
07-11 09:50:13.480  1499  2770 I WifiHAL : In GetCachedScanResultsCommand::handleResponse
07-11 09:50:13.554  3390  3519 D IwlanNetworkService: onCapabilitiesChanged: 125
07-11 09:50:13.554  3807  3898 D DeviceStateHelper: Wifi freq: 5745
07-11 09:50:13.554  3472  3576 D IwlanNetworkStatusTracker: onCapabilitiesChanged: 125
07-11 09:50:13.554  3472  3576 D IwlanNetworkStatusTracker: OnCapability : Wifi Available already true and validation status unchanged
07-11 09:50:13.554  3472  3576 E IwlanNetworkStatusTracker: Could not get Wifi SSID
07-11 09:50:13.554  3807  3918 I WifiSignalInfo: onCapabilitiesChanged: rssi:-67
07-11 09:50:13.555  3807  3905 D ImsPreconditionCheck: {subId=1} handleMessage: { when=-1ms what=16 target=eja async=false heapIndex=-1 }
07-11 09:50:13.556  3807  3905 D ImsPreconditionCheck: {subId=1} onWifiCapabilitiesChanged: wifiNetworkValidated: true
07-11 09:50:13.556  1499  2770 D WifiHAL : Start debug command: mType GET_FEATURE
07-11 09:50:13.556  1499  2770 I WifiHAL : CreateRequest mType = GET_FEATURE
07-11 09:50:13.556  1499  2770 D WifiHAL : In DebugCommand::handleResponse, mType:GET_FEATURE
07-11 09:50:13.557  1499  2770 D WifiHAL : len = 4, expected len = 4
07-11 09:50:13.557  3049  4015 W SHANNON_IMS: 7757 [CONN] NetworkSpecifier and TransportInfo are not valid (DefaultNetworkCallback%updateSubscriptionId:121)
07-11 09:50:13.558  3049  4015 I SHANNON_IMS: 7758 [CONN] network:125 WIFI connected, subId: -1 [SLID:0] (DefaultNetworkCallback%onCapabilitiesChanged:76)
07-11 09:50:13.558  2975  4119 D TemperatureStateSource: sequence=52953 actualDelay=10000
07-11 09:50:13.559 17557 17568 I NullBinder: NullBinder for android.net.action.RECOMMEND_NETWORKS triggering remote TransactionTooLargeException due to Service without Chimera impl, calling uid: 1000, calling pid: 0
07-11 09:50:13.559 17557 17568 W libbinder.Binder: Large reply transaction of 1056768 bytes, interface descriptor , code 1, flags 17
07-11 09:50:13.561  3390  3429 D IwlanDataService: onCapabilitiesChanged: 125 [ Transports: WIFI Capabilities: NOT_METERED&INTERNET&NOT_RESTRICTED&TRUSTED&NOT_VPN&VALIDATED&NOT_ROAMING&FOREGROUND&NOT_CONGESTED&NOT_SUSPENDED&NOT_VCN_MANAGED&NOT_BANDWIDTH_CONSTRAINED LinkUpBandwidth>=16168Kbps LinkDnBandwidth>=32781Kbps TransportInfo: <SSID: "shufang_5G", BSSID: 80:37:73:d9:08:40, MAC: 26:e4:72:9b:b0:d2, IP: /192.168.50.159, Security type: 2, Supplicant state: COMPLETED, Wi-Fi standard: 11ac, RSSI: -67, Link speed: 351Mbps, Tx Link speed: 351Mbps, Max Supported Tx Link speed: 866Mbps, Rx Link speed: 468Mbps, Max Supported Rx Link speed: 866Mbps, Frequency: 5745MHz, Net ID: 2, Metered hint: false, score: 100, isUsable: true, CarrierMerged: false, SubscriptionId: -1, IsPrimary: 1, Trusted: true, Restricted: false, Ephemeral: false, OEM paid: false, OEM private: false, OSU AP: false, FQDN: <none>, Provider friendly name: <none>, Requesting package name: <none>"shufang_5G"wpa2-pskMLO Information: , Is TID-To-Link negotiation supported by the AP: false, AP MLD Address: <none>, AP MLO Link Id: <none>, AP MLO Affiliated links: <none>, Vendor Data: <none>> SignalStrength: -67 OwnerUid: 1000 AdminUids: [1000] SSID: "shufang_5G" UnderlyingNetworks: Null]
07-11 09:50:13.557  3015  3890 D SHANNON_RCS: 4230 [0][PROX][TELE] onCapabilitiesChanged, Network: 125, NetworkCapabilities: [ Transports: WIFI Capabilities: NOT_METERED&INTERNET&NOT_RESTRICTED&TRUSTED&NOT_VPN&VALIDATED&NOT_ROAMING&FOREGROUND&NOT_CONGESTED&NOT_SUSPENDED&NOT_VCN_MANAGED&NOT_BANDWIDTH_CONSTRAINED LinkUpBandwidth>=16168Kbps LinkDnBandwidth>=32781Kbps TransportInfo: <SSID: <unknown ssid>, BSSID: 02:00:00:00:00:00, MAC: 02:00:00:00:00:00, IP: /192.168.50.159, Security type: 2, Supplicant state: COMPLETED, Wi-Fi standard: 11ac, RSSI: -67, Link speed: 351Mbps, Tx Link speed: 351Mbps, Max Supported Tx Link speed: 866Mbps, Rx Link speed: 468Mbps, Max Supported Rx Link speed: 866Mbps, Frequency: 5745MHz, Net ID: -1, Metered hint: false, score: 100, isUsable: true, CarrierMerged: false, SubscriptionId: -1, IsPrimary: -1, Trusted: true, Restricted: false, Ephemeral: false, OEM paid: false, OEM private: false, OSU AP: false, FQDN: <none>, Provider friendly name: <none>, Requesting package name: <none><none>MLO Information: , Is TID-To-Link negotiation supported by the AP: false, AP MLD Address: <none>, AP MLO Link Id: <none>, AP MLO Affiliated links: <none>, Vendor Data: <none>> SignalStrength: -67 UnderlyingNetworks: Null] (DefaultNetworkCallback%onCapabilitiesChanged:76)
07-11 09:50:13.561  3390  3429 D IwlanDataService: Network 125 connected using transport WIFI
07-11 09:50:13.561  2975  4119 D TemperatureStateSource: Reading temperature: sequence=52954
07-11 09:50:13.562 11863 11959 D HTTPDNS : Network onCapabilitiesChanged(125)
07-11 09:50:13.567 16683 16769 I BugleRcsEngine: Connected state: [1], networkType: [WIFI] [CONTEXT thread_id=95 ]
07-11 09:50:13.568 16683 16774 I BugleRcsEngine: handleMessage processing message:[NOTIFY_UPTIME_IGNORE_STATE_CHANGED] with [non-null]:RcsEngineImpl reference [CONTEXT log_prefix="RcsEngineImpl[DUAL_REG]:[5e41f6bd-fcc7]>Handler" thread_id=99 ]
07-11 09:50:13.570  2247  2247 I pixel-thermal: VIRTUAL-SKIN:36.2024 raw data: VIRTUAL-SKIN:36202.4 VIRTUAL-SKIN-SUB-0:35526.4 VIRTUAL-SKIN-SUB-1:36018 VIRTUAL-SKIN-SUB-2:34973.4 VIRTUAL-SKIN-SUB-3:36202.4 VIRTUAL-SKIN-SUB-4:34363.4 VIRTUAL-SKIN-SUB-5:35297.9 VIRTUAL-SKIN-SUB-6:35597.2 VIRTUAL-SKIN-SUB-7:34719.1 VIRTUAL-SKIN-SUB-8:35333.4 battery:35800 cam_therm:36358 charge_therm:39697 disp_therm:36269 neutral_therm:37671 north_therm:36113 quiet_therm:35067 soc_therm:38984 usb_pwr_therm:35690 
07-11 09:50:13.571  2975  4119 D TemperatureStateSource: getDeviceTemperatures: sequence=52954 deviceTemperatureType=3 temperatureSource=0 temperatures=[36.202415]
07-11 09:50:13.571  2975  4119 D BusinessScope: Enqueuing the block
07-11 09:50:13.571  2975  4119 D TemperatureStateSource: sequence=52954 waitTime=10000
07-11 09:50:13.571  2975  4119 D BusinessScope: Start running the #106137 block
07-11 09:50:13.571  2975  4119 D BusinessScope: Enqueuing the block
07-11 09:50:13.571  2975  4119 D ImpulseStateSource: Notify clients: 53063
07-11 09:50:13.571  2975  4119 D BusinessScope: Finish running the #106137 block
07-11 09:50:13.572  2975  4119 D BusinessScope: Start running the #106138 block
07-11 09:50:13.572  2975  4119 D BusinessScope: Finish running the #106138 block
07-11 09:50:13.573 17557 17557 I MagicTether: (REDACTED) [ActiveNetworkTracker] setActiveNetwork: %s
07-11 09:50:13.573 17557 17557 I MagicTether: (REDACTED) [TetherService] onActiveNetworkChanged: network=%s isLost=%s
07-11 09:50:13.574  1880  2699 E libbinder.IPCThreadState: Binder transaction failure. id: 100479461, cmd: BR_FAILED_REPLY (29201), error: -28 (No space left on device - Binder buffer full. Too many or too large transactions.)
07-11 09:50:13.574  1880  2699 W ActivityManager: pid 1880 system sent binder code 1 with flags 1 and got error -2147483646
07-11 09:50:13.574  1880  2699 D ActivityManager: Too many transaction errors, throttling transaction error callback.
07-11 09:50:13.574  1880  2699 E JavaBinder: !!! FAILED BINDER TRANSACTION !!!  (parcel size = 1132)
07-11 09:50:13.574  1880  2699 E ConnectivityService: RemoteException caught trying to send a callback msg for NetworkRequest [ TRACK_DEFAULT id=21789, [ Capabilities: INTERNET&NOT_RESTRICTED&TRUSTED&NOT_VCN_MANAGED&NOT_BANDWIDTH_CONSTRAINED Uid: 10333 RequestorUid: 10333 RequestorPkg: com.tencent.mm UnderlyingNetworks: Null] ]
07-11 09:50:13.575  1880  2699 E libbinder.IPCThreadState: Binder transaction failure. id: 100479465, cmd: BR_FAILED_REPLY (29201), error: -28 (No space left on device - Binder buffer full. Too many or too large transactions.)
07-11 09:50:13.575  1880  2699 W ActivityManager: pid 1880 system sent binder code 1 with flags 1 and got error -2147483646
07-11 09:50:13.575  1880  2699 D ActivityManager: Too many transaction errors, throttling transaction error callback.
07-11 09:50:13.575  1880  2699 E JavaBinder: !!! FAILED BINDER TRANSACTION !!!  (parcel size = 1120)
