--------- beginning of main
07-14 14:52:06.743  4196  4196 D WM-WorkerWrapper: Starting work for com.android.providers.media.MediaServiceV2
07-14 14:52:06.745  4196 31857 I MediaServiceV2: Work initiated for action [ android.intent.action.PACKAGE_DATA_CLEARED ]
07-14 14:52:06.746  4196 31857 D MediaProvider: Deleted 0 Android/media items belonging to local.qbdi.adjustreference on /data/user/0/com.google.android.providers.media.module/databases/external.db
07-14 14:52:06.747  4196 31857 I FuseDaemon: Successfully deleted rows in leveldb for owner_id:  and ownerPackageIdentifier: local.qbdi.adjustreference::0
07-14 14:52:06.753  4196 31857 D MediaGrants: Removed 0 media_grants for 0 user for [local.qbdi.adjustreference, local.qbdi.adjustreference]. Reason: Package orphaned
07-14 14:52:06.755  4196 31857 I MediaServiceV2: Work ended for action [ android.intent.action.PACKAGE_DATA_CLEARED ]
07-14 14:52:06.756  4196  4490 I WM-WorkerWrapper: Worker result SUCCESS for Work [ id=c71c6dbf-25ad-4e7f-8699-577c0ea06c7a, tags={ com.android.providers.media.MediaServiceV2 } ]
07-14 14:52:06.757  4196  4196 D WM-Processor: Processor c71c6dbf-25ad-4e7f-8699-577c0ea06c7a executed; reschedule = false
07-14 14:52:06.758  4196  4196 D WM-SystemJobService: c71c6dbf-25ad-4e7f-8699-577c0ea06c7a executed on JobScheduler
07-14 14:52:06.761  4196  4496 D WM-GreedyScheduler: Cancelling work ID c71c6dbf-25ad-4e7f-8699-577c0ea06c7a
07-14 14:52:06.763  4196  4496 D WM-GreedyScheduler: Ignoring {WorkSpec: 327ca86c-bd02-453c-968d-4e49b5dd62fe}. Requires device idle.
07-14 14:52:06.763  4196  4496 D WM-GreedyScheduler: Ignoring {WorkSpec: ae26dab5-593a-47e4-a872-c1bb699a93a6}. Requires device idle.
07-14 14:52:06.763  4196  4496 D WM-GreedyScheduler: Ignoring {WorkSpec: 7eeb45da-83da-4219-b308-c36569546220}. Requires device idle.
07-14 14:52:06.763  4196  4496 D WM-GreedyScheduler: Ignoring {WorkSpec: 9f888058-b46e-4ed8-a63c-b42f953af699}. Requires device idle.
07-14 14:52:06.869  1880  3086 D SafetySourceDataValidat: No cert check requested for package com.google.android.permissioncontroller
07-14 14:52:06.878  2795  2795 D PersistedStoragePackageUninstalledReceiver: Received android.intent.action.PACKAGE_DATA_CLEARED for local.qbdi.adjustreference for u0
07-14 14:52:07.043 23420 23422 I libbinder.AidlLazyServiceRegistrar: Process has 1 (of 2 available) client(s) in use after notification android.system.virtualizationmaintenance has clients: 0
--------- beginning of system
07-14 14:52:07.155  1880  3568 W ActivityTaskManager: callingPackage for (uid=2000, pid=31860) has no WPC
07-14 14:52:07.157  1880  3568 V GrammaticalInflectionUtils: AttributionSource: android.content.AttributionSource@32a8b86b does not have READ_SYSTEM_GRAMMATICAL_GENDER permission.
07-14 14:52:07.166  3171  3171 D RecentsView: onTaskDisplayChanged: 2244, new displayId = 0
07-14 14:52:07.167   675   776 I libbinder.BpBinder: onLastStrongRef automatically unlinking death recipients for binder (0xb40000731473ace0) with descriptor: '(not cached)'
07-14 14:52:07.170  1880  3568 V ActivityTaskManager: TaskLaunchParamsModifier: phase=3 task=Task{86e9d04 #2244 type=standard A=10513:local.qbdi.adjustreference} activity=ActivityRecord{170018071 u0 local.qbdi.adjustreference/.MainActivity t-1} display-from-task=0 display-id=0 task-display-area-windowing-mode=1 suggested-display-area=DefaultTaskDisplayArea@73937791 inherit-from-task=fullscreen non-freeform-task-display-area display-area=DefaultTaskDisplayArea@73937791 skip-bounds-fullscreen
07-14 14:52:07.170  1880  3568 I ActivityTaskManager: START u0 {flg=0x10000000 xflg=0x5 cmp=local.qbdi.adjustreference/.MainActivity} with LAUNCH_MULTIPLE from uid 2000 (com.android.shell) (BAL_ALLOW_PERMISSION) result code=0
07-14 14:52:07.171  2794  2840 V WindowManagerShell: Transition requested (#1014): android.os.BinderProxy@755cd02 TransitionRequestInfo { type = OPEN, triggerTask = TaskInfo{userId=0 taskId=2244 effectiveUid=10513 displayId=0 isRunning=true baseIntent=Intent { flg=0x10000000 cmp=local.qbdi.adjustreference/.MainActivity } baseActivity=ComponentInfo{local.qbdi.adjustreference/local.qbdi.adjustreference.MainActivity} topActivity=ComponentInfo{local.qbdi.adjustreference/local.qbdi.adjustreference.MainActivity} origActivity=null realActivity=ComponentInfo{local.qbdi.adjustreference/local.qbdi.adjustreference.MainActivity} realActivityIsAppLockEnabled=false numActivities=1 lastActiveTime=1028937535 supportsMultiWindow=true resizeMode=1 isResizeable=true minWidth=-1 minHeight=-1 defaultMinSize=220 token=WCT{android.os.BinderProxy@58b1613} topActivityType=1 pictureInPictureParams=null shouldDockBigOverlays=false launchIntoPipHostTaskId=-1 lastParentTaskIdBeforePip=-1 displayCutoutSafeInsets=Rect(0, 132 - 0, 0) topActivityInfo=ActivityInfo{2a46050 local.qbdi.adjustreference.MainActivity} launchCookies=[] positionInParent=Point(0, 0) parentTaskId=-1 isFocused=false isVisible=false isVisibleRequested=false isTopActivityNoDisplay=false isSleeping=false locusId=null displayAreaFeatureId=1 isTopActivityTransparent=false isActivityStackTransparent=false lastNonFullscreenBounds=null leafTaskBoundsFromOptions= false capturedLink=null capturedLinkTimestamp=0 requestedVisibleTypes=503 topActivityRequestOpenInBrowserEducationTimestamp=0 appCompatTaskInfo=AppCompatTaskInfo { topActivityInSizeCompat=false isLeafTask= true eligibleForLetterboxEducation= false isLetterboxEducationEnabled= false isLetterboxDoubleTapEnabled= false eligibleForUserAspectRatioButton= false topActivityBoundsLetterboxed= false isFromLetterboxDoubleTap= false topActivityLetterboxVerticalPosition= -1 topActivityLetterboxHorizontalPosition= -1 topActivityLetterboxWidth=-1 topActivityLetterboxHeight=-1 topActivityAppBounds=Rect(0, 0 - 1080, 2400) isUserFullscreenOverrideEnabled=false isSystemFullscreenOverrideEnabled=false hasMinAspectRatioOverride=false topActivityLetterboxBounds=null topNonResizableActivityAspectRatio=-1.0} topActivityMainWindowFrame=null isAppBubble=false}, pipChange = null, remoteTransitionInfo = null, displayChange = null, requestedLocation = null, userChange = null, windowingLayerChange = null, fullscreenRequestChange = null, flags = 0, debugId = 1014 }
07-14 14:52:07.171  2794  2840 W DisplayDisconnectTransitionHandler: No disconnect change found in the transition, not handling request.
07-14 14:52:07.171  2794  2840 D ShellSplitScreen: logExit: no-op, mLoggerSessionId is null
07-14 14:52:07.171  2794  2840 V ShellDesktopMode: DesktopTasksController: skipping handleRequest reason=triggerTask's display doesn't support desktop mode
07-14 14:52:07.172  2794  2840 D Bubbles : BubbleTaskStackListener.onTaskMovedToFront(): taskId=2244
07-14 14:52:07.172  1880  1945 V GrammaticalInflectionUtils: AttributionSource: android.content.AttributionSource@32a8b86b does not have READ_SYSTEM_GRAMMATICAL_GENDER permission.
07-14 14:52:07.173  1880  1945 W ActivityManager: ProcessRecord{bba8570 0:local.qbdi.adjustreference/u0a513}: ART verification disabled
07-14 14:52:07.174  3171  3171 D b/417220811: invalidateLoadedTasks - previous requestLoadId: -1
07-14 14:52:07.177  1880  2747 D BackgroundInstallControlService: Package event received: 0
07-14 14:52:07.179  1880  3568 D CompatChangeReporter: Compat change id reported: 309578419; UID 10513; state: ENABLED
07-14 14:52:07.184  1395  1395 D Zygote  : Forked child process 31864
07-14 14:52:07.185  1880  1962 I ActivityManager: Start proc 31864:local.qbdi.adjustreference/u0a513 for next-top-activity {local.qbdi.adjustreference/local.qbdi.adjustreference.MainActivity}
07-14 14:52:07.192  2794  2889 D WindowOnBackDispatcher: setTopOnBackInvokedCallback (unwrapped): android.view.ViewRootImpl$$ExternalSyntheticLambda25@c35aa03
07-14 14:52:07.192  1880  3568 D CoreBackPreview: Window{882316e u0 Splash Screen local.qbdi.adjustreference}: Setting back callback OnBackInvokedCallbackInfo{mCallback=android.window.IOnBackInvokedCallback$Stub$Proxy@2c54e2b, mPriority=0, mIsAnimationCallback=false, mOverrideBehavior=0}
07-14 14:52:07.193 31864 31864 I Zygote  : Process 31864 created for local.qbdi.adjustreference
07-14 14:52:07.194 31864 31864 I adjustreference: Late-enabling -Xcheck:jni
07-14 14:52:07.201  2794 12553 V WindowManagerShell: onTransitionReady(transaction=8074538624186)
07-14 14:52:07.201  2794  2840 V WindowManagerShell: onTransitionReady (#1014) android.os.BinderProxy@755cd02: {id=1014 t=OPEN f=0x0 trk=0 r=[0@Point(0, 0)] c=[
07-14 14:52:07.201  2794  2840 V WindowManagerShell:         {m=OPEN f=NONE leash=Surface(name=Task=2244#14721)/@0x2eaa0d6 sb=Rect(0, 0 - 1080, 2400) eb=Rect(0, 0 - 1080, 2400) epz=Point(1080, 2400) d=0 taskParent=-1 winMode=1 userId=0},
07-14 14:52:07.201  2794  2840 V WindowManagerShell:         {m=TO_BACK f=NONE leash=Surface(name=Task=2243#14701)/@0x66bdf57 sb=Rect(0, 0 - 1080, 2400) eb=Rect(0, 0 - 1080, 2400) epz=Point(1080, 2400) d=0 taskParent=-1 winMode=1 userId=0}
07-14 14:52:07.201  2794  2840 V WindowManagerShell:     ]}
07-14 14:52:07.201  2794  2840 V ShellDesktopMode: DesktopModeLogger: taskInfo map after processing changes 0
07-14 14:52:07.201  2794  2840 D ShellDesktopMode: DesktopTaskChangeListener: onTaskMovingToBack for taskId=2243, displayId=0 - desktop not supported
07-14 14:52:07.201  2794  2840 D ShellDesktopMode: DesktopTaskChangeListener: onTaskOpening for taskId=2244, displayId=0 userId=0 currentUserId=0 parentTaskId=-1 isFreeform=false isActive=false isPinned=false
07-14 14:52:07.201  2794  2840 D ShellDesktopMode: DesktopTaskChangeListener: onTaskOpening for taskId=2244, displayId=0 - desktop not supported
07-14 14:52:07.201  2794  2840 V WindowManagerShell: Playing animation for (#1014) android.os.BinderProxy@755cd02@0
07-14 14:52:07.201  2794  2840 D ShellSplitScreen: startAnimation: transition=1014 isSplitActive=false
07-14 14:52:07.201  2794  2840 V ShellRecents: RecentsTransitionHandler.startAnimation: no controller found
07-14 14:52:07.201  2794  2840 V ShellDesktopMode: DesktopMixedTransitionHandler: No pending desktop transition
07-14 14:52:07.201  2794  2840 V WindowManagerShell: Transition doesn't have explicit remote, search filters for match for {id=1014 t=OPEN f=0x0 trk=0 r=[0@Point(0, 0)] c=[{m=OPEN f=NONE leash=Surface(name=Task=2244#14721)/@0x2eaa0d6 sb=Rect(0, 0 - 1080, 2400) eb=Rect(0, 0 - 1080, 2400) epz=Point(1080, 2400) d=0 taskParent=-1 winMode=1 userId=0},{m=TO_BACK f=NONE leash=Surface(name=Task=2243#14701)/@0x66bdf57 sb=Rect(0, 0 - 1080, 2400) eb=Rect(0, 0 - 1080, 2400) epz=Point(1080, 2400) d=0 taskParent=-1 winMode=1 userId=0}]}
07-14 14:52:07.201  2794  2840 V WindowManagerShell:  Checking filter Pair{{types=[] flags=0x0] notFlags=0x0 checks=[{atype=dream independent=true modes=[OPEN,TO_FRONT] flags=NONE mustBeTask=false order=ANY topActivity=null launchCookie=null windowingMode=undefined isCrossDisplayMove=false},{atype=home independent=true modes=[CLOSE,TO_BACK] flags=NONE mustBeTask=false order=ANY topActivity=null launchCookie=null windowingMode=undefined isCrossDisplayMove=false}]} RemoteTransition { remoteTransition = android.window.IRemoteTransition$Stub$Proxy@73b075f, appThread = android.app.IApplicationThread$Stub$Proxy@2db45ac, debugName = LauncherToDream, filter = null }}
07-14 14:52:07.201  2794  2840 V WindowManagerShell:  Checking filter Pair{{types=[] flags=0x0] notFlags=0x0 checks=[{atype=standard independent=false modes=[CHANGE] flags=NONE mustBeTask=true order=ANY topActivity=null launchCookie=null windowingMode=undefined isCrossDisplayMove=true}]} RemoteTransition { remoteTransition = android.window.IRemoteTransition$Stub$Proxy@59f4275, appThread = android.app.IApplicationThread$Stub$Proxy@68d220a, debugName = QuickstepDisplayMove, filter = null }}
07-14 14:52:07.201  2794  2840 V WindowManagerShell:  Checking filter Pair{{types=[] flags=0x0] notFlags=0x100 checks=[{atype=home independent=true modes=[OPEN,TO_FRONT] flags=NONE mustBeTask=false order=ANY topActivity=ComponentInfo{com.google.android.apps.nexuslauncher/com.google.android.apps.nexuslauncher.NexusLauncherActivity} launchCookie=null windowingMode=undefined isCrossDisplayMove=false},{atype=standard independent=true modes=[CLOSE,TO_BACK] flags=NONE mustBeTask=false order=ANY topActivity=null launchCookie=null windowingMode=undefined isCrossDisplayMove=false},{NOT atype=undefined independent=true modes=[] flags=NONE mustBeTask=true order=ANY topActivity=null launchCookie=null customAnim=true windowingMode=undefined isCrossDisplayMove=false}]} RemoteTransition { remoteTransition = android.window.IRemoteTransition$Stub$Proxy@832ba7b, appThread = android.app.IApplicationThread$Stub$Proxy@88d1098, debugName = QuickstepLaunchHome, filter = null }}
07-14 14:52:07.201  2794  2840 V WindowManagerShell:  Checking filter Pair{{types=[OPEN,TO_FRONT] flags=0x0] notFlags=0x0 checks=[{atype=standard independent=true modes=[OPEN,TO_FRONT] flags=NONE mustBeTask=true order=ANY topActivity=null launchCookie=null windowingMode=freeform isCrossDisplayMove=false}]} RemoteTransition { remoteTransition = android.window.IRemoteTransition$Stub$Proxy@cae90f1, appThread = null, debugName = DesktopWindowLimitUnminimize, filter = null }}
07-14 14:52:07.201  2794  2840 V WindowManagerShell:  Delegate animation for (#1014) to null
07-14 14:52:07.201  2794  2840 V WindowManagerShell: start default transition animation, info = {id=1014 t=OPEN f=0x0 trk=0 r=[0@Point(0, 0)] c=[{m=OPEN f=NONE leash=Surface(name=Task=2244#14721)/@0x2eaa0d6 sb=Rect(0, 0 - 1080, 2400) eb=Rect(0, 0 - 1080, 2400) epz=Point(1080, 2400) d=0 taskParent=-1 winMode=1 userId=0},{m=TO_BACK f=NONE leash=Surface(name=Task=2243#14701)/@0x66bdf57 sb=Rect(0, 0 - 1080, 2400) eb=Rect(0, 0 - 1080, 2400) epz=Point(1080, 2400) d=0 taskParent=-1 winMode=1 userId=0}]}
07-14 14:52:07.202  2794  2840 V WindowManagerShell: loadAnimation: anim=android.view.animation.AnimationSet@db5e929 animAttr=0x9 type=OPEN isEntrance=false
07-14 14:52:07.208  1880  1939 V WindowManager: Sent Transition (#1014) createdAt=07-14 14:52:07.160 via request=TransitionRequestInfo { type = OPEN, triggerTask = TaskInfo{userId=0 taskId=2244 effectiveUid=10513 displayId=0 isRunning=true baseIntent=Intent { flg=0x10000000 cmp=local.qbdi.adjustreference/.MainActivity } baseActivity=ComponentInfo{local.qbdi.adjustreference/local.qbdi.adjustreference.MainActivity} topActivity=ComponentInfo{local.qbdi.adjustreference/local.qbdi.adjustreference.MainActivity} origActivity=null realActivity=ComponentInfo{local.qbdi.adjustreference/local.qbdi.adjustreference.MainActivity} realActivityIsAppLockEnabled=false numActivities=1 lastActiveTime=1028937535 supportsMultiWindow=true resizeMode=1 isResizeable=true minWidth=-1 minHeight=-1 defaultMinSize=220 token=WCT{RemoteToken{f8cc15d Task{86e9d04 #2244 type=standard A=10513:local.qbdi.adjustreference}}} topActivityType=1 pictureInPictureParams=null shouldDockBigOverlays=false launchIntoPipHostTaskId=-1 lastParentTaskIdBeforePip=-1 displayCutoutSafeInsets=Rect(0, 132 - 0, 0) topActivityInfo=ActivityInfo{cc6dad2 local.qbdi.adjustreference.MainActivity} launchCookies=[] positionInParent=Point(0, 0) parentTaskId=-1 isFocused=false isVisible=false isVisibleRequested=false isTopActivityNoDisplay=false isSleeping=false locusId=null displayAreaFeatureId=1 isTopActivityTransparent=false isActivityStackTransparent=false lastNonFullscreenBounds=null leafTaskBoundsFromOptions= false capturedLink=null capturedLinkTimestamp=0 requestedVisibleTypes=503 topActivityRequestOpenInBrowserEducationTimestamp=0 appCompatTaskInfo=AppCompatTaskInfo { topActivityInSizeCompat=false isLeafTask= true eligibleForLetterboxEducation= false isLetterboxEducationEnabled= false isLetterboxDoubleTapEnabled= false eligibleForUserAspectRatioButton= false topActivityBoundsLetterboxed= false isFromLetterboxDoubleTap= false topActivityLetterboxVerticalPosition= -1 topActivityLetterboxHorizontalPosition= -1 topActivityLetterboxWidth=-1 topActivityLetterboxHeight=-1 topActivityAppBounds=Rect(0, 0 - 1080, 2400) isUserFullscreenOverrideEnabled=false isSystemFullscreenOverrideEnabled=false hasMinAspectRatioOverride=false topActivityLetterboxBounds=null topNonResizableActivityAspectRatio=-1.0} topActivityMainWindowFrame=null isAppBubble=false}, pipChange = null, remoteTransitionInfo = null, displayChange = null, requestedLocation = null, userChange = null, windowingLayerChange = null, fullscreenRequestChange = null, flags = 0, debugId = 1014 }
07-14 14:52:07.208  1880  1939 V WindowManager:     startWCT=WindowContainerTransaction { changes= {} hops= [] flags= 0 errorCallbackToken=null taskFragmentOrganizer=null }
07-14 14:52:07.209  1880  1939 V WindowManager:     info={id=1014 t=OPEN f=0x0 trk=0 r=[0@Point(0, 0)] c=[
07-14 14:52:07.209  1880  1939 V WindowManager:         {WCT{RemoteToken{f8cc15d Task{86e9d04 #2244 type=standard A=10513:local.qbdi.adjustreference}}} m=OPEN f=NONE leash=Surface(name=Task=2244#14721)/@0xc159288 sb=Rect(0, 0 - 1080, 2400) eb=Rect(0, 0 - 1080, 2400) epz=Point(1080, 2400) d=0 taskParent=-1 winMode=1 userId=0},
07-14 14:52:07.209  1880  1939 V WindowManager:         {WCT{RemoteToken{f877a0 Task{b0cf6de #2243 type=standard I=top.simitalk.aichat/.MainActivity}}} m=TO_BACK f=NONE leash=Surface(name=Task=2243#14701)/@0xda8f546 sb=Rect(0, 0 - 1080, 2400) eb=Rect(0, 0 - 1080, 2400) epz=Point(1080, 2400) d=0 taskParent=-1 winMode=1 userId=0}
07-14 14:52:07.209  1880  1939 V WindowManager:     ]}
07-14 14:52:07.212  2794  2840 V WindowManagerShell: loadAnimation: anim=android.view.animation.AnimationSet@34aeb86 animAttr=0x8 type=OPEN isEntrance=true
07-14 14:52:07.212  2794  2840 V WindowManagerShell:  animated by com.android.wm.shell.transition.DefaultTransitionHandler@4e27c73
07-14 14:52:07.213  2794  2840 V ShellTaskOrganizer: Task appeared taskId=2244 listener=FullscreenTaskListener
07-14 14:52:07.213  2794  2840 V ShellTaskOrganizer: Fullscreen Task Appeared: #2244
07-14 14:52:07.213  3171  3171 D b/417220811: invalidateLoadedTasks - previous requestLoadId: -1
07-14 14:52:07.225  2794  2840 V WindowManagerShell: Transition animation finished (aborted=false), notifying core (#1014) android.os.BinderProxy@755cd02@0
07-14 14:52:07.227 31755 31755 D VRI[MainActivity]: visibilityChanged oldVisibility=true newVisibility=false
07-14 14:52:07.227  1880  1939 V WindowManager: Finish Transition (#1014): created at 07-14 14:52:07.160 collect-started=0.235ms request-sent=9.619ms started=11.411ms ready=37.553ms sent=38.57ms commit=26.748ms finished=66.722ms
07-14 14:52:07.228  2794  2840 V WindowManagerShell: Track 0 became idle
07-14 14:52:07.228  2794  2840 V WindowManagerShell: All active transition animations finished
07-14 14:52:07.230  1880  2763 W ImageReader_JNI: Unable to acquire a buffer item, very likely client tried to acquire more than maxImages buffers
07-14 14:52:07.277  3171  3171 D b/417220811: invalidateLoadedTasks - previous requestLoadId: -1
07-14 14:52:07.371 31864 31864 I adjustreference: Using CollectorTypeCMC GC.
07-14 14:52:07.380 31864 31864 D nativeloader: Load libframework-connectivity-tiramisu-jni.so using APEX ns com_android_tethering for caller /apex/com.android.tethering/javalib/framework-connectivity-t.jar: ok
07-14 14:52:07.380  1663  1723 I adbd    : jdwp connection from 31864
07-14 14:52:07.391  1880  2747 D BackgroundInstallControlService: Package event received: 0
07-14 14:52:07.392  1880  2747 D BackgroundInstallControlService: Package event received: 0
07-14 14:52:07.396  1880  2699 D InetDiagMessage: Destroyed 0 sockets, proto=IPPROTO_TCP, family=AF_INET, states=14
07-14 14:52:07.397  1880  2699 D InetDiagMessage: Destroyed 0 sockets, proto=IPPROTO_TCP, family=AF_INET6, states=14
07-14 14:52:07.397  1880  2699 D InetDiagMessage: Destroyed live tcp sockets for uids={10179} in 2ms
07-14 14:52:07.398  1880  2699 D InetDiagMessage: Destroyed 0 sockets, proto=IPPROTO_TCP, family=AF_INET, states=14
07-14 14:52:07.399  1880  2699 D InetDiagMessage: Destroyed 0 sockets, proto=IPPROTO_TCP, family=AF_INET6, states=14
07-14 14:52:07.399  1880  2699 D InetDiagMessage: Destroyed live tcp sockets for uids={20179} in 1ms
07-14 14:52:07.417 31864 31864 D nativeloader: Configuring clns-9 for other apk /data/app/~~7_posD2Xt1__e0e3j-WT5Q==/local.qbdi.adjustreference-g0OvN03MKCT_ocLhy-EC4Q==/base.apk. target_sdk_version=35, uses_libraries=, library_path=/data/app/~~7_posD2Xt1__e0e3j-WT5Q==/local.qbdi.adjustreference-g0OvN03MKCT_ocLhy-EC4Q==/lib/arm64:/data/app/~~7_posD2Xt1__e0e3j-WT5Q==/local.qbdi.adjustreference-g0OvN03MKCT_ocLhy-EC4Q==/base.apk!/lib/arm64-v8a, permitted_path=/data:/mnt/expand:/data/user/0/local.qbdi.adjustreference
07-14 14:52:07.417 31864 31864 D CompatChangeReporter: Compat change id reported: 202956589; UID 10513; state: ENABLED
07-14 14:52:07.431 31864 31864 V GraphicsEnvironment: Currently set values for:
07-14 14:52:07.431 31864 31864 V GraphicsEnvironment:   angle_gl_driver_selection_pkgs=[com.android.angle]
07-14 14:52:07.431 31864 31864 V GraphicsEnvironment:   angle_gl_driver_selection_values=[angle]
07-14 14:52:07.431 31864 31864 V GraphicsEnvironment: local.qbdi.adjustreference is not listed in per-application setting
07-14 14:52:07.431 31864 31864 V GraphicsEnvironment: No special selections for ANGLE, returning default driver choice
07-14 14:52:07.431 31864 31864 V GraphicsEnvironment: Neither updatable production driver nor prerelease driver is supported.
07-14 14:52:07.435  1880  3964 D CompatChangeReporter: Compat change id reported: 324203798; UID 10513; state: ENABLED
07-14 14:52:07.437  1880  2747 D BackgroundInstallControlService: Package event received: 0
07-14 14:52:07.437  1880  2747 D BackgroundInstallControlService: Package event received: 0
07-14 14:52:07.439 31864 31879 I DisplayManager: Choreographer implicitly registered for the refresh rate.
07-14 14:52:07.440 31864 31879 D vulkan  : searching for layers in '/data/app/~~7_posD2Xt1__e0e3j-WT5Q==/local.qbdi.adjustreference-g0OvN03MKCT_ocLhy-EC4Q==/lib/arm64'
07-14 14:52:07.441 31864 31879 D vulkan  : searching for layers in '/data/app/~~7_posD2Xt1__e0e3j-WT5Q==/local.qbdi.adjustreference-g0OvN03MKCT_ocLhy-EC4Q==/base.apk!/lib/arm64-v8a'
07-14 14:52:07.447  1880  1940 W AppWarnings: Showing PageSizeMismatchDialog for package local.qbdi.adjustreference
07-14 14:52:07.458  1880  1940 D WindowOnBackDispatcher: setTopOnBackInvokedCallback (unwrapped): android.app.Dialog$$ExternalSyntheticLambda2@f71ad3a
07-14 14:52:07.458  1880  1940 D CoreBackPreview: Window{12d271 u0 android}: Setting back callback OnBackInvokedCallbackInfo{mCallback=android.window.WindowOnBackInvokedDispatcher$OnBackInvokedCallbackWrapper@b0a9deb, mPriority=-1, mIsAnimationCallback=false, mOverrideBehavior=0}
07-14 14:52:07.473 31864 31864 D CompatChangeReporter: Compat change id reported: 309578419; UID 10513; state: ENABLED
07-14 14:52:07.473 31864 31864 D DesktopExperienceFlags: Toggle override initialized to: false
07-14 14:52:07.473 31864 31864 D DesktopModeFlags: Toggle override initialized to: OVERRIDE_UNSET
07-14 14:52:07.474  1880  2699 D InetDiagMessage: Destroyed 0 sockets, proto=IPPROTO_TCP, family=AF_INET, states=14
07-14 14:52:07.475  1880  2699 D InetDiagMessage: Destroyed 0 sockets, proto=IPPROTO_TCP, family=AF_INET6, states=14
07-14 14:52:07.475  1880  2699 D InetDiagMessage: Destroyed live tcp sockets for uids={10283} in 2ms
07-14 14:52:07.476  1880  2699 D InetDiagMessage: Destroyed 0 sockets, proto=IPPROTO_TCP, family=AF_INET, states=14
07-14 14:52:07.477  1880  2699 D InetDiagMessage: Destroyed 0 sockets, proto=IPPROTO_TCP, family=AF_INET6, states=14
07-14 14:52:07.478  1880  2699 D InetDiagMessage: Destroyed live tcp sockets for uids={20283} in 2ms
07-14 14:52:07.556 31864 31886 I Frida   : Listening on 127.0.0.1 TCP port 27042
07-14 14:52:07.893  2975  4119 D ImpulseConnection: timeout didn't happen: com.google.android.apps.turbo
07-14 14:52:07.898  2975  3236 D TemperatureStateSource: sequence=78004 actualDelay=10000
07-14 14:52:07.898  2975  3236 D TemperatureStateSource: Reading temperature: sequence=78005
07-14 14:52:07.899  2247  2247 I pixel-thermal: VIRTUAL-SKIN:37.3679 raw data: VIRTUAL-SKIN:37367.9 VIRTUAL-SKIN-SUB-0:36505.5 VIRTUAL-SKIN-SUB-1:36760 VIRTUAL-SKIN-SUB-2:34324.1 VIRTUAL-SKIN-SUB-3:36791.5 VIRTUAL-SKIN-SUB-4:34291.8 VIRTUAL-SKIN-SUB-5:35844.7 VIRTUAL-SKIN-SUB-6:37367.9 VIRTUAL-SKIN-SUB-7:34367.4 VIRTUAL-SKIN-SUB-8:35026.8 battery:34700 cam_therm:36269 charge_therm:41914 disp_therm:36113 neutral_therm:37693 north_therm:35668 quiet_therm:34443 soc_therm:43036 usb_pwr_therm:35356 
07-14 14:52:07.900  2975  3236 D TemperatureStateSource: getDeviceTemperatures: sequence=78005 deviceTemperatureType=3 temperatureSource=0 temperatures=[37.3679]
07-14 14:52:07.900  2975  3236 D BusinessScope: Enqueuing the block
07-14 14:52:07.900  2975  3236 D TemperatureStateSource: sequence=78005 waitTime=10000
07-14 14:52:07.900  2975  3119 D BusinessScope: Start running the #156280 block
07-14 14:52:07.900  2247  2247 I pixel-thermal: VIRTUAL-SKIN:37.3679 raw data: VIRTUAL-SKIN:37367.9 
07-14 14:52:07.900  2975  3119 I TemperatureStateSource: temperature was set
07-14 14:52:07.901  2975  3119 D BusinessScope: Enqueuing the block
07-14 14:52:07.901  2975  3119 D ImpulseStateSource: Notify clients: 78134
07-14 14:52:07.901  2975  3119 D BusinessScope: Finish running the #156280 block
07-14 14:52:07.901  2975  3119 D BusinessScope: Start running the #156281 block
07-14 14:52:07.901  2975  3236 D BusinessScope: Finish running the #156281 block
07-14 14:52:07.920  1499  1548 I WifiHAL : Creating message to get link statistics; iface = 47
07-14 14:52:08.000  1499  2770 I WifiHAL : Getting cached scan results, iface handle = 0xb400006ec4b79dd0
07-14 14:52:08.000  1499  2770 E WifiHAL : Creating message to get cached scan results
07-14 14:52:08.009  1499  2770 I WifiHAL : In GetCachedScanResultsCommand::handleResponse
07-14 14:52:08.047  3390  3429 D IwlanDataService: onCapabilitiesChanged: 136 [ Transports: WIFI Capabilities: NOT_METERED&INTERNET&NOT_RESTRICTED&TRUSTED&NOT_VPN&VALIDATED&NOT_ROAMING&FOREGROUND&NOT_CONGESTED&NOT_SUSPENDED&NOT_VCN_MANAGED&NOT_BANDWIDTH_CONSTRAINED LinkUpBandwidth>=12606Kbps LinkDnBandwidth>=154130Kbps TransportInfo: <SSID: "CU_NmS6_5G", BSSID: a0:44:5c:fb:4a:74, MAC: 56:cd:07:94:3c:35, IP: /192.168.1.177, Security type: 2, Supplicant state: COMPLETED, Wi-Fi standard: 11ax, RSSI: -32, Link speed: 1633Mbps, Tx Link speed: 1633Mbps, Max Supported Tx Link speed: 2401Mbps, Rx Link speed: 2401Mbps, Max Supported Rx Link speed: 2401Mbps, Frequency: 5180MHz, Net ID: 0, Metered hint: false, score: 100, isUsable: true, CarrierMerged: false, SubscriptionId: -1, IsPrimary: 1, Trusted: true, Restricted: false, Ephemeral: false, OEM paid: false, OEM private: false, OSU AP: false, FQDN: <none>, Provider friendly name: <none>, Requesting package name: <none>"CU_NmS6_5G"wpa2-pskMLO Information: , Is TID-To-Link negotiation supported by the AP: false, AP MLD Address: <none>, AP MLO Link Id: <none>, AP MLO Affiliated links: <none>, Vendor Data: <none>> SignalStrength: -32 OwnerUid: 1000 AdminUids: [1000] SSID: "CU_NmS6_5G" UnderlyingNetworks: Null]
07-14 14:52:08.047  3472  3576 D IwlanNetworkStatusTracker: onCapabilitiesChanged: 136
07-14 14:52:08.047  3472  3576 D IwlanNetworkStatusTracker: OnCapability : Wifi Available already true and validation status unchanged
07-14 14:52:08.047  3472  3576 E IwlanNetworkStatusTracker: Could not get Wifi SSID
07-14 14:52:08.048  3049  4015 W SHANNON_IMS: 8918 [CONN] NetworkSpecifier and TransportInfo are not valid (DefaultNetworkCallback%updateSubscriptionId:121)
07-14 14:52:08.048  3049  4015 I SHANNON_IMS: 8920 [CONN] network:136 WIFI connected, subId: -1 [SLID:0] (DefaultNetworkCallback%onCapabilitiesChanged:76)
07-14 14:52:08.048  3015  3890 D SHANNON_RCS: 4146 [0][PROX][TELE] onCapabilitiesChanged, Network: 136, NetworkCapabilities: [ Transports: WIFI Capabilities: NOT_METERED&INTERNET&NOT_RESTRICTED&TRUSTED&NOT_VPN&VALIDATED&NOT_ROAMING&FOREGROUND&NOT_CONGESTED&NOT_SUSPENDED&NOT_VCN_MANAGED&NOT_BANDWIDTH_CONSTRAINED LinkUpBandwidth>=12606Kbps LinkDnBandwidth>=154130Kbps TransportInfo: <SSID: <unknown ssid>, BSSID: 02:00:00:00:00:00, MAC: 02:00:00:00:00:00, IP: /192.168.1.177, Security type: 2, Supplicant state: COMPLETED, Wi-Fi standard: 11ax, RSSI: -32, Link speed: 1633Mbps, Tx Link speed: 1633Mbps, Max Supported Tx Link speed: 2401Mbps, Rx Link speed: 2401Mbps, Max Supported Rx Link speed: 2401Mbps, Frequency: 5180MHz, Net ID: -1, Metered hint: false, score: 100, isUsable: true, CarrierMerged: false, SubscriptionId: -1, IsPrimary: -1, Trusted: true, Restricted: false, Ephemeral: false, OEM paid: false, OEM private: false, OSU AP: false, FQDN: <none>, Provider friendly name: <none>, Requesting package name: <none><none>MLO Information: , Is TID-To-Link negotiation supported by the AP: false, AP MLD Address: <none>, AP MLO Link Id: <none>, AP MLO Affiliated links: <none>, Vendor Data: <none>> SignalStrength: -32 UnderlyingNetworks: Null] (DefaultNetworkCallback%onCapabilitiesChanged:76)
07-14 14:52:08.047  3390  3429 D IwlanDataService: Network 136 connected using transport WIFI
07-14 14:52:08.049  3390  3519 D IwlanNetworkService: onCapabilitiesChanged: 136
07-14 14:52:08.049  3807  3898 D DeviceStateHelper: Wifi freq: 5180
07-14 14:52:08.051  3807  3918 I WifiSignalInfo: onCapabilitiesChanged: rssi:-32
07-14 14:52:08.051  3807  3905 D ImsPreconditionCheck: {subId=1} handleMessage: { when=0 what=16 target=eja async=false heapIndex=-1 }
07-14 14:52:08.051  3807  3905 D ImsPreconditionCheck: {subId=1} onWifiCapabilitiesChanged: wifiNetworkValidated: true
07-14 14:52:08.051  9673  9673 I MagicTether: (REDACTED) [ActiveNetworkTracker] setActiveNetwork: %s
07-14 14:52:08.051  9673  9673 I MagicTether: (REDACTED) [TetherService] onActiveNetworkChanged: network=%s isLost=%s
07-14 14:52:08.051 11863 11959 D HTTPDNS : Network onCapabilitiesChanged(136)
07-14 14:52:08.051  1499  2770 D WifiHAL : Start debug command: mType GET_FEATURE
07-14 14:52:08.051  1499  2770 I WifiHAL : CreateRequest mType = GET_FEATURE
07-14 14:52:08.051  1499  2770 D WifiHAL : In DebugCommand::handleResponse, mType:GET_FEATURE
07-14 14:52:08.051  1499  2770 D WifiHAL : len = 4, expected len = 4
07-14 14:52:08.052  9673 31614 I MagicTether: [WifiConnectionHandler] Ignoring getWifiConfigurationByNetworkId when checking connected state [CONTEXT service_id=276 ]
07-14 14:52:08.052  9673 31614 I MagicTether: [WifiConnectionHandler] No networkId set, can't be connected. [CONTEXT service_id=276 ]
07-14 14:52:08.053  9673 31614 I MagicTether: (REDACTED) [TetherService] TRANSPORT_CELLULAR [%s], TRANSPORT_ETHERNET [%s], TRANSPORT_WIFI [%s]
07-14 14:52:08.053  1880  2747 D BackgroundInstallControlService: Package event received: 0
07-14 14:52:08.053  9673 31614 I MagicTether: (REDACTED) [TetherService] setRoles hasActiveNetworkConnection=%s canActiveNetworkBeTethered=%s isConnectedToInstantTether=%s isWifiEnabled=%s isHosting=%s
07-14 14:52:08.054 17545 17545 I Wildlife_WildlifeVpnReceiver: ACTION_WIFI_STATE_CHANGED
07-14 14:52:08.054 17545 17545 I Wildlife_WildlifeCobaltEventLoggerImpl: SysUI wifi state changed event logged
07-14 14:52:08.054 17545 17545 I Wildlife_WildlifeVpnManagerImpl: restoreSettingsFromBackupIfNecessary() false, true, false
07-14 14:52:08.055 16683 16769 I BugleRcsEngine: Connected state: [1], networkType: [WIFI] [CONTEXT thread_id=95 ]
07-14 14:52:08.055 16683 16774 I BugleRcsEngine: handleMessage processing message:[NOTIFY_UPTIME_IGNORE_STATE_CHANGED] with [non-null]:RcsEngineImpl reference [CONTEXT log_prefix="RcsEngineImpl[DUAL_REG]:[5e41f6bd-fcc7]>Handler" thread_id=99 ]
07-14 14:52:08.055 27032 27032 W JobService: onNetworkChanged() not implemented in com.google.android.finsky.scheduler.process.mainimpl.PhoneskyJobServiceMain. Must override in a subclass.
07-14 14:52:08.056 17545 17545 I Wildlife_OpenWifiNudgeManagerImpl: wifiStateChangedFuture
07-14 14:52:08.056 17545 31419 I Wildlife_OpenWifiNudgeManagerImpl: handleWifiStateChanged(): consumer is not active
07-14 14:52:08.056  3706  3760 D WM-WorkConstraintsTrack: NetworkRequestConstraintController onCapabilitiesChanged callback
07-14 14:52:08.057 10093 10182 D WM-NetworkStateTracker: Network capabilities changed: [ Transports: WIFI Capabilities: NOT_METERED&INTERNET&NOT_RESTRICTED&TRUSTED&NOT_VPN&VALIDATED&NOT_ROAMING&FOREGROUND&NOT_CONGESTED&NOT_SUSPENDED&NOT_VCN_MANAGED&NOT_BANDWIDTH_CONSTRAINED LinkUpBandwidth>=12606Kbps LinkDnBandwidth>=154130Kbps TransportInfo: <SSID: <unknown ssid>, BSSID: 02:00:00:00:00:00, MAC: 02:00:00:00:00:00, IP: /192.168.1.177, Security type: 2, Supplicant state: COMPLETED, Wi-Fi standard: 11ax, RSSI: -32, Link speed: 1633Mbps, Tx Link speed: 1633Mbps, Max Supported Tx Link speed: 2401Mbps, Rx Link speed: 2401Mbps, Max Supported Rx Link speed: 2401Mbps, Frequency: 5180MHz, Net ID: -1, Metered hint: false, score: 100, isUsable: true, CarrierMerged: false, SubscriptionId: -1, IsPrimary: -1, Trusted: true, Restricted: false, Ephemeral: false, OEM paid: false, OEM private: false, OSU AP: false, FQDN: <none>, Provider friendly name: <none>, Requesting package name: <none><none>MLO Information: , Is TID-To-Link negotiation supported by the AP: false, AP MLD Address: <none>, AP MLO Link Id: <none>, AP MLO Affiliated links: <none>, Vendor Data: <none>> SignalStrength: -32 UnderlyingNetworks: Null]
07-14 14:52:08.057  9673  9673 I MagicTether: (REDACTED) [LaunchUtils] Instant Wifi for status account: name: %s | type: %s | isLaunched: %s
07-14 14:52:08.057  9673  9673 I MagicTether: (REDACTED) [TidepoolFeatureStatusManager] isInstantHotspotEnabled=%s
07-14 14:52:08.057  9673  9673 I MagicTether: (REDACTED) [TidepoolFeatureStatusManager] isInstantWifiEnabled=%s
07-14 14:52:08.057  9673  9673 I MagicTether: (REDACTED) [TetherService] startNearbyClientRole: start: %s isInstantHotspotEnabled: %s isInstantWifiEnabled: %s
07-14 14:52:08.057  9673  9673 I MagicTether: [TetherService] Stopping Nearby client role [CONTEXT service_id=276 ]
07-14 14:52:08.057 25303 26277 I CobaltLoggerImpl: (REDACTED) Logging Cobalt occurrence for metric %d-%d-%d, with count %d and event vector %s, for caller: %s
07-14 14:52:08.057  9673  9673 I MagicTether: [ClientTetherRole] Client role already stopped [CONTEXT service_id=276 ]
07-14 14:52:08.057 25303 26277 I CobaltLoggerImpl: (REDACTED) Loaded Cobalt registry contains metric: %d-%d-%d
07-14 14:52:08.058  9673  9673 I MagicTether: (REDACTED) [LaunchUtils] Instant Wifi for status account: name: %s | type: %s | isLaunched: %s
07-14 14:52:08.058  9673  9673 I MagicTether: (REDACTED) [TidepoolFeatureStatusManager] isInstantHotspotEnabled=%s
07-14 14:52:08.058  9673  9673 I MagicTether: (REDACTED) [TidepoolFeatureStatusManager] isInstantWifiEnabled=%s
07-14 14:52:08.058  9673  9673 I MagicTether: (REDACTED) [TetherService] startNearbyHostRole: start: %s isInstantHotspotEnabled: %s isInstantWifiEnabled: %s
07-14 14:52:08.058  9673  9673 I MagicTether: (REDACTED) [TidepoolFeatureStatusManager] isInstantHotspotEnabled=%s
07-14 14:52:08.058  9673  9673 I MagicTether: [HostTetherRole] Nearby host role already started [CONTEXT service_id=276 ]
07-14 14:52:08.059  9673 11703 I NullBinder: NullBinder for android.net.action.RECOMMEND_NETWORKS triggering remote TransactionTooLargeException due to Service without Chimera impl, calling uid: 1000, calling pid: 0
07-14 14:52:08.059  9673 11703 W libbinder.Binder: Large reply transaction of 1056768 bytes, interface descriptor , code 1, flags 17
07-14 14:52:08.060  1880  2699 D ConnectivityService: NetReassign [no changes] [c 0] [a 1] [i 0]
07-14 14:52:08.060  1632  1632 D AOC     : CHRE: DRAM vote count begins
07-14 14:52:08.060  9673 31655 I NearbyMediums: Wifi changed new SSID: "CU_NmS6_5G"
07-14 14:52:08.061  9673 31655 I NearbyMediums: WifiLanConnectivityInfo is not changed, skip notify.
07-14 14:52:08.061  1421  1457 D CHRE    : @ 1028949.821: Parsed nanoapp message from host: app ID 0x476f6f676c00100b endpoint 0x44 msgType 112 payload size 14
07-14 14:52:08.061  1632  1632 D AOC     : CHRE: DRAM vote count ends: 0 ms
07-14 14:52:08.061  1632  1632 D AOC     : CHRE: DRAM vote count begins
07-14 14:52:08.061  1421  1457 I CHRE    : @ 1028949.821: [NanoMinion] received MSG Type 0x70, Version 1, 10 bytes
07-14 14:52:08.061  1421  1457 I CHRE    : @ 1028949.821: [AR] context-signal: has_bt=0, bt=0, has_wifi=1, wifi=1
07-14 14:52:08.061  1632  1632 D AOC     : CHRE: DRAM vote count ends: 0 ms
07-14 14:52:08.551  9673 31655 I NearbySharing: Network state changed: NetworkState(isRestricted=false, isOnline=true, isCongested=false, isMetered=false, isWifiConnected=true)
07-14 14:52:08.551  9673 31231 I NearbySharing: Network state changed: NetworkState(isRestricted=false, isOnline=true, isCongested=false, isMetered=false, isWifiConnected=true)
07-14 14:52:08.838 31864 31864 D nativeloader: Load /data/app/~~7_posD2Xt1__e0e3j-WT5Q==/local.qbdi.adjustreference-g0OvN03MKCT_ocLhy-EC4Q==/lib/arm64/libreference_runtime.so using class loader ns clns-9 (caller=/data/app/~~7_posD2Xt1__e0e3j-WT5Q==/local.qbdi.adjustreference-g0OvN03MKCT_ocLhy-EC4Q==/base.apk): ok
07-14 14:52:08.841 31864 31864 D nativeloader: Load /data/app/~~7_posD2Xt1__e0e3j-WT5Q==/local.qbdi.adjustreference-g0OvN03MKCT_ocLhy-EC4Q==/lib/arm64/libsigner.so using class loader ns clns-9 (caller=/data/app/~~7_posD2Xt1__e0e3j-WT5Q==/local.qbdi.adjustreference-g0OvN03MKCT_ocLhy-EC4Q==/base.apk): ok
07-14 14:52:08.932 27032 27195 E PlayCommon: [171] Failed to connect to server for log upload.
07-14 14:52:08.940 31755 31901 D ProfileInstaller: Skipping profile installation for top.simitalk.aichat
07-14 14:52:09.057 31864 31864 I ContentCaptureHelper: Setting logging level to OFF
07-14 14:52:09.071  1880  2545 D ActivityManager: freezing 31121 com.google.android.flipendo
07-14 14:52:09.073  1880  2699 D InetDiagMessage: Destroyed 0 sockets, proto=IPPROTO_TCP, family=AF_INET, states=14
07-14 14:52:09.074  1880  2699 D InetDiagMessage: Destroyed 0 sockets, proto=IPPROTO_TCP, family=AF_INET6, states=14
07-14 14:52:09.075  1880  2699 D InetDiagMessage: Destroyed live tcp sockets for uids={10255} in 3ms
07-14 14:52:09.087  1880  2545 D ActivityManager: freezing 31136 com.google.android.apps.pixel.dcservice
07-14 14:52:09.089  1880  2699 D InetDiagMessage: Destroyed 0 sockets, proto=IPPROTO_TCP, family=AF_INET, states=14
07-14 14:52:09.090  1880  2699 D InetDiagMessage: Destroyed 0 sockets, proto=IPPROTO_TCP, family=AF_INET6, states=14
07-14 14:52:09.090  1880  2699 D InetDiagMessage: Destroyed live tcp sockets for uids={10220} in 2ms
07-14 14:52:09.120  1880  2545 D ActivityManager: freezing 31102 com.google.android.turboadapter
07-14 14:52:09.124  1880  2699 D InetDiagMessage: Destroyed 0 sockets, proto=IPPROTO_TCP, family=AF_INET, states=14
07-14 14:52:09.125  1880  2699 D InetDiagMessage: Destroyed 0 sockets, proto=IPPROTO_TCP, family=AF_INET6, states=14
07-14 14:52:09.125  1880  2699 D InetDiagMessage: Destroyed live tcp sockets for uids={10228} in 3ms
07-14 14:52:09.157 31864 31864 V SignerInstance: Signing all the parameters begin: 2026-07-14T14:52:09.155+0800
07-14 14:52:09.164 31864 31864 V SignerInstance: Calling native begin: 2026-07-14T14:52:09.164+0800
10-09 16:53:20.123 31864 31864 V signer  : Signing all the parameters begin: 2025-10-09T16:53:20.123Z+0800
07-14 14:52:09.188 31864 31864 W adjustreference: type=1400 audit(0.0:96057): avc:  denied  { read } for  name="tcp" dev="proc" ino=4026532026 scontext=u:r:untrusted_app:s0:c1,c258,c512,c768 tcontext=u:object_r:proc_net_tcp_udp:s0 tclass=file permissive=0 app=local.qbdi.adjustreference
07-14 14:52:09.260 31864 31864 W adjustreference: type=1400 audit(0.0:96058): avc:  denied  { read } for  name="drivers" dev="proc" ino=4026531854 scontext=u:r:untrusted_app:s0:c1,c258,c512,c768 tcontext=u:object_r:proc_tty_drivers:s0 tclass=file permissive=0 app=local.qbdi.adjustreference
07-14 14:52:09.272 31864 31864 W adjustreference: type=1400 audit(0.0:96059): avc:  denied  { read } for  name="version" dev="proc" ino=4026532005 scontext=u:r:untrusted_app:s0:c1,c258,c512,c768 tcontext=u:object_r:proc_version:s0 tclass=file permissive=0 app=local.qbdi.adjustreference
07-14 14:52:09.276 31864 31864 W adjustreference: type=1400 audit(0.0:96060): avc:  denied  { read } for  name="u:object_r:serialno_prop:s0" dev="tmpfs" ino=434 scontext=u:r:untrusted_app:s0:c1,c258,c512,c768 tcontext=u:object_r:serialno_prop:s0 tclass=file permissive=0 app=local.qbdi.adjustreference
10-09 16:53:20.123 31864 31864 W libc    : Access denied finding property "ro.boot.serialno"
07-14 14:52:09.300 31864 31864 W adjustreference: type=1400 audit(0.0:96061): avc:  denied  { read } for  name="u:object_r:serialno_prop:s0" dev="tmpfs" ino=434 scontext=u:r:untrusted_app:s0:c1,c258,c512,c768 tcontext=u:object_r:serialno_prop:s0 tclass=file permissive=0 app=local.qbdi.adjustreference
10-09 16:53:20.123 31864 31864 W libc    : Access denied finding property "ro.serialno"
10-09 16:53:20.123 31864 31864 W libc    : Access denied finding property "vendor.qemu.timezone"
10-09 16:53:20.123 31864 31864 W libc    : Access denied finding property "vendor.qemu.vport.bluetooth"
10-09 16:53:20.123 31864 31864 W libc    : Access denied finding property "vendor.qemu.sf.fake_camera"
10-09 16:53:20.123 31864 31864 W libc    : Access denied finding property "vendor.qemu.dev.bootcomplete"
10-09 16:53:20.123 31864 31864 W libc    : Access denied finding property "vendor.qemu.vport.modem"
07-14 14:52:10.225  3807  3905 I ConnectivityMonitorStateMachineController: Alarm fired
07-14 14:52:10.235  3807  3905 D ConnectivityMonitorStateMachine: [Default] {subId=1} processMessage(HEART_BEAT) null
07-14 14:52:10.235  3807  3905 I ConnectivityMonitorStateMachine: [Default] {subId=1} Heart Beat
07-14 14:52:10.274  9673 30760 I NetworkScheduler.Stats: (REDACTED) Task %s/%s started execution. cause:%s exec_start_elapsed_seconds: %s
07-14 14:52:10.274  9673 30760 I NetworkScheduler.Stats: (REDACTED) Task %s/%s started execution. cause:%s exec_start_elapsed_seconds: %s
07-14 14:52:10.277 25303 29934 I PlayGamesServices[GamesSyncAdapter]: Starting sync for bc460409
07-14 14:52:10.277 25303 26277 I PlayGamesServices[GamesSyncAdapter]: Starting sync for 8c384c49
07-14 14:52:10.278 25303 26277 I PlayGamesServices[GamesSyncAdapter]: Sync duration for 8c384c49: 0
07-14 14:52:10.278 25303 29934 I PlayGamesServices[GamesSyncAdapter]: Sync duration for bc460409: 0
07-14 14:52:10.285  9673 30759 I NetworkScheduler.Stats: (REDACTED) Task %s/%s finished executing. cause:%s result: %s elapsed_millis: %s uptime_millis: %s exec_start_elapsed_seconds: %s
07-14 14:52:10.287  9673 30759 I NetworkScheduler.Stats: (REDACTED) Task %s/%s finished executing. cause:%s result: %s elapsed_millis: %s uptime_millis: %s exec_start_elapsed_seconds: %s
07-14 14:52:10.292 25303 27787 W PlayGamesServices[UiUtils]: AppVersion: Cannot find the installed destination app.
07-14 14:52:10.292 25303 27787 I GetServiceValidatorImpl: (REDACTED) onGetService() from Client SDK version [%s], Module version [%s], PGA version [%s], Account [%s], Calling package [%s], Game package [%s]
07-14 14:52:10.293 25303 27787 I GetGamesServiceReqFacto: (REDACTED) Parsing request with ignored arguments. signInOptionsBundle [%s], isRetryingSignIn [%s], skipWelcomePopup [%s], requireGooglePlus [%s]
07-14 14:52:10.293 25303 27787 I GetGamesServiceReqFacto: Replacing request for `games` scope with `games_lite`
07-14 14:52:10.297 25303 31922 I SignInPerformer-75: (REDACTED) Handling request [%s], isFirstPartyCaller [%s]
07-14 14:52:10.298 25303 31922 I SignInPerformer-75: Successfully brokered first-party unauthenticated GamesService [CONTEXT service_id=1 ]
07-14 14:52:10.299 25303 31922 I GetGamesServiceV2Op: (REDACTED) Successfully brokered GamesService for request %s
07-14 14:52:10.299 25303 27787 W PlayGamesServices[UiUtils]: AppVersion: Cannot find the installed destination app.
07-14 14:52:10.299 25303 27787 W PlayGamesServices[UiUtils]: AppVersionName: Cannot find the installed destination app.
07-14 14:52:10.304 25303 27787 W PlayGamesServices[UiUtils]: AppVersion: Cannot find the installed destination app.
07-14 14:52:10.304 25303 27787 W PlayGamesServices[UiUtils]: AppVersionName: Cannot find the installed destination app.
07-14 14:52:10.308  9673 30759 I NetworkScheduler.Stats: (REDACTED) Task %s/%s started execution. cause:%s exec_start_elapsed_seconds: %s
10-09 16:53:20.123 31864 31864 V signer  : Signing all the parameters end  : 2025-10-09T16:53:20.123Z+0800
07-14 14:52:10.319 31864 31864 V SignerInstance: Calling native end  : 2026-07-14T14:52:10.317+0800
07-14 14:52:10.320 31864 31864 V SignerInstance: Signing all the parameters end  : 2026-07-14T14:52:10.319+0800
07-14 14:52:10.340  1880  2747 D BackgroundInstallControlService: Package event received: 0
07-14 14:52:10.354  1880  5095 D ActivityManager: sync unfroze 25053 android.process.acore for 7
07-14 14:52:10.355  1880  2747 D BackgroundInstallControlService: Package event received: 0
07-14 14:52:10.355  1880  2747 D BackgroundInstallControlService: Package event received: 0
07-14 14:52:10.355  1880  2747 D BackgroundInstallControlService: Package event received: 0
07-14 14:52:10.355  1880  2747 D BackgroundInstallControlService: Package event received: 0
07-14 14:52:10.357 25303 25303 D BoundBrokerSvc: onBind: Intent { act=com.google.android.gms.people.contactssync.service.START dat=chimera-action:/... xflg=0x4 cmp=com.google.android.gms/.chimera.GmsBoundBrokerService }
07-14 14:52:10.357 25303 25303 D BoundBrokerSvc: Loading bound service for intent: Intent { act=com.google.android.gms.people.contactssync.service.START dat=chimera-action:/... xflg=0x4 cmp=com.google.android.gms/.chimera.GmsBoundBrokerService }
07-14 14:52:10.358 25053 25053 D ActivityThread: Package [io.shiguang.app] reported as REPLACED, but missing application info. Assuming REMOVED.
07-14 14:52:10.358 25053 25053 D ActivityThread: Package [io.shiguang.app] reported as REPLACED, but missing application info. Assuming REMOVED.
07-14 14:52:10.359 25053 25053 D ActivityThread: Package [io.shiguang.app] reported as REPLACED, but missing application info. Assuming REMOVED.
07-14 14:52:10.359 25053 25053 D ActivityThread: Package [io.shiguang.app] reported as REPLACED, but missing application info. Assuming REMOVED.
07-14 14:52:10.359 25053 25053 D ActivityThread: Package [io.shiguang.app] reported as REPLACED, but missing application info. Assuming REMOVED.
07-14 14:52:10.359 25053 25053 D ActivityThread: Package [io.shiguang.app] reported as REPLACED, but missing application info. Assuming REMOVED.
07-14 14:52:10.360 25053 25053 D ActivityThread: Package [io.shiguang.app] reported as REPLACED, but missing application info. Assuming REMOVED.
07-14 14:52:10.360 25053 25053 D ActivityThread: Package [io.shiguang.app] reported as REPLACED, but missing application info. Assuming REMOVED.
07-14 14:52:10.360 25053 25053 D ActivityThread: Package [io.shiguang.app] reported as REPLACED, but missing application info. Assuming REMOVED.
07-14 14:52:10.360 25053 25053 D ActivityThread: Package [io.shiguang.app] reported as REPLACED, but missing application info. Assuming REMOVED.
07-14 14:52:10.360 25053 25053 D ActivityThread: Package [io.shiguang.app] reported as REPLACED, but missing application info. Assuming REMOVED.
07-14 14:52:10.361 25053 25053 D ActivityThread: Package [io.shiguang.app] reported as REPLACED, but missing application info. Assuming REMOVED.
07-14 14:52:10.362 25303 25325 I PeopleChimeraService: onService. callbacks = dbia@5f9b17, request = com.google.android.gms.common.internal.GetServiceRequest@4c03b04
07-14 14:52:10.386 25303 29934 I DCU_RequestGen: No deleted contacts found for upload. [CONTEXT service_id=135 ]
07-14 14:52:10.386 25303 29934 I DCU_ContactsUploader: Nothing to upload! [CONTEXT service_id=135 ]
07-14 14:52:10.428 25303 26277 I DCU_ContactsLogService: Failed to mark incremental upload successful [CONTEXT service_id=135 ]
07-14 14:52:10.428 25303 26277 I DCU_ContactsLogService: java.util.concurrent.ExecutionException: glpx: sync policy is not enabled
07-14 14:52:10.428 25303 26277 I DCU_ContactsLogService: 	at hpvd.j(:com.google.android.gms@262434035@26.24.34 (260400-938041327):21)
07-14 14:52:10.428 25303 26277 I DCU_ContactsLogService: 	at hpvm.t(:com.google.android.gms@262434035@26.24.34 (260400-938041327):73)
07-14 14:52:10.428 25303 26277 I DCU_ContactsLogService: 	at com.google.android.gms.romanesco.service.ContactsLoggerUploadService.a(:com.google.android.gms@262434035@26.24.34 (260400-938041327):244)
07-14 14:52:10.428 25303 26277 I DCU_ContactsLogService: 	at ddao.call(:com.google.android.gms@262434035@26.24.34 (260400-938041327):36)
07-14 14:52:10.428 25303 26277 I DCU_ContactsLogService: 	at java.util.concurrent.FutureTask.run(FutureTask.java:317)
07-14 14:52:10.428 25303 26277 I DCU_ContactsLogService: 	at blmv.c(:com.google.android.gms@262434035@26.24.34 (260400-938041327):50)
07-14 14:52:10.428 25303 26277 I DCU_ContactsLogService: 	at blmv.run(:com.google.android.gms@262434035@26.24.34 (260400-938041327):66)
07-14 14:52:10.428 25303 26277 I DCU_ContactsLogService: 	at java.util.concurrent.ThreadPoolExecutor.runWorker(ThreadPoolExecutor.java:1154)
07-14 14:52:10.428 25303 26277 I DCU_ContactsLogService: 	at java.util.concurrent.ThreadPoolExecutor$Worker.run(ThreadPoolExecutor.java:652)
07-14 14:52:10.428 25303 26277 I DCU_ContactsLogService: 	at blsn.run(:com.google.android.gms@262434035@26.24.34 (260400-938041327):8)
07-14 14:52:10.428 25303 26277 I DCU_ContactsLogService: 	at java.lang.Thread.run(Thread.java:1564)
07-14 14:52:10.428 25303 26277 I DCU_ContactsLogService: Caused by: glpx: sync policy is not enabled
