07-11 09:50:32.916 17557 12216 I NearbyMediums: Wifi changed new SSID: "shufang_5G"
07-11 09:50:32.916 17557 12216 I NearbyMediums: WifiLanConnectivityInfo is not changed, skip notify.
07-11 09:50:32.919  1880  2699 D ConnectivityService: NetReassign [no changes] [c 0] [a 10] [i 3]
07-11 09:50:32.923  3992 30190 I CobaltLoggerImpl: (REDACTED) Logging Cobalt occurrence for metric %d-%d-%d, with count %d and event vector %s, for caller: %s
07-11 09:50:32.923  3992 30190 I CobaltLoggerImpl: (REDACTED) Loaded Cobalt registry contains metric: %d-%d-%d
07-11 09:50:33.325 11863 15093 I FileLockLib: [11863]file 94 unlocked. fl.pid=0
07-11 09:50:33.379 17557 12216 I NearbySharing: Network state changed: NetworkState(isRestricted=false, isOnline=true, isCongested=false, isMetered=false, isWifiConnected=true)
07-11 09:50:33.389  2247  2253 I pixel-thermal: quiet_therm:35.178 raw data: quiet_therm:35178 
07-11 09:50:33.407 17557 12216 I NearbySharing: Network state changed: NetworkState(isRestricted=false, isOnline=true, isCongested=false, isMetered=false, isWifiConnected=true)
07-11 09:50:33.583  2975  3236 D TemperatureStateSource: sequence=52955 actualDelay=10000
07-11 09:50:33.585  2975  3236 D TemperatureStateSource: Reading temperature: sequence=52956
07-11 09:50:33.592  2247  2247 I pixel-thermal: VIRTUAL-SKIN:36.2118 raw data: VIRTUAL-SKIN:36211.8 VIRTUAL-SKIN-SUB-0:35547.9 VIRTUAL-SKIN-SUB-1:36081.5 VIRTUAL-SKIN-SUB-2:35029.8 VIRTUAL-SKIN-SUB-3:36211.8 VIRTUAL-SKIN-SUB-4:34384.5 VIRTUAL-SKIN-SUB-5:35373.1 VIRTUAL-SKIN-SUB-6:35578.1 VIRTUAL-SKIN-SUB-7:34767.9 VIRTUAL-SKIN-SUB-8:35347.1 battery:35800 cam_therm:36447 charge_therm:39563 disp_therm:36380 neutral_therm:37582 north_therm:36224 quiet_therm:35178 soc_therm:39029 usb_pwr_therm:35712 
07-11 09:50:33.593  2975  3236 D TemperatureStateSource: getDeviceTemperatures: sequence=52956 deviceTemperatureType=3 temperatureSource=0 temperatures=[36.211826]
07-11 09:50:33.593  2975  3236 D BusinessScope: Enqueuing the block
07-11 09:50:33.593  2975  3236 D TemperatureStateSource: sequence=52956 waitTime=10000
07-11 09:50:33.594  2975  3067 D BusinessScope: Start running the #106141 block
07-11 09:50:33.594  2975  3067 D BusinessScope: Enqueuing the block
07-11 09:50:33.594  2975  3067 D ImpulseStateSource: Notify clients: 53065
07-11 09:50:33.594  2975  3067 D BusinessScope: Finish running the #106141 block
07-11 09:50:33.602  2975  3067 D BusinessScope: Start running the #106142 block
07-11 09:50:33.603  2975  3067 D BusinessScope: Finish running the #106142 block
07-11 09:50:33.603  2975  3067 D ImpulseConnection: timeout happen: com.google.android.apps.turbo
07-11 09:50:33.603  2975  3067 D ImpulseConnection: unbindService for releasing a CONNECTED connection com.google.android.apps.turbo
07-11 09:50:35.868  1499  2770 I WifiHAL : Creating message to get link statistics; iface = 48
07-11 09:50:36.012  1499  2770 E libbinder.IPCThreadState: binder thread pool (1 threads) starved for 143 ms
07-11 09:50:36.013  1499  2770 I WifiHAL : Getting cached scan results, iface handle = 0xb400006ec4f08d50
07-11 09:50:36.013  1499  2770 E WifiHAL : Creating message to get cached scan results
07-11 09:50:36.022  1499  2770 I WifiHAL : In GetCachedScanResultsCommand::handleResponse
07-11 09:50:36.080  1499  2770 D WifiHAL : Start debug command: mType GET_FEATURE
07-11 09:50:36.080  1499  2770 I WifiHAL : CreateRequest mType = GET_FEATURE
07-11 09:50:36.080  1499  2770 D WifiHAL : In DebugCommand::handleResponse, mType:GET_FEATURE
07-11 09:50:36.080  1499  2770 D WifiHAL : len = 4, expected len = 4
07-11 09:50:37.467  2247  2253 I pixel-thermal: VIRTUAL-SKIN-CPU-LIGHT-ODPM:36.2118 raw data: VIRTUAL-SKIN:36211.8 VIRTUAL-SKIN-CPU-LIGHT-ODPM:36211.8 VIRTUAL-SKIN-SUB-0:35547.9 VIRTUAL-SKIN-SUB-1:36081.5 VIRTUAL-SKIN-SUB-2:35029.8 VIRTUAL-SKIN-SUB-3:36211.8 VIRTUAL-SKIN-SUB-4:34384.5 VIRTUAL-SKIN-SUB-5:35373.1 VIRTUAL-SKIN-SUB-6:35578.1 VIRTUAL-SKIN-SUB-7:34767.9 VIRTUAL-SKIN-SUB-8:35347.1 battery:35800 cam_therm:36447 charge_therm:39563 disp_therm:36380 neutral_therm:37582 north_therm:36224 quiet_therm:35178 soc_therm:39029 usb_pwr_therm:35712 
07-11 09:50:37.467  2247  2253 I pixel-thermal: VIRTUAL-SKIN-CPU-LIGHT-ODPM power_budget=2009.62 err=2.78817 s_power=800 time_elapsed_ms=7015 p=1115.27 i=94.3456 d=0 dt_per_min=nan compensation=0 budget transient=0 control target=2 excluded power budget=0
07-11 09:50:37.467  2247  2253 I pixel-thermal: VIRTUAL-SKIN-CPU-LIGHT-ODPM binded power rails: (S4M_VDD_CPUCL0: 159.08 mW)(S2M_VDD_CPUCL2: 7.62 mW)(S3M_VDD_CPUCL1: 19.76 mW)
07-11 09:50:37.467  2247  2253 I pixel-thermal: cellular-emergency:36.2118 raw data: VIRTUAL-SKIN:36211.8 cellular-emergency:36211.8 
07-11 09:50:37.467  2247  2253 I pixel-thermal: VIRTUAL-SKIN-CPU-MID:36.2118 raw data: VIRTUAL-SKIN:36211.8 VIRTUAL-SKIN-CPU-MID:36211.8 
07-11 09:50:37.468  2247  2253 I pixel-thermal: VIRTUAL-SKIN-HINT:36.2118 raw data: VIRTUAL-SKIN:36211.8 VIRTUAL-SKIN-HINT:36211.8 
07-11 09:50:37.468  2247  2253 I pixel-thermal: VIRTUAL-SKIN-CPU-HIGH:36.2118 raw data: VIRTUAL-SKIN:36211.8 VIRTUAL-SKIN-CPU-HIGH:36211.8 
07-11 09:50:37.468  2247  2253 I pixel-thermal: VIRTUAL-SKIN-SOC:36.2118 raw data: VIRTUAL-SKIN:36211.8 VIRTUAL-SKIN-SOC:36211.8 
07-11 09:50:37.468  2247  2253 I pixel-thermal: VIRTUAL-SKIN-SOC power_budget=3436.45 err=8.78817 s_power=800 time_elapsed_ms=7015 p=2636.45 i=0 d=0 dt_per_min=nan compensation=0 budget transient=0 control target=3 excluded power budget=0
07-11 09:50:37.468  2247  2253 I pixel-thermal: VIRTUAL-SKIN-SOC binded power rails: (S4M_VDD_CPUCL0: 159.08 mW)(S2M_VDD_CPUCL2: 7.62 mW)(S3M_VDD_CPUCL1: 19.76 mW)(S2S_VDD_G3D: 61.77 mW)(S7M_VDD_TPU: 0.00 mW)
07-11 09:50:37.468  2247  2253 I pixel-thermal: VIRTUAL-SKIN:36.2118 raw data: VIRTUAL-SKIN:36211.8 
07-11 09:50:37.468  2247  2253 I pixel-thermal: VIRTUAL-SKIN-GPU:36.2118 raw data: VIRTUAL-SKIN:36211.8 VIRTUAL-SKIN-GPU:36211.8 
07-11 09:50:37.469  2247  2253 I pixel-thermal: VIRTUAL-SKIN-SPEAKER:32.8614 raw data: VIRTUAL-SKIN-SPEAKER:32861.4 VIRTUAL-SKIN-SPEAKER-SUB-0:31771 VIRTUAL-SKIN-SPEAKER-SUB-1:32698.9 VIRTUAL-SKIN-SPEAKER-SUB-2:32861.4 VIRTUAL-SKIN-SPEAKER-SUB-3:32794.6 battery:35800 cam_therm:36447 charge_therm:39563 disp_therm:36380 neutral_therm:37582 north_therm:36224 quiet_therm:35178 soc_therm:39029 usb_pwr_therm:35712 
07-11 09:50:37.470  2247  2253 I pixel-thermal: VIRTUAL-SKIN-CHARGE-WIRED:35.9034 raw data: NO_WLC:1 VIRTUAL-SKIN-CHARGE:35903.4 VIRTUAL-SKIN-CHARGE-SUB-0:35833 VIRTUAL-SKIN-CHARGE-SUB-1:34981.8 VIRTUAL-SKIN-CHARGE-SUB-2:35078.9 VIRTUAL-SKIN-CHARGE-SUB-3:35445.6 VIRTUAL-SKIN-CHARGE-SUB-4:35781.8 VIRTUAL-SKIN-CHARGE-SUB-5:35903.4 VIRTUAL-SKIN-CHARGE-SUB-6:35007 VIRTUAL-SKIN-CHARGE-WIRED:35903.4 WLC_CHECK:1 battery:35800 cam_therm:36447 charge_therm:39563 disp_therm:36380 neutral_therm:37582 north_therm:36224 quiet_therm:35178 soc_therm:39029 thb_hda:54 usb_pwr_therm:35712 
07-11 09:50:37.470  2247  2253 I pixel-thermal: VIRTUAL-SKIN-CHARGE-WIRED power_budget=3614.21 err=2.09658 s_power=2404 time_elapsed_ms=7015 p=211.754 i=1099 d=0 dt_per_min=nan compensation=0 budget transient=0 control target=2 excluded power budget=100.539 (PARTIAL_SYSTEM_POWER: 1005.39 mW, cdev_weight: 0.100000)
07-11 09:50:37.470  2247  2253 I pixel-thermal: VIRTUAL-SKIN-CHARGE-PERSIST:35.9034 raw data: VIRTUAL-SKIN-CHARGE:35903.4 VIRTUAL-SKIN-CHARGE-PERSIST:35903.4 
07-11 09:50:37.470  2247  2253 I pixel-thermal: VIRTUAL-SKIN-CHARGE-PERSIST power_budget=3806.98 err=5.09658 s_power=2066 time_elapsed_ms=7015 p=835.839 i=1066 d=0 dt_per_min=nan compensation=0 budget transient=0 control target=2 excluded power budget=160.863 (PARTIAL_SYSTEM_POWER: 1005.39 mW, cdev_weight: 0.160000)
07-11 09:50:37.621  2247  2253 I pixel-thermal: usb_pwr_therm:35.712 raw data: usb_pwr_therm:35712 
07-11 09:50:37.622  2247  2253 I pixel-thermal: VIRTUAL-USB-THROTTLING:1 raw data: USB-MINUS-NEUTRAL:-1870 USB-MINUS-QUIET:534 USB_QUIET_RFFE:531.592 VIRTUAL-USB-THROTTLING:1 VIRTUAL-USB-THROTTLING-SUB0:0 VSYS_PWR_RFFE:0.300955 neutral_therm:37582 quiet_therm:35178 usb_pwr_therm:35712 
07-11 09:50:38.112  2247  2253 I pixel-thermal: disp_therm:36.38 raw data: disp_therm:36380 
07-11 09:50:38.120  2247  2253 I pixel-thermal: VIRTUAL-USB-UI:1 raw data: USB-MINUS-NEUTRAL:-1870 USB-MINUS-QUIET:534 USB_QUIET_RFFE:531.592 VIRTUAL-USB-UI:1 VIRTUAL-USB-UI-SUB0:0 usb_pwr_therm:35712 
07-11 09:50:38.120  2247  2253 I pixel-thermal: cam_therm:36.447 raw data: cam_therm:36447 
07-11 09:50:39.091  1499  2770 I WifiHAL : Creating message to get link statistics; iface = 48
07-11 09:50:39.207  1499  1548 I WifiHAL : Getting cached scan results, iface handle = 0xb400006ec4f08d50
07-11 09:50:39.207  1499  1548 E WifiHAL : Creating message to get cached scan results
07-11 09:50:39.216  1499  1548 I WifiHAL : In GetCachedScanResultsCommand::handleResponse
07-11 09:50:39.216  1499  1548 E libbinder.IPCThreadState: binder thread pool (1 threads) starved for 125 ms
07-11 09:50:39.275  1499  1548 D WifiHAL : Start debug command: mType GET_FEATURE
07-11 09:50:39.275  1499  1548 I WifiHAL : CreateRequest mType = GET_FEATURE
07-11 09:50:39.275  1499  1548 D WifiHAL : In DebugCommand::handleResponse, mType:GET_FEATURE
07-11 09:50:39.275  1499  1548 D WifiHAL : len = 4, expected len = 4
07-11 09:50:40.411  2247  2253 I pixel-thermal: quiet_therm:35.178 raw data: quiet_therm:35178 
07-11 09:50:42.268 17557 12216 I NearbyMediums: No BLE Fast/GATT advertisements found in the latest cycle.
07-11 09:50:42.270 17557 12216 I NearbyMediums: Current Tracked Scanning Clients are : {NearbyConnections.EnvironmentMonitor, NearbySharing, NearbyConnections.TxAdvertisement}
07-11 09:50:42.287  1499  1548 I WifiHAL : Creating message to get link statistics; iface = 48
07-11 09:50:42.379  1499  1548 I WifiHAL : Getting cached scan results, iface handle = 0xb400006ec4f08d50
07-11 09:50:42.379  1499  1548 E WifiHAL : Creating message to get cached scan results
07-11 09:50:42.389  1499  1548 I WifiHAL : In GetCachedScanResultsCommand::handleResponse
07-11 09:50:42.445  1499  1548 D WifiHAL : Start debug command: mType GET_FEATURE
07-11 09:50:42.446  1499  1548 I WifiHAL : CreateRequest mType = GET_FEATURE
07-11 09:50:42.446  1499  1548 D WifiHAL : In DebugCommand::handleResponse, mType:GET_FEATURE
07-11 09:50:42.446  1499  1548 D WifiHAL : len = 4, expected len = 4
07-11 09:50:42.932  1880  2545 D ActivityManager: freezing 17545 com.google.android.apps.privacy.wildlife
07-11 09:50:42.950  1880  2699 D InetDiagMessage: Destroyed 0 sockets, proto=IPPROTO_TCP, family=AF_INET, states=14
07-11 09:50:42.953  1880  2699 D InetDiagMessage: Destroyed 0 sockets, proto=IPPROTO_TCP, family=AF_INET6, states=14
07-11 09:50:42.953  1880  2699 D InetDiagMessage: Destroyed live tcp sockets for uids={10142} in 7ms
07-11 09:50:43.595  2975  3067 D TemperatureStateSource: sequence=52956 actualDelay=10001
07-11 09:50:43.596  2975  3067 D TemperatureStateSource: Reading temperature: sequence=52957
07-11 09:50:43.606  2247  2247 I pixel-thermal: VIRTUAL-SKIN:36.221 raw data: VIRTUAL-SKIN:36221 VIRTUAL-SKIN-SUB-0:35571 VIRTUAL-SKIN-SUB-1:36091.6 VIRTUAL-SKIN-SUB-2:35066.9 VIRTUAL-SKIN-SUB-3:36221 VIRTUAL-SKIN-SUB-4:34404.9 VIRTUAL-SKIN-SUB-5:35382.2 VIRTUAL-SKIN-SUB-6:35562.9 VIRTUAL-SKIN-SUB-7:34774.6 VIRTUAL-SKIN-SUB-8:35369.6 battery:35900 cam_therm:36469 charge_therm:39519 disp_therm:36424 neutral_therm:37537 north_therm:36246 quiet_therm:35178 soc_therm:38984 usb_pwr_therm:35712 
07-11 09:50:43.608  2975  3067 D TemperatureStateSource: getDeviceTemperatures: sequence=52957 deviceTemperatureType=3 temperatureSource=0 temperatures=[36.221]
07-11 09:50:43.608  2975  3067 D BusinessScope: Enqueuing the block
07-11 09:50:43.609  2975  3067 D TemperatureStateSource: sequence=52957 waitTime=10000
07-11 09:50:43.609  2975  3236 D BusinessScope: Start running the #106143 block
07-11 09:50:43.609  2975  3236 D BusinessScope: Enqueuing the block
07-11 09:50:43.609  2975  3236 D ImpulseStateSource: Notify clients: 53066
07-11 09:50:43.610  2975  3236 D BusinessScope: Finish running the #106143 block
07-11 09:50:43.613  2975  3236 D BusinessScope: Start running the #106144 block
07-11 09:50:43.615  2975  3236 D BusinessScope: Finish running the #106144 block
07-11 09:50:43.623  1880  2545 D ActivityManager: freezing 7404 com.google.android.apps.turbo
07-11 09:50:43.632  1880  2699 D InetDiagMessage: Destroyed 0 sockets, proto=IPPROTO_TCP, family=AF_INET, states=14
07-11 09:50:43.636  1880  2699 D InetDiagMessage: Destroyed 0 sockets, proto=IPPROTO_TCP, family=AF_INET6, states=14
07-11 09:50:43.636  1880  2699 D InetDiagMessage: Destroyed live tcp sockets for uids={10115} in 6ms
07-11 09:50:44.472  2247  2253 I pixel-thermal: VIRTUAL-SKIN-CPU-LIGHT-ODPM:36.221 raw data: VIRTUAL-SKIN:36221 VIRTUAL-SKIN-CPU-LIGHT-ODPM:36221 
07-11 09:50:44.473  2247  2253 I pixel-thermal: VIRTUAL-SKIN-CPU-LIGHT-ODPM power_budget=2005.95 err=2.779 s_power=800 time_elapsed_ms=7018 p=1111.6 i=94.3456 d=-0 dt_per_min=nan compensation=0 budget transient=0 control target=2 excluded power budget=0
07-11 09:50:44.473  2247  2253 I pixel-thermal: VIRTUAL-SKIN-CPU-LIGHT-ODPM binded power rails: (S4M_VDD_CPUCL0: 159.29 mW)(S2M_VDD_CPUCL2: 4.61 mW)(S3M_VDD_CPUCL1: 19.40 mW)
07-11 09:50:44.473  2247  2253 I pixel-thermal: cellular-emergency:36.221 raw data: VIRTUAL-SKIN:36221 cellular-emergency:36221 
07-11 09:50:44.473  2247  2253 I pixel-thermal: VIRTUAL-SKIN-CPU-MID:36.221 raw data: VIRTUAL-SKIN:36221 VIRTUAL-SKIN-CPU-MID:36221 
07-11 09:50:44.473  2247  2253 I pixel-thermal: VIRTUAL-SKIN-HINT:36.221 raw data: VIRTUAL-SKIN:36221 VIRTUAL-SKIN-HINT:36221 
07-11 09:50:44.474  2247  2253 I pixel-thermal: VIRTUAL-SKIN-CPU-HIGH:36.221 raw data: VIRTUAL-SKIN:36221 VIRTUAL-SKIN-CPU-HIGH:36221 
07-11 09:50:44.474  2247  2253 I pixel-thermal: VIRTUAL-SKIN-SOC:36.221 raw data: VIRTUAL-SKIN:36221 VIRTUAL-SKIN-SOC:36221 
07-11 09:50:44.474  2247  2253 I pixel-thermal: VIRTUAL-SKIN-SOC power_budget=3433.7 err=8.779 s_power=800 time_elapsed_ms=7018 p=2633.7 i=0 d=-0 dt_per_min=nan compensation=0 budget transient=0 control target=3 excluded power budget=0
07-11 09:50:44.474  2247  2253 I pixel-thermal: VIRTUAL-SKIN-SOC binded power rails: (S4M_VDD_CPUCL0: 159.29 mW)(S2M_VDD_CPUCL2: 4.61 mW)(S3M_VDD_CPUCL1: 19.40 mW)(S2S_VDD_G3D: 55.77 mW)(S7M_VDD_TPU: 0.00 mW)
07-11 09:50:44.474  2247  2253 I pixel-thermal: VIRTUAL-SKIN:36.221 raw data: VIRTUAL-SKIN:36221 
07-11 09:50:44.474  2247  2253 I pixel-thermal: VIRTUAL-SKIN-GPU:36.221 raw data: VIRTUAL-SKIN:36221 VIRTUAL-SKIN-GPU:36221 
07-11 09:50:44.475  2247  2253 I pixel-thermal: VIRTUAL-SKIN-SPEAKER:32.8878 raw data: VIRTUAL-SKIN-SPEAKER:32887.8 VIRTUAL-SKIN-SPEAKER-SUB-0:31800.9 VIRTUAL-SKIN-SPEAKER-SUB-1:32700 VIRTUAL-SKIN-SPEAKER-SUB-2:32887.8 VIRTUAL-SKIN-SPEAKER-SUB-3:32832.7 battery:35900 cam_therm:36469 charge_therm:39519 disp_therm:36424 neutral_therm:37537 north_therm:36246 quiet_therm:35178 soc_therm:38984 usb_pwr_therm:35712 
07-11 09:50:44.477  2247  2253 I pixel-thermal: VIRTUAL-SKIN-CHARGE-WIRED:35.8961 raw data: NO_WLC:1 VIRTUAL-SKIN-CHARGE:35896.1 VIRTUAL-SKIN-CHARGE-SUB-0:35848.8 VIRTUAL-SKIN-CHARGE-SUB-1:34982.4 VIRTUAL-SKIN-CHARGE-SUB-2:35093.9 VIRTUAL-SKIN-CHARGE-SUB-3:35466.5 VIRTUAL-SKIN-CHARGE-SUB-4:35813.2 VIRTUAL-SKIN-CHARGE-SUB-5:35896.1 VIRTUAL-SKIN-CHARGE-SUB-6:35016.2 VIRTUAL-SKIN-CHARGE-WIRED:35896.1 WLC_CHECK:1 battery:35900 cam_therm:36469 charge_therm:39519 disp_therm:36424 neutral_therm:37537 north_therm:36246 quiet_therm:35178 soc_therm:38984 thb_hda:54 usb_pwr_therm:35712 
07-11 09:50:44.477  2247  2253 I pixel-thermal: VIRTUAL-SKIN-CHARGE-WIRED power_budget=3614.66 err=2.10385 s_power=2404 time_elapsed_ms=7018 p=212.489 i=1099 d=0 dt_per_min=nan compensation=0 budget transient=0 control target=2 excluded power budget=100.829 (PARTIAL_SYSTEM_POWER: 1008.29 mW, cdev_weight: 0.100000)
07-11 09:50:44.478  2247  2253 I pixel-thermal: VIRTUAL-SKIN-CHARGE-PERSIST:35.8961 raw data: VIRTUAL-SKIN-CHARGE:35896.1 VIRTUAL-SKIN-CHARGE-PERSIST:35896.1 
07-11 09:50:44.478  2247  2253 I pixel-thermal: VIRTUAL-SKIN-CHARGE-PERSIST power_budget=3807.71 err=5.10385 s_power=2066 time_elapsed_ms=7018 p=837.032 i=1066 d=0 dt_per_min=nan compensation=0 budget transient=0 control target=2 excluded power budget=161.326 (PARTIAL_SYSTEM_POWER: 1008.29 mW, cdev_weight: 0.160000)
07-11 09:50:44.633  2247  2253 I pixel-thermal: usb_pwr_therm:35.712 raw data: usb_pwr_therm:35712 
07-11 09:50:44.634  2247  2253 I pixel-thermal: VIRTUAL-USB-THROTTLING:1 raw data: USB-MINUS-NEUTRAL:-1825 USB-MINUS-QUIET:534 USB_QUIET_RFFE:530.454 VIRTUAL-USB-THROTTLING:1 VIRTUAL-USB-THROTTLING-SUB0:0 VSYS_PWR_RFFE:0.443304 neutral_therm:37537 quiet_therm:35178 usb_pwr_therm:35712 
07-11 09:50:45.123  2247  2253 I pixel-thermal: disp_therm:36.424 raw data: disp_therm:36424 
07-11 09:50:45.124  2247  2253 I pixel-thermal: VIRTUAL-USB-UI:1 raw data: USB-MINUS-NEUTRAL:-1825 USB-MINUS-QUIET:534 USB_QUIET_RFFE:530.454 VIRTUAL-USB-UI:1 VIRTUAL-USB-UI-SUB0:0 usb_pwr_therm:35712 
07-11 09:50:45.124  2247  2253 I pixel-thermal: cam_therm:36.469 raw data: cam_therm:36469 
07-11 09:50:45.461  1499  1548 I WifiHAL : Creating message to get link statistics; iface = 48
07-11 09:50:45.614  1499  2770 I WifiHAL : Getting cached scan results, iface handle = 0xb400006ec4f08d50
07-11 09:50:45.614  1499  2770 E WifiHAL : Creating message to get cached scan results
07-11 09:50:45.626  1499  2770 I WifiHAL : In GetCachedScanResultsCommand::handleResponse
07-11 09:50:45.626  1499  2770 E libbinder.IPCThreadState: binder thread pool (1 threads) starved for 165 ms
07-11 09:50:45.687  1499  2770 D WifiHAL : Start debug command: mType GET_FEATURE
07-11 09:50:45.687  1499  2770 I WifiHAL : CreateRequest mType = GET_FEATURE
07-11 09:50:45.688  1499  2770 D WifiHAL : In DebugCommand::handleResponse, mType:GET_FEATURE
07-11 09:50:45.688  1499  2770 D WifiHAL : len = 4, expected len = 4
07-11 09:50:47.417  2247  2253 I pixel-thermal: quiet_therm:35.222 raw data: quiet_therm:35222 
07-11 09:50:48.456  2938 25954 D IpClient/wlan1: interfaceLinkStateChanged: ifindex 48 up
07-11 09:50:48.703  1499  2770 I WifiHAL : Creating message to get link statistics; iface = 48
07-11 09:50:48.808  1499  1548 I WifiHAL : Getting cached scan results, iface handle = 0xb400006ec4f08d50
07-11 09:50:48.808  1499  1548 E WifiHAL : Creating message to get cached scan results
07-11 09:50:48.819  1499  1548 I WifiHAL : In GetCachedScanResultsCommand::handleResponse
07-11 09:50:48.819  1499  1548 E libbinder.IPCThreadState: binder thread pool (1 threads) starved for 116 ms
07-11 09:50:48.878  1499  1548 D WifiHAL : Start debug command: mType GET_FEATURE
07-11 09:50:48.878  1499  1548 I WifiHAL : CreateRequest mType = GET_FEATURE
07-11 09:50:48.878  1499  1548 D WifiHAL : In DebugCommand::handleResponse, mType:GET_FEATURE
07-11 09:50:48.878  1499  1548 D WifiHAL : len = 4, expected len = 4
07-11 09:50:50.277  2247  2253 I pixel-thermal: neutral_therm:37.537 raw data: neutral_therm:37537 
07-11 09:50:50.278  2247  2253 I pixel-thermal: north_therm:36.269 raw data: north_therm:36269 
07-11 09:50:50.278  2247  2253 I pixel-thermal: Power rails total power: 1115.57 mW for 60012 ms
07-11 09:50:50.278  2247  2253 I pixel-thermal: Power rails [VSYS_PWR_MODEM: 25.19 mW] [S6S_LLDO2: 25.04 mW] [S8M_LLDO2: 67.12 mW] [S7M_VDD_TPU: 0.00 mW] [S6M_LLDO1: 120.38 mW] [S4M_VDD_CPUCL0: 167.54 mW] 
07-11 09:50:50.278  2247  2253 I pixel-thermal: Power rails [S2M_VDD_CPUCL2: 5.54 mW] [S1M_VDD_MIF: 88.47 mW] [S9M_VDD_CPUCL0_M: 24.61 mW] [L21S_VDD2L_MEM: 3.88 mW] [VSYS_PWR_DISPLAY: 199.37 mW] [L22M_DISP: 54.92 mW] 
07-11 09:50:50.278  2247  2253 I pixel-thermal: Power rails [VSYS_PWR_RFFE: 0.39 mW] [VSYS_PWR_WLAN_BT: 52.89 mW] [S5M_VDD_INT: 32.82 mW] [S9S_VDD_AOC: 14.21 mW] [S4S_VDD2H_MEM: 70.61 mW] [S3M_VDD_CPUCL1: 21.58 mW] 
07-11 09:50:50.278  2247  2253 I pixel-thermal: Power rails [L2S_PLL_MIPI_UFS: 35.07 mW] [S1S_VDD_CAM: 21.78 mW] [S2S_VDD_G3D: 58.91 mW] [S12S_VDD_AUR: 3.51 mW] [S5S_VDDQ_MEM: 7.47 mW] [S8S_VDD_G3D_L2: 14.25 mW] 
07-11 09:50:50.278  2247  2253 I pixel-thermal: CDEV log gxp-cooling state:0 tpu_cooling state:0 usbc-port state:0 thermal-cpufreq-1 state:0 chg_mdis state:0 thermal-gpufreq-0 state:0 thermal-cpufreq-2 state:0 thermal-cpufreq-0 state:0 
07-11 09:50:51.489  2247  2253 I pixel-thermal: VIRTUAL-SKIN-CPU-LIGHT-ODPM:36.2246 raw data: VIRTUAL-SKIN:36224.6 VIRTUAL-SKIN-CPU-LIGHT-ODPM:36224.6 VIRTUAL-SKIN-SUB-0:35573.6 VIRTUAL-SKIN-SUB-1:36085.7 VIRTUAL-SKIN-SUB-2:35084.8 VIRTUAL-SKIN-SUB-3:36224.6 VIRTUAL-SKIN-SUB-4:34409.1 VIRTUAL-SKIN-SUB-5:35398.6 VIRTUAL-SKIN-SUB-6:35558.6 VIRTUAL-SKIN-SUB-7:34795.6 VIRTUAL-SKIN-SUB-8:35360.9 battery:35900 cam_therm:36491 charge_therm:39496 disp_therm:36380 neutral_therm:37537 north_therm:36269 quiet_therm:35222 soc_therm:38984 usb_pwr_therm:35757 
07-11 09:50:51.490  2247  2253 I pixel-thermal: VIRTUAL-SKIN-CPU-LIGHT-ODPM power_budget=2004.52 err=2.77544 s_power=800 time_elapsed_ms=7012 p=1110.17 i=94.3456 d=-0 dt_per_min=nan compensation=0 budget transient=0 control target=2 excluded power budget=0
07-11 09:50:51.490  2247  2253 I pixel-thermal: VIRTUAL-SKIN-CPU-LIGHT-ODPM binded power rails: (S4M_VDD_CPUCL0: 165.62 mW)(S2M_VDD_CPUCL2: 5.50 mW)(S3M_VDD_CPUCL1: 20.29 mW)
07-11 09:50:51.490  2247  2253 I pixel-thermal: cellular-emergency:36.2246 raw data: VIRTUAL-SKIN:36224.6 cellular-emergency:36224.6 
07-11 09:50:51.490  2247  2253 I pixel-thermal: VIRTUAL-SKIN-CPU-MID:36.2246 raw data: VIRTUAL-SKIN:36224.6 VIRTUAL-SKIN-CPU-MID:36224.6 
07-11 09:50:51.491  2247  2253 I pixel-thermal: VIRTUAL-SKIN-HINT:36.2246 raw data: VIRTUAL-SKIN:36224.6 VIRTUAL-SKIN-HINT:36224.6 
07-11 09:50:51.491  2247  2253 I pixel-thermal: VIRTUAL-SKIN-CPU-HIGH:36.2246 raw data: VIRTUAL-SKIN:36224.6 VIRTUAL-SKIN-CPU-HIGH:36224.6 
07-11 09:50:51.491  2247  2253 I pixel-thermal: VIRTUAL-SKIN-SOC:36.2246 raw data: VIRTUAL-SKIN:36224.6 VIRTUAL-SKIN-SOC:36224.6 
07-11 09:50:51.491  2247  2253 I pixel-thermal: VIRTUAL-SKIN-SOC power_budget=3432.63 err=8.77544 s_power=800 time_elapsed_ms=7012 p=2632.63 i=0 d=-0 dt_per_min=nan compensation=0 budget transient=0 control target=3 excluded power budget=0
07-11 09:50:51.492  2247  2253 I pixel-thermal: VIRTUAL-SKIN-SOC binded power rails: (S4M_VDD_CPUCL0: 165.62 mW)(S2M_VDD_CPUCL2: 5.50 mW)(S3M_VDD_CPUCL1: 20.29 mW)(S2S_VDD_G3D: 66.21 mW)(S7M_VDD_TPU: 0.00 mW)
07-11 09:50:51.492  2247  2253 I pixel-thermal: VIRTUAL-SKIN:36.2246 raw data: VIRTUAL-SKIN:36224.6 
07-11 09:50:51.492  2247  2253 I pixel-thermal: VIRTUAL-SKIN-GPU:36.2246 raw data: VIRTUAL-SKIN:36224.6 VIRTUAL-SKIN-GPU:36224.6 
07-11 09:50:51.493  2247  2253 I pixel-thermal: VIRTUAL-SKIN-SPEAKER:32.9065 raw data: VIRTUAL-SKIN-SPEAKER:32906.5 VIRTUAL-SKIN-SPEAKER-SUB-0:31793.8 VIRTUAL-SKIN-SPEAKER-SUB-1:32742.9 VIRTUAL-SKIN-SPEAKER-SUB-2:32906.5 VIRTUAL-SKIN-SPEAKER-SUB-3:32848.5 battery:35900 cam_therm:36491 charge_therm:39496 disp_therm:36380 neutral_therm:37537 north_therm:36269 quiet_therm:35222 soc_therm:38984 usb_pwr_therm:35757 
07-11 09:50:51.494  2247  2253 I pixel-thermal: VIRTUAL-SKIN-CHARGE-WIRED:35.8941 raw data: NO_WLC:1 VIRTUAL-SKIN-CHARGE:35894.1 VIRTUAL-SKIN-CHARGE-SUB-0:35854.4 VIRTUAL-SKIN-CHARGE-SUB-1:34961.8 VIRTUAL-SKIN-CHARGE-SUB-2:35091.5 VIRTUAL-SKIN-CHARGE-SUB-3:35483.3 VIRTUAL-SKIN-CHARGE-SUB-4:35816.7 VIRTUAL-SKIN-CHARGE-SUB-5:35894.1 VIRTUAL-SKIN-CHARGE-SUB-6:34987.5 VIRTUAL-SKIN-CHARGE-WIRED:35894.1 WLC_CHECK:1 battery:35900 cam_therm:36491 charge_therm:39496 disp_therm:36380 neutral_therm:37537 north_therm:36269 quiet_therm:35222 soc_therm:38984 thb_hda:54 usb_pwr_therm:35757 
07-11 09:50:51.494  2247  2253 I pixel-thermal: VIRTUAL-SKIN-CHARGE-WIRED power_budget=3614.81 err=2.10593 s_power=2404 time_elapsed_ms=7012 p=212.699 i=1099 d=0 dt_per_min=nan compensation=0 budget transient=0 control target=2 excluded power budget=100.89 (PARTIAL_SYSTEM_POWER: 1008.90 mW, cdev_weight: 0.100000)
07-11 09:50:51.495  2247  2253 I pixel-thermal: VIRTUAL-SKIN-CHARGE-PERSIST:35.8941 raw data: VIRTUAL-SKIN-CHARGE:35894.1 VIRTUAL-SKIN-CHARGE-PERSIST:35894.1 
07-11 09:50:51.495  2247  2253 I pixel-thermal: VIRTUAL-SKIN-CHARGE-PERSIST power_budget=3807.95 err=5.10593 s_power=2066 time_elapsed_ms=7012 p=837.373 i=1066 d=0 dt_per_min=nan compensation=0 budget transient=0 control target=2 excluded power budget=161.424 (PARTIAL_SYSTEM_POWER: 1008.90 mW, cdev_weight: 0.160000)
07-11 09:50:51.651  2247  2253 I pixel-thermal: usb_pwr_therm:35.757 raw data: usb_pwr_therm:35757 
07-11 09:50:51.652  2247  2253 I pixel-thermal: VIRTUAL-USB-THROTTLING:1 raw data: USB-MINUS-NEUTRAL:-1780 USB-MINUS-QUIET:535 USB_QUIET_RFFE:531.2 VIRTUAL-USB-THROTTLING:1 VIRTUAL-USB-THROTTLING-SUB0:0 VSYS_PWR_RFFE:0.474975 neutral_therm:37537 quiet_therm:35222 usb_pwr_therm:35757 
07-11 09:50:51.888  1499  2770 I WifiHAL : Creating message to get link statistics; iface = 48
07-11 09:50:52.023  1499  1548 I WifiHAL : Getting cached scan results, iface handle = 0xb400006ec4f08d50
07-11 09:50:52.023  1499  1548 E WifiHAL : Creating message to get cached scan results
07-11 09:50:52.032  1499  1548 I WifiHAL : In GetCachedScanResultsCommand::handleResponse
07-11 09:50:52.032  1499  1548 E libbinder.IPCThreadState: binder thread pool (1 threads) starved for 144 ms
07-11 09:50:52.092  3390  3429 D IwlanDataService: onCapabilitiesChanged: 125 [ Transports: WIFI Capabilities: NOT_METERED&INTERNET&NOT_RESTRICTED&TRUSTED&NOT_VPN&VALIDATED&NOT_ROAMING&FOREGROUND&NOT_CONGESTED&NOT_SUSPENDED&NOT_VCN_MANAGED&NOT_BANDWIDTH_CONSTRAINED LinkUpBandwidth>=19804Kbps LinkDnBandwidth>=38915Kbps TransportInfo: <SSID: "shufang_5G", BSSID: 80:37:73:d9:08:40, MAC: 26:e4:72:9b:b0:d2, IP: /192.168.50.159, Security type: 2, Supplicant state: COMPLETED, Wi-Fi standard: 11ac, RSSI: -66, Link speed: 351Mbps, Tx Link speed: 351Mbps, Max Supported Tx Link speed: 866Mbps, Rx Link speed: 468Mbps, Max Supported Rx Link speed: 866Mbps, Frequency: 5745MHz, Net ID: 2, Metered hint: false, score: 100, isUsable: true, CarrierMerged: false, SubscriptionId: -1, IsPrimary: 1, Trusted: true, Restricted: false, Ephemeral: false, OEM paid: false, OEM private: false, OSU AP: false, FQDN: <none>, Provider friendly name: <none>, Requesting package name: <none>"shufang_5G"wpa2-pskMLO Information: , Is TID-To-Link negotiation supported by the AP: false, AP MLD Address: <none>, AP MLO Link Id: <none>, AP MLO Affiliated links: <none>, Vendor Data: <none>> SignalStrength: -66 OwnerUid: 1000 AdminUids: [1000] SSID: "shufang_5G" UnderlyingNetworks: Null]
07-11 09:50:52.093  3472  3576 D IwlanNetworkStatusTracker: onCapabilitiesChanged: 125
07-11 09:50:52.093  3390  3519 D IwlanNetworkService: onCapabilitiesChanged: 125
07-11 09:50:52.093  3472  3576 D IwlanNetworkStatusTracker: OnCapability : Wifi Available already true and validation status unchanged
07-11 09:50:52.093  3472  3576 E IwlanNetworkStatusTracker: Could not get Wifi SSID
07-11 09:50:52.095  3015  3890 D SHANNON_RCS: 4233 [0][PROX][TELE] onCapabilitiesChanged, Network: 125, NetworkCapabilities: [ Transports: WIFI Capabilities: NOT_METERED&INTERNET&NOT_RESTRICTED&TRUSTED&NOT_VPN&VALIDATED&NOT_ROAMING&FOREGROUND&NOT_CONGESTED&NOT_SUSPENDED&NOT_VCN_MANAGED&NOT_BANDWIDTH_CONSTRAINED LinkUpBandwidth>=19804Kbps LinkDnBandwidth>=38915Kbps TransportInfo: <SSID: <unknown ssid>, BSSID: 02:00:00:00:00:00, MAC: 02:00:00:00:00:00, IP: /192.168.50.159, Security type: 2, Supplicant state: COMPLETED, Wi-Fi standard: 11ac, RSSI: -66, Link speed: 351Mbps, Tx Link speed: 351Mbps, Max Supported Tx Link speed: 866Mbps, Rx Link speed: 468Mbps, Max Supported Rx Link speed: 866Mbps, Frequency: 5745MHz, Net ID: -1, Metered hint: false, score: 100, isUsable: true, CarrierMerged: false, SubscriptionId: -1, IsPrimary: -1, Trusted: true, Restricted: false, Ephemeral: false, OEM paid: false, OEM private: false, OSU AP: false, FQDN: <none>, Provider friendly name: <none>, Requesting package name: <none><none>MLO Information: , Is TID-To-Link negotiation supported by the AP: false, AP MLD Address: <none>, AP MLO Link Id: <none>, AP MLO Affiliated links: <none>, Vendor Data: <none>> SignalStrength: -66 UnderlyingNetworks: Null] (DefaultNetworkCallback%onCapabilitiesChanged:76)
07-11 09:50:52.095  3807  3898 D DeviceStateHelper: Wifi freq: 5745
07-11 09:50:52.096  3807  3918 I WifiSignalInfo: onCapabilitiesChanged: rssi:-66
07-11 09:50:52.097  3807  3905 D ImsPreconditionCheck: {subId=1} handleMessage: { when=-1ms what=16 target=eja async=false heapIndex=-1 }
07-11 09:50:52.097  3807  3905 D ImsPreconditionCheck: {subId=1} onWifiCapabilitiesChanged: wifiNetworkValidated: true
07-11 09:50:52.098  3390  3429 D IwlanDataService: Network 125 connected using transport WIFI
07-11 09:50:52.098 17557  2847 I NullBinder: NullBinder for android.net.action.RECOMMEND_NETWORKS triggering remote TransactionTooLargeException due to Service without Chimera impl, calling uid: 1000, calling pid: 0
07-11 09:50:52.098 17557  2847 W libbinder.Binder: Large reply transaction of 1056768 bytes, interface descriptor , code 1, flags 17
07-11 09:50:52.105  3049  4015 W SHANNON_IMS: 7769 [CONN] NetworkSpecifier and TransportInfo are not valid (DefaultNetworkCallback%updateSubscriptionId:121)
07-11 09:50:52.106  3049  4015 I SHANNON_IMS: 7772 [CONN] network:125 WIFI connected, subId: -1 [SLID:0] (DefaultNetworkCallback%onCapabilitiesChanged:76)
07-11 09:50:52.108 11863 11959 D HTTPDNS : Network onCapabilitiesChanged(125)
07-11 09:50:52.113 16683 16774 I BugleRcsEngine: handleMessage processing message:[NOTIFY_UPTIME_IGNORE_STATE_CHANGED] with [non-null]:RcsEngineImpl reference [CONTEXT log_prefix="RcsEngineImpl[DUAL_REG]:[5e41f6bd-fcc7]>Handler" thread_id=99 ]
07-11 09:50:52.116 16683 16769 I BugleRcsEngine: Connected state: [1], networkType: [WIFI] [CONTEXT thread_id=95 ]
07-11 09:50:52.116  1499  1548 D WifiHAL : Start debug command: mType GET_FEATURE
07-11 09:50:52.116  1499  1548 I WifiHAL : CreateRequest mType = GET_FEATURE
07-11 09:50:52.116  1499  1548 D WifiHAL : In DebugCommand::handleResponse, mType:GET_FEATURE
07-11 09:50:52.116  1499  1548 D WifiHAL : len = 4, expected len = 4
07-11 09:50:52.117  1880  1961 D ActivityManager: sync unfroze 17545 com.google.android.apps.privacy.wildlife for 3
07-11 09:50:52.120  1880  2747 D BackgroundInstallControlService: Package event received: 0
07-11 09:50:52.121 17545 17545 I Wildlife_WildlifeVpnReceiver: ACTION_WIFI_STATE_CHANGED
07-11 09:50:52.121 17545 17545 I Wildlife_WildlifeCobaltEventLoggerImpl: SysUI wifi state changed event logged
07-11 09:50:52.122  1880  2699 E libbinder.IPCThreadState: Binder transaction failure. id: 100493557, cmd: BR_FAILED_REPLY (29201), error: -28 (No space left on device - Binder buffer full. Too many or too large transactions.)
07-11 09:50:52.122  1880  2699 W ActivityManager: pid 1880 system sent binder code 1 with flags 1 and got error -2147483646
07-11 09:50:52.122  1880  2699 E JavaBinder: !!! FAILED BINDER TRANSACTION !!!  (parcel size = 1132)
07-11 09:50:52.122 17545 17545 I Wildlife_WildlifeVpnManagerImpl: restoreSettingsFromBackupIfNecessary() false, true, false
07-11 09:50:52.123 17545 17545 I Wildlife_OpenWifiNudgeManagerImpl: wifiStateChangedFuture
07-11 09:50:52.123  1880  2699 E ConnectivityService: RemoteException caught trying to send a callback msg for NetworkRequest [ TRACK_DEFAULT id=21789, [ Capabilities: INTERNET&NOT_RESTRICTED&TRUSTED&NOT_VCN_MANAGED&NOT_BANDWIDTH_CONSTRAINED Uid: 10333 RequestorUid: 10333 RequestorPkg: com.tencent.mm UnderlyingNetworks: Null] ]
07-11 09:50:52.123  1880  2699 E libbinder.IPCThreadState: Binder transaction failure. id: 100493559, cmd: BR_FAILED_REPLY (29201), error: -28 (No space left on device - Binder buffer full. Too many or too large transactions.)
07-11 09:50:52.124  1880  2699 W ActivityManager: pid 1880 system sent binder code 1 with flags 1 and got error -2147483646
07-11 09:50:52.124  1880  2699 D ActivityManager: Too many transaction errors, throttling transaction error callback.
07-11 09:50:52.124  1880  2699 E JavaBinder: !!! FAILED BINDER TRANSACTION !!!  (parcel size = 1120)
07-11 09:50:52.124  1880  2699 E ConnectivityService: RemoteException caught trying to send a callback msg for NetworkRequest [ LISTEN id=21791, [ Capabilities: INTERNET&NOT_RESTRICTED&TRUSTED&NOT_VCN_MANAGED&NOT_BANDWIDTH_CONSTRAINED Uid: 10333 RequestorUid: 10333 RequestorPkg: com.tencent.mm UnderlyingNetworks: Null] ]
07-11 09:50:52.126 17545 10586 I Wildlife_OpenWifiNudgeManagerImpl: handleWifiStateChanged(): consumer is not active
07-11 09:50:52.128 17557 17557 I MagicTether: (REDACTED) [ActiveNetworkTracker] setActiveNetwork: %s
07-11 09:50:52.128 17557 17557 I MagicTether: (REDACTED) [TetherService] onActiveNetworkChanged: network=%s isLost=%s
07-11 09:50:52.131 17557 11226 I MagicTether: [WifiConnectionHandler] Ignoring getWifiConfigurationByNetworkId when checking connected state [CONTEXT service_id=276 ]
07-11 09:50:52.132 17557 11226 I MagicTether: [WifiConnectionHandler] No networkId set, can't be connected. [CONTEXT service_id=276 ]
07-11 09:50:52.132  1880  2747 D BackgroundInstallControlService: Package event received: 0
07-11 09:50:52.138  2247  2253 I pixel-thermal: disp_therm:36.38 raw data: disp_therm:36380 
07-11 09:50:52.138  2247  2253 I pixel-thermal: VIRTUAL-USB-UI:1 raw data: USB-MINUS-NEUTRAL:-1780 USB-MINUS-QUIET:535 USB_QUIET_RFFE:531.2 VIRTUAL-USB-UI:1 VIRTUAL-USB-UI-SUB0:0 usb_pwr_therm:35757 
07-11 09:50:52.138  2247  2253 I pixel-thermal: cam_therm:36.491 raw data: cam_therm:36491 
07-11 09:50:52.140 17557 11226 I MagicTether: (REDACTED) [TetherService] TRANSPORT_CELLULAR [%s], TRANSPORT_ETHERNET [%s], TRANSPORT_WIFI [%s]
07-11 09:50:52.142 17557 11226 I MagicTether: (REDACTED) [TetherService] setRoles hasActiveNetworkConnection=%s canActiveNetworkBeTethered=%s isConnectedToInstantTether=%s isWifiEnabled=%s isHosting=%s
07-11 09:50:52.150 17557 17557 I MagicTether: (REDACTED) [LaunchUtils] Instant Wifi for status account: name: %s | type: %s | isLaunched: %s
07-11 09:50:52.150 17557 17557 I MagicTether: (REDACTED) [TidepoolFeatureStatusManager] isInstantHotspotEnabled=%s
07-11 09:50:52.150 17557 17557 I MagicTether: (REDACTED) [TidepoolFeatureStatusManager] isInstantWifiEnabled=%s
07-11 09:50:52.150 17557 17557 I MagicTether: (REDACTED) [TetherService] startNearbyClientRole: start: %s isInstantHotspotEnabled: %s isInstantWifiEnabled: %s
07-11 09:50:52.150 17557 17557 I MagicTether: [TetherService] Stopping Nearby client role [CONTEXT service_id=276 ]
07-11 09:50:52.150 17557 17557 I MagicTether: [ClientTetherRole] Client role already stopped [CONTEXT service_id=276 ]
07-11 09:50:52.151  1880  2699 D ConnectivityService: NetReassign [no changes] [c 0] [a 17] [i 6]
07-11 09:50:52.152 17557 12216 I NearbyMediums: Wifi changed new SSID: "shufang_5G"
07-11 09:50:52.152 17557 12216 I NearbyMediums: WifiLanConnectivityInfo is not changed, skip notify.
07-11 09:50:52.154 17557 17557 I MagicTether: (REDACTED) [LaunchUtils] Instant Wifi for status account: name: %s | type: %s | isLaunched: %s
07-11 09:50:52.155 17557 17557 I MagicTether: (REDACTED) [TidepoolFeatureStatusManager] isInstantHotspotEnabled=%s
07-11 09:50:52.155 17557 17557 I MagicTether: (REDACTED) [TidepoolFeatureStatusManager] isInstantWifiEnabled=%s
07-11 09:50:52.155 17557 17557 I MagicTether: (REDACTED) [TetherService] startNearbyHostRole: start: %s isInstantHotspotEnabled: %s isInstantWifiEnabled: %s
07-11 09:50:52.155 17557 17557 I MagicTether: (REDACTED) [TidepoolFeatureStatusManager] isInstantHotspotEnabled=%s
07-11 09:50:52.155 17557 17557 I MagicTether: [HostTetherRole] Nearby host role already started [CONTEXT service_id=276 ]
07-11 09:50:52.159  1632  1632 D AOC     : CHRE: DRAM vote count begins
07-11 09:50:52.161  1632  1632 D AOC     : CHRE: DRAM vote count ends: 0 ms
07-11 09:50:52.161  1421  1457 D CHRE    : @ 751673.884: Parsed nanoapp message from host: app ID 0x476f6f676c00100b endpoint 0x3d msgType 112 payload size 14
07-11 09:50:52.161  1421  1457 I CHRE    : @ 751673.887: [NanoMinion] received MSG Type 0x70, Version 1, 10 bytes
07-11 09:50:52.162  1421  1457 I CHRE    : @ 751673.887: [AR] context-signal: has_bt=0, bt=0, has_wifi=1, wifi=1
07-11 09:50:52.162  1632  1632 D AOC     : CHRE: DRAM vote count begins
07-11 09:50:52.162  1632  1632 D AOC     : CHRE: DRAM vote count ends: 0 ms
07-11 09:50:52.162  1632  1632 D AOC     : CHRE: DRAM vote count begins
07-11 09:50:52.162  1632  1632 D AOC     : CHRE: DRAM vote count ends: 0 ms
07-11 09:50:52.180  3992 30190 I CobaltLoggerImpl: (REDACTED) Logging Cobalt occurrence for metric %d-%d-%d, with count %d and event vector %s, for caller: %s
07-11 09:50:52.180  3992 30190 I CobaltLoggerImpl: (REDACTED) Loaded Cobalt registry contains metric: %d-%d-%d
07-11 09:50:52.272 17557 12216 I NearbyMediums: No BLE Fast/GATT advertisements found in the latest cycle.
07-11 09:50:52.273 17557 12216 I NearbyMediums: Current Tracked Scanning Clients are : {NearbyConnections.EnvironmentMonitor, NearbySharing, NearbyConnections.TxAdvertisement}
07-11 09:50:52.591 11863 15093 I FileLockLib: [11863]file 94 unlocked. fl.pid=0
07-11 09:50:52.621 17557 12216 I NearbySharing: Network state changed: NetworkState(isRestricted=false, isOnline=true, isCongested=false, isMetered=false, isWifiConnected=true)
07-11 09:50:52.621 17557 12574 I NearbySharing: Network state changed: NetworkState(isRestricted=false, isOnline=true, isCongested=false, isMetered=false, isWifiConnected=true)
07-11 09:50:53.610  2975  3119 D TemperatureStateSource: sequence=52957 actualDelay=10001
07-11 09:50:53.611  2975  3119 D TemperatureStateSource: Reading temperature: sequence=52958
07-11 09:50:53.623  2247  2247 I pixel-thermal: VIRTUAL-SKIN:36.2019 raw data: VIRTUAL-SKIN:36201.9 VIRTUAL-SKIN-SUB-0:35568.3 VIRTUAL-SKIN-SUB-1:36077.3 VIRTUAL-SKIN-SUB-2:35082.6 VIRTUAL-SKIN-SUB-3:36201.9 VIRTUAL-SKIN-SUB-4:34414.5 VIRTUAL-SKIN-SUB-5:35389.7 VIRTUAL-SKIN-SUB-6:35559.6 VIRTUAL-SKIN-SUB-7:34801.9 VIRTUAL-SKIN-SUB-8:35372.1 battery:35900 cam_therm:36491 charge_therm:39496 disp_therm:36380 neutral_therm:37582 north_therm:36180 quiet_therm:35222 soc_therm:38984 usb_pwr_therm:35757 
07-11 09:50:53.625  2975  3119 D TemperatureStateSource: getDeviceTemperatures: sequence=52958 deviceTemperatureType=3 temperatureSource=0 temperatures=[36.201885]
07-11 09:50:53.625  2975  3119 D BusinessScope: Enqueuing the block
07-11 09:50:53.625  2975  3119 D TemperatureStateSource: sequence=52958 waitTime=10000
07-11 09:50:53.625  2975  3236 D BusinessScope: Start running the #106145 block
07-11 09:50:53.626  2975  3236 D BusinessScope: Enqueuing the block
07-11 09:50:53.626  2975  3236 D ImpulseStateSource: Notify clients: 53067
07-11 09:50:53.626  2975  3236 D BusinessScope: Finish running the #106145 block
07-11 09:50:53.627  2975  3236 D BusinessScope: Start running the #106146 block
07-11 09:50:53.629  2975  3236 D BusinessScope: Finish running the #106146 block
07-11 09:50:54.430  2247  2253 I pixel-thermal: quiet_therm:35.222 raw data: quiet_therm:35222 
07-11 09:50:55.124  1499  1548 I WifiHAL : Creating message to get link statistics; iface = 48
07-11 09:50:55.262  1499  1548 E libbinder.IPCThreadState: binder thread pool (1 threads) starved for 138 ms
07-11 09:50:55.263  1499  2770 I WifiHAL : Getting cached scan results, iface handle = 0xb400006ec4f08d50
07-11 09:50:55.263  1499  2770 E WifiHAL : Creating message to get cached scan results
07-11 09:50:55.271  1499  2770 I WifiHAL : In GetCachedScanResultsCommand::handleResponse
07-11 09:50:55.342  1499  2770 D WifiHAL : Start debug command: mType GET_FEATURE
07-11 09:50:55.342  1499  2770 I WifiHAL : CreateRequest mType = GET_FEATURE
07-11 09:50:55.342  1499  2770 D WifiHAL : In DebugCommand::handleResponse, mType:GET_FEATURE
07-11 09:50:55.342  1499  2770 D WifiHAL : len = 4, expected len = 4
07-11 09:50:55.342  3472  3576 D IwlanNetworkStatusTracker: onCapabilitiesChanged: 125
07-11 09:50:55.339  3390  3429 D IwlanDataService: onCapabilitiesChanged: 125 [ Transports: WIFI Capabilities: NOT_METERED&INTERNET&NOT_RESTRICTED&TRUSTED&NOT_VPN&VALIDATED&NOT_ROAMING&FOREGROUND&NOT_CONGESTED&NOT_SUSPENDED&NOT_VCN_MANAGED&NOT_BANDWIDTH_CONSTRAINED LinkUpBandwidth>=16168Kbps LinkDnBandwidth>=32781Kbps TransportInfo: <SSID: "shufang_5G", BSSID: 80:37:73:d9:08:40, MAC: 26:e4:72:9b:b0:d2, IP: /192.168.50.159, Security type: 2, Supplicant state: COMPLETED, Wi-Fi standard: 11ac, RSSI: -67, Link speed: 351Mbps, Tx Link speed: 351Mbps, Max Supported Tx Link speed: 866Mbps, Rx Link speed: 468Mbps, Max Supported Rx Link speed: 866Mbps, Frequency: 5745MHz, Net ID: 2, Metered hint: false, score: 100, isUsable: true, CarrierMerged: false, SubscriptionId: -1, IsPrimary: 1, Trusted: true, Restricted: false, Ephemeral: false, OEM paid: false, OEM private: false, OSU AP: false, FQDN: <none>, Provider friendly name: <none>, Requesting package name: <none>"shufang_5G"wpa2-pskMLO Information: , Is TID-To-Link negotiation supported by the AP: false, AP MLD Address: <none>, AP MLO Link Id: <none>, AP MLO Affiliated links: <none>, Vendor Data: <none>> SignalStrength: -67 OwnerUid: 1000 AdminUids: [1000] SSID: "shufang_5G" UnderlyingNetworks: Null]
07-11 09:50:55.342  3472  3576 D IwlanNetworkStatusTracker: OnCapability : Wifi Available already true and validation status unchanged
07-11 09:50:55.342  3472  3576 E IwlanNetworkStatusTracker: Could not get Wifi SSID
07-11 09:50:55.342  3390  3429 D IwlanDataService: Network 125 connected using transport WIFI
07-11 09:50:55.344  3049  4015 W SHANNON_IMS: 7774 [CONN] NetworkSpecifier and TransportInfo are not valid (DefaultNetworkCallback%updateSubscriptionId:121)
07-11 09:50:55.344  3015  3890 D SHANNON_RCS: 4234 [0][PROX][TELE] onCapabilitiesChanged, Network: 125, NetworkCapabilities: [ Transports: WIFI Capabilities: NOT_METERED&INTERNET&NOT_RESTRICTED&TRUSTED&NOT_VPN&VALIDATED&NOT_ROAMING&FOREGROUND&NOT_CONGESTED&NOT_SUSPENDED&NOT_VCN_MANAGED&NOT_BANDWIDTH_CONSTRAINED LinkUpBandwidth>=16168Kbps LinkDnBandwidth>=32781Kbps TransportInfo: <SSID: <unknown ssid>, BSSID: 02:00:00:00:00:00, MAC: 02:00:00:00:00:00, IP: /192.168.50.159, Security type: 2, Supplicant state: COMPLETED, Wi-Fi standard: 11ac, RSSI: -67, Link speed: 351Mbps, Tx Link speed: 351Mbps, Max Supported Tx Link speed: 866Mbps, Rx Link speed: 468Mbps, Max Supported Rx Link speed: 866Mbps, Frequency: 5745MHz, Net ID: -1, Metered hint: false, score: 100, isUsable: true, CarrierMerged: false, SubscriptionId: -1, IsPrimary: -1, Trusted: true, Restricted: false, Ephemeral: false, OEM paid: false, OEM private: false, OSU AP: false, FQDN: <none>, Provider friendly name: <none>, Requesting package name: <none><none>MLO Information: , Is TID-To-Link negotiation supported by the AP: false, AP MLD Address: <none>, AP MLO Link Id: <none>, AP MLO Affiliated links: <none>, Vendor Data: <none>> SignalStrength: -67 UnderlyingNetworks: Null] (DefaultNetworkCallback%onCapabilitiesChanged:76)
07-11 09:50:55.344  3049  4015 I SHANNON_IMS: 7775 [CONN] network:125 WIFI connected, subId: -1 [SLID:0] (DefaultNetworkCallback%onCapabilitiesChanged:76)
07-11 09:50:55.346 17557  2847 I NullBinder: NullBinder for android.net.action.RECOMMEND_NETWORKS triggering remote TransactionTooLargeException due to Service without Chimera impl, calling uid: 1000, calling pid: 0
07-11 09:50:55.346 17557  2847 W libbinder.Binder: Large reply transaction of 1056768 bytes, interface descriptor , code 1, flags 17
07-11 09:50:55.346  3807  3898 D DeviceStateHelper: Wifi freq: 5745
07-11 09:50:55.351  3807  3918 I WifiSignalInfo: onCapabilitiesChanged: rssi:-67
07-11 09:50:55.353  3807  3905 D ImsPreconditionCheck: {subId=1} handleMessage: { when=0 what=16 target=eja async=false heapIndex=-1 }
07-11 09:50:55.353  3807  3905 D ImsPreconditionCheck: {subId=1} onWifiCapabilitiesChanged: wifiNetworkValidated: true
07-11 09:50:55.355  3390  3519 D IwlanNetworkService: onCapabilitiesChanged: 125
07-11 09:50:55.356 11863 11959 D HTTPDNS : Network onCapabilitiesChanged(125)
07-11 09:50:55.357  1880  2747 D BackgroundInstallControlService: Package event received: 0
07-11 09:50:55.359 17545 17545 I Wildlife_WildlifeVpnReceiver: ACTION_WIFI_STATE_CHANGED
07-11 09:50:55.359 17545 17545 I Wildlife_WildlifeCobaltEventLoggerImpl: SysUI wifi state changed event logged
07-11 09:50:55.359 16683 16774 I BugleRcsEngine: handleMessage processing message:[NOTIFY_UPTIME_IGNORE_STATE_CHANGED] with [non-null]:RcsEngineImpl reference [CONTEXT log_prefix="RcsEngineImpl[DUAL_REG]:[5e41f6bd-fcc7]>Handler" thread_id=99 ]
07-11 09:50:55.361 16683 16769 I BugleRcsEngine: Connected state: [1], networkType: [WIFI] [CONTEXT thread_id=95 ]
07-11 09:50:55.361 17545 17545 I Wildlife_WildlifeVpnManagerImpl: restoreSettingsFromBackupIfNecessary() false, true, false
07-11 09:50:55.361 17545 17545 I Wildlife_OpenWifiNudgeManagerImpl: wifiStateChangedFuture
07-11 09:50:55.362 17545 10586 I Wildlife_OpenWifiNudgeManagerImpl: handleWifiStateChanged(): consumer is not active
07-11 09:50:55.371  1880  2699 E libbinder.IPCThreadState: Binder transaction failure. id: 100494955, cmd: BR_FAILED_REPLY (29201), error: -28 (No space left on device - Binder buffer full. Too many or too large transactions.)
07-11 09:50:55.371  1880  2699 W ActivityManager: pid 1880 system sent binder code 1 with flags 1 and got error -2147483646
07-11 09:50:55.371  1880  2699 D ActivityManager: Too many transaction errors, throttling transaction error callback.
07-11 09:50:55.371  1880  2699 E JavaBinder: !!! FAILED BINDER TRANSACTION !!!  (parcel size = 1132)
07-11 09:50:55.371 17557 17557 I MagicTether: (REDACTED) [ActiveNetworkTracker] setActiveNetwork: %s
07-11 09:50:55.371  1880  2699 E ConnectivityService: RemoteException caught trying to send a callback msg for NetworkRequest [ TRACK_DEFAULT id=21789, [ Capabilities: INTERNET&NOT_RESTRICTED&TRUSTED&NOT_VCN_MANAGED&NOT_BANDWIDTH_CONSTRAINED Uid: 10333 RequestorUid: 10333 RequestorPkg: com.tencent.mm UnderlyingNetworks: Null] ]
07-11 09:50:55.371 17557 17557 I MagicTether: (REDACTED) [TetherService] onActiveNetworkChanged: network=%s isLost=%s
07-11 09:50:55.372  1880  2699 E libbinder.IPCThreadState: Binder transaction failure. id: 100494957, cmd: BR_FAILED_REPLY (29201), error: -28 (No space left on device - Binder buffer full. Too many or too large transactions.)
07-11 09:50:55.372  1880  2699 W ActivityManager: pid 1880 system sent binder code 1 with flags 1 and got error -2147483646
07-11 09:50:55.372  1880  2699 D ActivityManager: Too many transaction errors, throttling transaction error callback.
07-11 09:50:55.372  1880  2699 E JavaBinder: !!! FAILED BINDER TRANSACTION !!!  (parcel size = 1120)
07-11 09:50:55.372  1880  2699 E ConnectivityService: RemoteException caught trying to send a callback msg for NetworkRequest [ LISTEN id=21791, [ Capabilities: INTERNET&NOT_RESTRICTED&TRUSTED&NOT_VCN_MANAGED&NOT_BANDWIDTH_CONSTRAINED Uid: 10333 RequestorUid: 10333 RequestorPkg: com.tencent.mm UnderlyingNetworks: Null] ]
07-11 09:50:55.373 17557 11226 I MagicTether: [WifiConnectionHandler] Ignoring getWifiConfigurationByNetworkId when checking connected state [CONTEXT service_id=276 ]
07-11 09:50:55.377  1632  1632 D AOC     : CHRE: DRAM vote count begins
07-11 09:50:55.377  1632  1632 D AOC     : CHRE: DRAM vote count ends: 0 ms
07-11 09:50:55.377  1632  1632 D AOC     : CHRE: DRAM vote count begins
07-11 09:50:55.377  1632  1632 D AOC     : CHRE: DRAM vote count ends: 0 ms
07-11 09:50:55.377  1880  2699 D ConnectivityService: NetReassign [no changes] [c 0] [a 1] [i 3]
07-11 09:50:55.377  3992 30190 I CobaltLoggerImpl: (REDACTED) Logging Cobalt occurrence for metric %d-%d-%d, with count %d and event vector %s, for caller: %s
07-11 09:50:55.378  3992 30190 I CobaltLoggerImpl: (REDACTED) Loaded Cobalt registry contains metric: %d-%d-%d
07-11 09:50:55.380  1421  1457 D CHRE    : @ 751677.102: Parsed nanoapp message from host: app ID 0x476f6f676c00100b endpoint 0x3d msgType 112 payload size 14
07-11 09:50:55.381  1421  1457 I CHRE    : @ 751677.103: [NanoMinion] received MSG Type 0x70, Version 1, 10 bytes
07-11 09:50:55.381  1421  1457 I CHRE    : @ 751677.103: [AR] context-signal: has_bt=0, bt=0, has_wifi=1, wifi=1
07-11 09:50:55.382  1632  1632 D AOC     : CHRE: DRAM vote count begins
07-11 09:50:55.382  1632  1632 D AOC     : CHRE: DRAM vote count ends: 0 ms
07-11 09:50:55.387 17557 11226 I MagicTether: [WifiConnectionHandler] No networkId set, can't be connected. [CONTEXT service_id=276 ]
07-11 09:50:55.388 17557 11226 I MagicTether: (REDACTED) [TetherService] TRANSPORT_CELLULAR [%s], TRANSPORT_ETHERNET [%s], TRANSPORT_WIFI [%s]
07-11 09:50:55.390 17557 11226 I MagicTether: (REDACTED) [TetherService] setRoles hasActiveNetworkConnection=%s canActiveNetworkBeTethered=%s isConnectedToInstantTether=%s isWifiEnabled=%s isHosting=%s
07-11 09:50:55.392 17557 12216 I NearbyMediums: Wifi changed new SSID: "shufang_5G"
07-11 09:50:55.393 17557 12216 I NearbyMediums: WifiLanConnectivityInfo is not changed, skip notify.
07-11 09:50:55.405 17557 17557 I MagicTether: (REDACTED) [LaunchUtils] Instant Wifi for status account: name: %s | type: %s | isLaunched: %s
07-11 09:50:55.405 17557 17557 I MagicTether: (REDACTED) [TidepoolFeatureStatusManager] isInstantHotspotEnabled=%s
07-11 09:50:55.405 17557 17557 I MagicTether: (REDACTED) [TidepoolFeatureStatusManager] isInstantWifiEnabled=%s
07-11 09:50:55.406 17557 17557 I MagicTether: (REDACTED) [TetherService] startNearbyClientRole: start: %s isInstantHotspotEnabled: %s isInstantWifiEnabled: %s
07-11 09:50:55.406 17557 17557 I MagicTether: [TetherService] Stopping Nearby client role [CONTEXT service_id=276 ]
07-11 09:50:55.406 17557 17557 I MagicTether: [ClientTetherRole] Client role already stopped [CONTEXT service_id=276 ]
