--------- beginning of main
07-11 09:49:27.070  4196  4496 W JobInfo : Requested important-while-foreground flag for job1288 is ignored and takes no effect
07-11 09:49:27.070  4196  4496 D WM-SystemJobScheduler: Scheduling work ID 6e7c68fb-d7f3-4866-8acc-4b0218a6c2e3Job ID 1288
07-11 09:49:27.078  3992  3992 D BoundBrokerSvc: onBind: Intent { act=com.google.android.gms.backup.GMS_MODULE_RESTORE dat=chimera-action:/... xflg=0x4 cmp=com.google.android.gms/.chimera.GmsInternalBoundBrokerService }
07-11 09:49:27.078 31061 31083 W ProvidersCache: Failed to load some roots from com.tencent.assistant.syscomponent.DOCUMENTS
07-11 09:49:27.078 31061 31083 W ProvidersCache: java.lang.NullPointerException: Attempt to invoke interface method 'boolean android.database.Cursor.moveToNext()' on a null object reference
07-11 09:49:27.078 31061 31083 W ProvidersCache: 	at com.android.documentsui.roots.ProvidersCache.loadRootsForAuthority(ProvidersCache.java:534)
07-11 09:49:27.078 31061 31083 W ProvidersCache: 	at com.android.documentsui.roots.ProvidersCache.-$$Nest$mloadRootsForAuthority(ProvidersCache.java:0)
07-11 09:49:27.078 31061 31083 W ProvidersCache: 	at com.android.documentsui.roots.ProvidersCache$MultiProviderUpdateTask.handleDocumentsProvider(ProvidersCache.java:887)
07-11 09:49:27.078 31061 31083 W ProvidersCache: 	at com.android.documentsui.roots.ProvidersCache$MultiProviderUpdateTask.startSingleProviderUpdateTask(ProvidersCache.java:863)
07-11 09:49:27.078 31061 31083 W ProvidersCache: 	at com.android.documentsui.roots.ProvidersCache$MultiProviderUpdateTask.lambda$doInBackground$0(ProvidersCache.java:809)
07-11 09:49:27.078 31061 31083 W ProvidersCache: 	at com.android.documentsui.roots.ProvidersCache$MultiProviderUpdateTask.$r8$lambda$mnJpmgdZARm40VapREkQeOExLF8(ProvidersCache.java:0)
07-11 09:49:27.078 31061 31083 W ProvidersCache: 	at com.android.documentsui.roots.ProvidersCache$MultiProviderUpdateTask$$ExternalSyntheticLambda0.run(R8$$SyntheticClass:0)
07-11 09:49:27.078 31061 31083 W ProvidersCache: 	at java.util.concurrent.Executors$RunnableAdapter.call(Executors.java:520)
07-11 09:49:27.078 31061 31083 W ProvidersCache: 	at java.util.concurrent.FutureTask.run(FutureTask.java:317)
07-11 09:49:27.078 31061 31083 W ProvidersCache: 	at java.util.concurrent.ThreadPoolExecutor.runWorker(ThreadPoolExecutor.java:1154)
07-11 09:49:27.078 31061 31083 W ProvidersCache: 	at java.util.concurrent.ThreadPoolExecutor$Worker.run(ThreadPoolExecutor.java:652)
07-11 09:49:27.078 31061 31083 W ProvidersCache: 	at java.lang.Thread.run(Thread.java:1564)
07-11 09:49:27.079  3992  3992 D BoundBrokerSvc: Loading bound service for intent: Intent { act=com.google.android.gms.backup.GMS_MODULE_RESTORE dat=chimera-action:/... xflg=0x4 cmp=com.google.android.gms/.chimera.GmsInternalBoundBrokerService }
07-11 09:49:27.083  4252  4252 I Finsky:background: [2] Memory trim requested to level 40
07-11 09:49:27.084  8863  8863 I Finsky  : [2] Memory trim requested to level 40
07-11 09:49:27.085  8863  8863 I Finsky  : [2] Flushing in-memory image cache
07-11 09:49:27.089  4196  4496 D WM-GreedyScheduler: Ignoring {WorkSpec: 327ca86c-bd02-453c-968d-4e49b5dd62fe}. Requires device idle.
07-11 09:49:27.089  4196  4496 D WM-GreedyScheduler: Ignoring {WorkSpec: ae26dab5-593a-47e4-a872-c1bb699a93a6}. Requires device idle.
07-11 09:49:27.089  4196  4496 D WM-GreedyScheduler: Ignoring {WorkSpec: 7eeb45da-83da-4219-b308-c36569546220}. Requires device idle.
07-11 09:49:27.089  4196  4496 D WM-GreedyScheduler: Ignoring {WorkSpec: 9f888058-b46e-4ed8-a63c-b42f953af699}. Requires device idle.
07-11 09:49:27.089  4196  4496 D WM-GreedyScheduler: Starting work for 6e7c68fb-d7f3-4866-8acc-4b0218a6c2e3
07-11 09:49:27.091  4196  4496 D WM-Processor: Processor: processing WorkGenerationalId(workSpecId=6e7c68fb-d7f3-4866-8acc-4b0218a6c2e3, generation=0)
07-11 09:49:27.092  4196  4196 D WM-SystemJobService: onStartJob for WorkGenerationalId(workSpecId=6e7c68fb-d7f3-4866-8acc-4b0218a6c2e3, generation=0)
07-11 09:49:27.094  4196  4196 D WM-WorkerWrapper: Starting work for com.android.providers.media.MediaServiceV2
07-11 09:49:27.095  4196 11429 I MediaServiceV2: Work initiated for action [ android.intent.action.PACKAGE_DATA_CLEARED ]
07-11 09:49:27.096  4196  4496 D WM-Processor: Work WorkGenerationalId(workSpecId=6e7c68fb-d7f3-4866-8acc-4b0218a6c2e3, generation=0) is already enqueued for processing
07-11 09:49:27.096  4196 11429 D MediaProvider: Deleted 0 Android/media items belonging to local.qbdi.adjustreference on /data/user/0/com.google.android.providers.media.module/databases/external.db
07-11 09:49:27.098  4196 11429 I FuseDaemon: Successfully deleted rows in leveldb for owner_id:  and ownerPackageIdentifier: local.qbdi.adjustreference::0
07-11 09:49:27.098  4196 11429 D MediaGrants: Removed 0 media_grants for 0 user for [local.qbdi.adjustreference, local.qbdi.adjustreference]. Reason: Package orphaned
07-11 09:49:27.099  3992 30190 I Icing   : doRemovePackageData local.qbdi.adjustreference
07-11 09:49:27.100  4196 11429 I MediaServiceV2: Work ended for action [ android.intent.action.PACKAGE_DATA_CLEARED ]
07-11 09:49:27.101  4196  4490 I WM-WorkerWrapper: Worker result SUCCESS for Work [ id=6e7c68fb-d7f3-4866-8acc-4b0218a6c2e3, tags={ com.android.providers.media.MediaServiceV2 } ]
07-11 09:49:27.102  4196  4196 D WM-Processor: Processor 6e7c68fb-d7f3-4866-8acc-4b0218a6c2e3 executed; reschedule = false
07-11 09:49:27.102  4196  4196 D WM-SystemJobService: 6e7c68fb-d7f3-4866-8acc-4b0218a6c2e3 executed on JobScheduler
07-11 09:49:27.106  4196  4496 D WM-GreedyScheduler: Cancelling work ID 6e7c68fb-d7f3-4866-8acc-4b0218a6c2e3
07-11 09:49:27.107  4196  4496 D WM-GreedyScheduler: Ignoring {WorkSpec: 327ca86c-bd02-453c-968d-4e49b5dd62fe}. Requires device idle.
07-11 09:49:27.107  4196  4496 D WM-GreedyScheduler: Ignoring {WorkSpec: ae26dab5-593a-47e4-a872-c1bb699a93a6}. Requires device idle.
07-11 09:49:27.107  4196  4496 D WM-GreedyScheduler: Ignoring {WorkSpec: 7eeb45da-83da-4219-b308-c36569546220}. Requires device idle.
07-11 09:49:27.107  4196  4496 D WM-GreedyScheduler: Ignoring {WorkSpec: 9f888058-b46e-4ed8-a63c-b42f953af699}. Requires device idle.
07-11 09:49:27.209  1880  1901 D SafetySourceDataValidat: No cert check requested for package com.google.android.permissioncontroller
07-11 09:49:27.217  2795  2795 D PersistedStoragePackageUninstalledReceiver: Received android.intent.action.PACKAGE_DATA_CLEARED for local.qbdi.adjustreference for u0
07-11 09:49:27.319  2247  2253 I pixel-thermal: VIRTUAL-SKIN-CPU-LIGHT-ODPM:36.229 raw data: VIRTUAL-SKIN:36229 VIRTUAL-SKIN-CPU-LIGHT-ODPM:36229 VIRTUAL-SKIN-SUB-0:35503.9 VIRTUAL-SKIN-SUB-1:36144.1 VIRTUAL-SKIN-SUB-2:34821.8 VIRTUAL-SKIN-SUB-3:36229 VIRTUAL-SKIN-SUB-4:34336.6 VIRTUAL-SKIN-SUB-5:35353 VIRTUAL-SKIN-SUB-6:35752.9 VIRTUAL-SKIN-SUB-7:34699.2 VIRTUAL-SKIN-SUB-8:35339.5 battery:35400 cam_therm:36380 charge_therm:40030 disp_therm:36447 neutral_therm:37849 north_therm:36024 quiet_therm:35000 soc_therm:39296 usb_pwr_therm:35623 
07-11 09:49:27.320  2247  2253 I pixel-thermal: VIRTUAL-SKIN-CPU-LIGHT-ODPM power_budget=2002.73 err=2.77097 s_power=800 time_elapsed_ms=7015 p=1108.39 i=94.3456 d=0 dt_per_min=nan compensation=0 budget transient=0 control target=2 excluded power budget=0
07-11 09:49:27.320  2247  2253 I pixel-thermal: VIRTUAL-SKIN-CPU-LIGHT-ODPM binded power rails: (S4M_VDD_CPUCL0: 185.49 mW)(S2M_VDD_CPUCL2: 4.12 mW)(S3M_VDD_CPUCL1: 28.71 mW)
07-11 09:49:27.320  2247  2253 I pixel-thermal: cellular-emergency:36.229 raw data: VIRTUAL-SKIN:36229 cellular-emergency:36229 
07-11 09:49:27.320  2247  2253 I pixel-thermal: VIRTUAL-SKIN-CPU-MID:36.229 raw data: VIRTUAL-SKIN:36229 VIRTUAL-SKIN-CPU-MID:36229 
07-11 09:49:27.320  2247  2253 I pixel-thermal: VIRTUAL-SKIN-HINT:36.229 raw data: VIRTUAL-SKIN:36229 VIRTUAL-SKIN-HINT:36229 
07-11 09:49:27.320  2247  2253 I pixel-thermal: VIRTUAL-SKIN-CPU-HIGH:36.229 raw data: VIRTUAL-SKIN:36229 VIRTUAL-SKIN-CPU-HIGH:36229 
07-11 09:49:27.320  2247  2253 I pixel-thermal: VIRTUAL-SKIN-SOC:36.229 raw data: VIRTUAL-SKIN:36229 VIRTUAL-SKIN-SOC:36229 
07-11 09:49:27.321  2247  2253 I pixel-thermal: VIRTUAL-SKIN-SOC power_budget=3431.29 err=8.77097 s_power=800 time_elapsed_ms=7015 p=2631.29 i=0 d=0 dt_per_min=nan compensation=0 budget transient=0 control target=3 excluded power budget=0
07-11 09:49:27.321  2247  2253 I pixel-thermal: VIRTUAL-SKIN-SOC binded power rails: (S4M_VDD_CPUCL0: 185.49 mW)(S2M_VDD_CPUCL2: 4.12 mW)(S3M_VDD_CPUCL1: 28.71 mW)(S2S_VDD_G3D: 62.23 mW)(S7M_VDD_TPU: 0.00 mW)
07-11 09:49:27.321  2247  2253 I pixel-thermal: VIRTUAL-SKIN:36.229 raw data: VIRTUAL-SKIN:36229 
07-11 09:49:27.321  2247  2253 I pixel-thermal: VIRTUAL-SKIN-GPU:36.229 raw data: VIRTUAL-SKIN:36229 VIRTUAL-SKIN-GPU:36229 
07-11 09:49:27.321  2247  2253 I pixel-thermal: VIRTUAL-SKIN-SPEAKER:32.7014 raw data: VIRTUAL-SKIN-SPEAKER:32701.4 VIRTUAL-SKIN-SPEAKER-SUB-0:31724 VIRTUAL-SKIN-SPEAKER-SUB-1:32529.6 VIRTUAL-SKIN-SPEAKER-SUB-2:32701.4 VIRTUAL-SKIN-SPEAKER-SUB-3:32600.5 battery:35400 cam_therm:36380 charge_therm:40030 disp_therm:36447 neutral_therm:37849 north_therm:36024 quiet_therm:35000 soc_therm:39296 usb_pwr_therm:35623 
07-11 09:49:27.322  2247  2253 I pixel-thermal: VIRTUAL-SKIN-CHARGE-WIRED:36.0229 raw data: NO_WLC:1 VIRTUAL-SKIN-CHARGE:36022.9 VIRTUAL-SKIN-CHARGE-SUB-0:35799.1 VIRTUAL-SKIN-CHARGE-SUB-1:35156.8 VIRTUAL-SKIN-CHARGE-SUB-2:35103.9 VIRTUAL-SKIN-CHARGE-SUB-3:35323.1 VIRTUAL-SKIN-CHARGE-SUB-4:35697.6 VIRTUAL-SKIN-CHARGE-SUB-5:36022.9 VIRTUAL-SKIN-CHARGE-SUB-6:35175.4 VIRTUAL-SKIN-CHARGE-WIRED:36022.9 WLC_CHECK:1 battery:35400 cam_therm:36380 charge_therm:40030 disp_therm:36447 neutral_therm:37849 north_therm:36024 quiet_therm:35000 soc_therm:39296 thb_hda:54 usb_pwr_therm:35623 
07-11 09:49:27.322  2247  2253 I pixel-thermal: VIRTUAL-SKIN-CHARGE-WIRED power_budget=3603.94 err=1.97708 s_power=2404 time_elapsed_ms=7015 p=199.685 i=1099 d=0 dt_per_min=nan compensation=0 budget transient=0 control target=2 excluded power budget=98.7495 (PARTIAL_SYSTEM_POWER: 987.50 mW, cdev_weight: 0.100000)
07-11 09:49:27.322  2247  2253 I pixel-thermal: VIRTUAL-SKIN-CHARGE-PERSIST:36.0229 raw data: VIRTUAL-SKIN-CHARGE:36022.9 VIRTUAL-SKIN-CHARGE-PERSIST:36022.9 
07-11 09:49:27.322  2247  2253 I pixel-thermal: VIRTUAL-SKIN-CHARGE-PERSIST power_budget=3790.24 err=4.97708 s_power=2066 time_elapsed_ms=7015 p=816.241 i=1066 d=0 dt_per_min=nan compensation=0 budget transient=0 control target=2 excluded power budget=157.999 (PARTIAL_SYSTEM_POWER: 987.50 mW, cdev_weight: 0.160000)
07-11 09:49:27.412  2247  2253 I pixel-thermal: usb_pwr_therm:35.623 raw data: usb_pwr_therm:35623 
07-11 09:49:27.413  2247  2253 I pixel-thermal: VIRTUAL-USB-THROTTLING:1 raw data: USB-MINUS-NEUTRAL:-2226 USB-MINUS-QUIET:623 USB_QUIET_RFFE:618.179 VIRTUAL-USB-THROTTLING:1 VIRTUAL-USB-THROTTLING-SUB0:0 VSYS_PWR_RFFE:0.602666 neutral_therm:37849 quiet_therm:35000 usb_pwr_therm:35623 
--------- beginning of system
07-11 09:49:27.543  1880  5110 W ActivityTaskManager: callingPackage for (uid=2000, pid=11433) has no WPC
07-11 09:49:27.545  1880  5110 D CompatChangeReporter: Compat change id reported: 151861875; UID 10513; state: ENABLED
07-11 09:49:27.546  1880  5110 V GrammaticalInflectionUtils: AttributionSource: android.content.AttributionSource@32a8b86b does not have READ_SYSTEM_GRAMMATICAL_GENDER permission.
07-11 09:49:27.555  3171  3171 D RecentsView: onTaskDisplayChanged: 2089, new displayId = 0
07-11 09:49:27.559   675   816 I libbinder.BpBinder: onLastStrongRef automatically unlinking death recipients for binder (0xb400007314714010) with descriptor: '(not cached)'
07-11 09:49:27.560  2794  2840 D Bubbles : BubbleTaskStackListener.onTaskMovedToFront(): taskId=2089
07-11 09:49:27.560  1880  5110 V ActivityTaskManager: TaskLaunchParamsModifier: phase=3 task=Task{90b29ba #2089 type=standard A=10513:local.qbdi.adjustreference} activity=ActivityRecord{9886437 u0 local.qbdi.adjustreference/.MainActivity t-1} display-from-task=0 display-id=0 task-display-area-windowing-mode=1 suggested-display-area=DefaultTaskDisplayArea@73937791 inherit-from-task=fullscreen non-freeform-task-display-area display-area=DefaultTaskDisplayArea@73937791 skip-bounds-fullscreen
07-11 09:49:27.560  1880  5110 I ActivityTaskManager: START u0 {flg=0x10000000 xflg=0x5 cmp=local.qbdi.adjustreference/.MainActivity} with LAUNCH_MULTIPLE from uid 2000 (com.android.shell) (BAL_ALLOW_PERMISSION) result code=0
07-11 09:49:27.560  3171  3171 D BaseActivity: Launcher flags updated: [state_started|state_resumed|state_deferred_resumed|state_window_focused|state_user_active] -[]
07-11 09:49:27.561  1880  5095 D CompatChangeReporter: Compat change id reported: 309578419; UID 10513; state: ENABLED
07-11 09:49:27.561  3171  3171 D BaseActivity: Launcher flags updated: [state_started|state_resumed|state_deferred_resumed|state_window_focused] -[state_user_active]
07-11 09:49:27.561  2794  2840 V WindowManagerShell: Transition requested (#714): android.os.BinderProxy@acb5f6d TransitionRequestInfo { type = OPEN, triggerTask = TaskInfo{userId=0 taskId=2089 effectiveUid=10513 displayId=0 isRunning=true baseIntent=Intent { flg=0x10000000 cmp=local.qbdi.adjustreference/.MainActivity } baseActivity=ComponentInfo{local.qbdi.adjustreference/local.qbdi.adjustreference.MainActivity} topActivity=ComponentInfo{local.qbdi.adjustreference/local.qbdi.adjustreference.MainActivity} origActivity=null realActivity=ComponentInfo{local.qbdi.adjustreference/local.qbdi.adjustreference.MainActivity} realActivityIsAppLockEnabled=false numActivities=1 lastActiveTime=751577925 supportsMultiWindow=true resizeMode=1 isResizeable=true minWidth=-1 minHeight=-1 defaultMinSize=220 token=WCT{android.os.BinderProxy@af907a2} topActivityType=1 pictureInPictureParams=null shouldDockBigOverlays=false launchIntoPipHostTaskId=-1 lastParentTaskIdBeforePip=-1 displayCutoutSafeInsets=Rect(0, 132 - 0, 0) topActivityInfo=ActivityInfo{5a7cc33 local.qbdi.adjustreference.MainActivity} launchCookies=[] positionInParent=Point(0, 0) parentTaskId=-1 isFocused=false isVisible=false isVisibleRequested=false isTopActivityNoDisplay=false isSleeping=false locusId=null displayAreaFeatureId=1 isTopActivityTransparent=false isActivityStackTransparent=false lastNonFullscreenBounds=null leafTaskBoundsFromOptions= false capturedLink=null capturedLinkTimestamp=0 requestedVisibleTypes=503 topActivityRequestOpenInBrowserEducationTimestamp=0 appCompatTaskInfo=AppCompatTaskInfo { topActivityInSizeCompat=false isLeafTask= true eligibleForLetterboxEducation= false isLetterboxEducationEnabled= false isLetterboxDoubleTapEnabled= false eligibleForUserAspectRatioButton= false topActivityBoundsLetterboxed= false isFromLetterboxDoubleTap= false topActivityLetterboxVerticalPosition= -1 topActivityLetterboxHorizontalPosition= -1 topActivityLetterboxWidth=-1 topActivityLetterboxHeight=-1 topActivityAppBounds=Rect(0, 0 - 1080, 2400) isUserFullscreenOverrideEnabled=false isSystemFullscreenOverrideEnabled=false hasMinAspectRatioOverride=false topActivityLetterboxBounds=null topNonResizableActivityAspectRatio=-1.0} topActivityMainWindowFrame=null isAppBubble=false}, pipChange = null, remoteTransitionInfo = null, displayChange = null, requestedLocation = null, userChange = null, windowingLayerChange = null, fullscreenRequestChange = null, flags = 0, debugId = 714 }
07-11 09:49:27.561  1880  1945 V GrammaticalInflectionUtils: AttributionSource: android.content.AttributionSource@32a8b86b does not have READ_SYSTEM_GRAMMATICAL_GENDER permission.
07-11 09:49:27.561  2794  2840 W DisplayDisconnectTransitionHandler: No disconnect change found in the transition, not handling request.
07-11 09:49:27.561  3171  3171 D BaseActivity: Launcher flags updated: [state_started|state_window_focused] -[state_resumed|state_deferred_resumed]
07-11 09:49:27.561  2794  2840 D ShellSplitScreen: logExit: no-op, mLoggerSessionId is null
07-11 09:49:27.561  3171  3171 W SplitSelectStateCtor: Missing session instanceIds
07-11 09:49:27.561  3171  3171 D StatsLog: LAUNCHER_SPLIT_SELECTION_EXIT_INTERRUPTED
07-11 09:49:27.561  1880  1945 W ActivityManager: ProcessRecord{e5f4061 0:local.qbdi.adjustreference/u0a513}: ART verification disabled
07-11 09:49:27.561  2794  2840 V ShellDesktopMode: DesktopTasksController: skipping handleRequest reason=triggerTask's display doesn't support desktop mode
07-11 09:49:27.562  2794  2840 D WindowManagerShell: setLauncherKeepClearAreaHeight: visible=false, height=495
07-11 09:49:27.562  1880  5121 I AppsFilter: interaction: PackageSetting{6700f40 com.somecases.demo/10400} -> PackageSetting{322786 local.qbdi.adjustreference/10513} BLOCKED
07-11 09:49:27.562  1880  5121 I AppsFilter: interaction: PackageSetting{77ed7be com.google.android.microdroid.empty_payload/10275} -> PackageSetting{322786 local.qbdi.adjustreference/10513} BLOCKED
07-11 09:49:27.562  1880  5121 I AppsFilter: interaction: PackageSetting{1b1f01f com.modelloader.model_loader/10408} -> PackageSetting{322786 local.qbdi.adjustreference/10513} BLOCKED
07-11 09:49:27.563  1880  2747 D BackgroundInstallControlService: Package event received: 0
07-11 09:49:27.564  3171  3171 D b/417220811: invalidateLoadedTasks - previous requestLoadId: -1
07-11 09:49:27.570  2794  2889 D WindowOnBackDispatcher: setTopOnBackInvokedCallback (unwrapped): android.view.ViewRootImpl$$ExternalSyntheticLambda25@b05adb4
07-11 09:49:27.570  1880  6081 D CoreBackPreview: Window{c793612 u0 Splash Screen local.qbdi.adjustreference}: Setting back callback OnBackInvokedCallbackInfo{mCallback=android.window.IOnBackInvokedCallback$Stub$Proxy@bb2d9d3, mPriority=0, mIsAnimationCallback=false, mOverrideBehavior=0}
07-11 09:49:27.576  1395  1395 D Zygote  : Forked child process 11438
07-11 09:49:27.576  1880  1962 I ActivityManager: Start proc 11438:local.qbdi.adjustreference/u0a513 for next-top-activity {local.qbdi.adjustreference/local.qbdi.adjustreference.MainActivity}
07-11 09:49:27.578  1880  1939 V WindowManager: Sent Transition (#714) createdAt=07-11 09:49:27.550 via request=TransitionRequestInfo { type = OPEN, triggerTask = TaskInfo{userId=0 taskId=2089 effectiveUid=10513 displayId=0 isRunning=true baseIntent=Intent { flg=0x10000000 cmp=local.qbdi.adjustreference/.MainActivity } baseActivity=ComponentInfo{local.qbdi.adjustreference/local.qbdi.adjustreference.MainActivity} topActivity=ComponentInfo{local.qbdi.adjustreference/local.qbdi.adjustreference.MainActivity} origActivity=null realActivity=ComponentInfo{local.qbdi.adjustreference/local.qbdi.adjustreference.MainActivity} realActivityIsAppLockEnabled=false numActivities=1 lastActiveTime=751577925 supportsMultiWindow=true resizeMode=1 isResizeable=true minWidth=-1 minHeight=-1 defaultMinSize=220 token=WCT{RemoteToken{33ed63c Task{90b29ba #2089 type=standard A=10513:local.qbdi.adjustreference}}} topActivityType=1 pictureInPictureParams=null shouldDockBigOverlays=false launchIntoPipHostTaskId=-1 lastParentTaskIdBeforePip=-1 displayCutoutSafeInsets=Rect(0, 132 - 0, 0) topActivityInfo=ActivityInfo{56fafc5 local.qbdi.adjustreference.MainActivity} launchCookies=[] positionInParent=Point(0, 0) parentTaskId=-1 isFocused=false isVisible=false isVisibleRequested=false isTopActivityNoDisplay=false isSleeping=false locusId=null displayAreaFeatureId=1 isTopActivityTransparent=false isActivityStackTransparent=false lastNonFullscreenBounds=null leafTaskBoundsFromOptions= false capturedLink=null capturedLinkTimestamp=0 requestedVisibleTypes=503 topActivityRequestOpenInBrowserEducationTimestamp=0 appCompatTaskInfo=AppCompatTaskInfo { topActivityInSizeCompat=false isLeafTask= true eligibleForLetterboxEducation= false isLetterboxEducationEnabled= false isLetterboxDoubleTapEnabled= false eligibleForUserAspectRatioButton= false topActivityBoundsLetterboxed= false isFromLetterboxDoubleTap= false topActivityLetterboxVerticalPosition= -1 topActivityLetterboxHorizontalPosition= -1 topActivityLetterboxWidth=-1 topActivityLetterboxHeight=-1 topActivityAppBounds=Rect(0, 0 - 1080, 2400) isUserFullscreenOverrideEnabled=false isSystemFullscreenOverrideEnabled=false hasMinAspectRatioOverride=false topActivityLetterboxBounds=null topNonResizableActivityAspectRatio=-1.0} topActivityMainWindowFrame=null isAppBubble=false}, pipChange = null, remoteTransitionInfo = null, displayChange = null, requestedLocation = null, userChange = null, windowingLayerChange = null, fullscreenRequestChange = null, flags = 0, debugId = 714 }
07-11 09:49:27.578  1880  1939 V WindowManager:     startWCT=WindowContainerTransaction { changes= {} hops= [] flags= 0 errorCallbackToken=null taskFragmentOrganizer=null }
07-11 09:49:27.578  1880  1939 V WindowManager:     info={id=714 t=OPEN f=0x0 trk=0 r=[0@Point(0, 0)] c=[
07-11 09:49:27.578  1880  1939 V WindowManager:         {WCT{RemoteToken{33ed63c Task{90b29ba #2089 type=standard A=10513:local.qbdi.adjustreference}}} m=OPEN f=NONE leash=Surface(name=Task=2089#10029)/@0x5b73910 sb=Rect(0, 0 - 1080, 2400) eb=Rect(0, 0 - 1080, 2400) epz=Point(1080, 2400) d=0 taskParent=-1 winMode=1 userId=0},
07-11 09:49:27.578  1880  1939 V WindowManager:         {WCT{RemoteToken{dadca0a Task{26aa84d #1 type=home}}} m=TO_BACK f=SHOW_WALLPAPER leash=Surface(name=Task=1#44)/@0x4772ffd sb=Rect(0, 0 - 1080, 2400) eb=Rect(0, 0 - 1080, 2400) epz=Point(1080, 2400) d=0 taskParent=-1 winMode=1 userId=0},
07-11 09:49:27.578  1880  1939 V WindowManager:         {m=TO_BACK f=IS_WALLPAPER leash=Surface(name=WallpaperWindowToken{a0fcdec}#55)/@0xee387a7 sb=Rect(0, 0 - 1080, 2400) eb=Rect(0, 0 - 1080, 2400) epz=Point(1080, 2400) d=0}
07-11 09:49:27.578  1880  1939 V WindowManager:     ]}
07-11 09:49:27.578  2794  3462 V WindowManagerShell: onTransitionReady(transaction=8074538594572)
07-11 09:49:27.579  2794  2840 V WindowManagerShell: onTransitionReady (#714) android.os.BinderProxy@acb5f6d: {id=714 t=OPEN f=0x0 trk=0 r=[0@Point(0, 0)] c=[
07-11 09:49:27.579  2794  2840 V WindowManagerShell:         {m=OPEN f=NONE leash=Surface(name=Task=2089#10029)/@0x54c789b sb=Rect(0, 0 - 1080, 2400) eb=Rect(0, 0 - 1080, 2400) epz=Point(1080, 2400) d=0 taskParent=-1 winMode=1 userId=0},
07-11 09:49:27.579  2794  2840 V WindowManagerShell:         {m=TO_BACK f=SHOW_WALLPAPER leash=Surface(name=Task=1#44)/@0x130c438 sb=Rect(0, 0 - 1080, 2400) eb=Rect(0, 0 - 1080, 2400) epz=Point(1080, 2400) d=0 taskParent=-1 winMode=1 userId=0},
07-11 09:49:27.579  2794  2840 V WindowManagerShell:         {m=TO_BACK f=IS_WALLPAPER leash=Surface(name=WallpaperWindowToken{a0fcdec}#55)/@0x8dccc11 sb=Rect(0, 0 - 1080, 2400) eb=Rect(0, 0 - 1080, 2400) epz=Point(1080, 2400) d=0}
07-11 09:49:27.579  2794  2840 V WindowManagerShell:     ]}
07-11 09:49:27.579  2794  2840 V ShellDesktopMode: DesktopModeLogger: taskInfo map after processing changes 0
07-11 09:49:27.579  2794  2840 D ShellDesktopMode: DesktopTaskChangeListener: onTaskMovingToBack for taskId=1, displayId=0 - desktop not supported
07-11 09:49:27.579  2794  2840 D ShellDesktopMode: DesktopTaskChangeListener: onTaskOpening for taskId=2089, displayId=0 userId=0 currentUserId=0 parentTaskId=-1 isFreeform=false isActive=false isPinned=false
07-11 09:49:27.579  2794  2840 D ShellDesktopMode: DesktopTaskChangeListener: onTaskOpening for taskId=2089, displayId=0 - desktop not supported
07-11 09:49:27.579  2794  2840 V WindowManagerShell: Playing animation for (#714) android.os.BinderProxy@acb5f6d@0
07-11 09:49:27.579  2794  2840 D ShellSplitScreen: startAnimation: transition=714 isSplitActive=false
07-11 09:49:27.579  2794  2840 V ShellRecents: RecentsTransitionHandler.startAnimation: no controller found
07-11 09:49:27.579  2794  2840 V ShellDesktopMode: DesktopMixedTransitionHandler: No pending desktop transition
07-11 09:49:27.579  2794  2840 V WindowManagerShell: Transition doesn't have explicit remote, search filters for match for {id=714 t=OPEN f=0x0 trk=0 r=[0@Point(0, 0)] c=[{m=OPEN f=NONE leash=Surface(name=Task=2089#10029)/@0x54c789b sb=Rect(0, 0 - 1080, 2400) eb=Rect(0, 0 - 1080, 2400) epz=Point(1080, 2400) d=0 taskParent=-1 winMode=1 userId=0},{m=TO_BACK f=SHOW_WALLPAPER leash=Surface(name=Task=1#44)/@0x130c438 sb=Rect(0, 0 - 1080, 2400) eb=Rect(0, 0 - 1080, 2400) epz=Point(1080, 2400) d=0 taskParent=-1 winMode=1 userId=0},{m=TO_BACK f=IS_WALLPAPER leash=Surface(name=WallpaperWindowToken{a0fcdec}#55)/@0x8dccc11 sb=Rect(0, 0 - 1080, 2400) eb=Rect(0, 0 - 1080, 2400) epz=Point(1080, 2400) d=0}]}
07-11 09:49:27.579  2794  2840 V WindowManagerShell:  Checking filter Pair{{types=[] flags=0x0] notFlags=0x0 checks=[{atype=dream independent=true modes=[OPEN,TO_FRONT] flags=NONE mustBeTask=false order=ANY topActivity=null launchCookie=null windowingMode=undefined isCrossDisplayMove=false},{atype=home independent=true modes=[CLOSE,TO_BACK] flags=NONE mustBeTask=false order=ANY topActivity=null launchCookie=null windowingMode=undefined isCrossDisplayMove=false}]} RemoteTransition { remoteTransition = android.window.IRemoteTransition$Stub$Proxy@73b075f, appThread = android.app.IApplicationThread$Stub$Proxy@2db45ac, debugName = LauncherToDream, filter = null }}
07-11 09:49:27.579  2794  2840 V WindowManagerShell:  Checking filter Pair{{types=[] flags=0x0] notFlags=0x0 checks=[{atype=standard independent=false modes=[CHANGE] flags=NONE mustBeTask=true order=ANY topActivity=null launchCookie=null windowingMode=undefined isCrossDisplayMove=true}]} RemoteTransition { remoteTransition = android.window.IRemoteTransition$Stub$Proxy@59f4275, appThread = android.app.IApplicationThread$Stub$Proxy@68d220a, debugName = QuickstepDisplayMove, filter = null }}
07-11 09:49:27.579  2794  2840 V WindowManagerShell:  Checking filter Pair{{types=[] flags=0x0] notFlags=0x100 checks=[{atype=home independent=true modes=[OPEN,TO_FRONT] flags=NONE mustBeTask=false order=ANY topActivity=ComponentInfo{com.google.android.apps.nexuslauncher/com.google.android.apps.nexuslauncher.NexusLauncherActivity} launchCookie=null windowingMode=undefined isCrossDisplayMove=false},{atype=standard independent=true modes=[CLOSE,TO_BACK] flags=NONE mustBeTask=false order=ANY topActivity=null launchCookie=null windowingMode=undefined isCrossDisplayMove=false},{NOT atype=undefined independent=true modes=[] flags=NONE mustBeTask=true order=ANY topActivity=null launchCookie=null customAnim=true windowingMode=undefined isCrossDisplayMove=false}]} RemoteTransition { remoteTransition = android.window.IRemoteTransition$Stub$Proxy@832ba7b, appThread = android.app.IApplicationThread$Stub$Proxy@88d1098, debugName = QuickstepLaunchHome, filter = null }}
07-11 09:49:27.579  2794  2840 V WindowManagerShell:  Checking filter Pair{{types=[OPEN,TO_FRONT] flags=0x0] notFlags=0x0 checks=[{atype=standard independent=true modes=[OPEN,TO_FRONT] flags=NONE mustBeTask=true order=ANY topActivity=null launchCookie=null windowingMode=freeform isCrossDisplayMove=false}]} RemoteTransition { remoteTransition = android.window.IRemoteTransition$Stub$Proxy@cae90f1, appThread = null, debugName = DesktopWindowLimitUnminimize, filter = null }}
07-11 09:49:27.579  2794  2840 V WindowManagerShell:  Delegate animation for (#714) to null
07-11 09:49:27.579  2794  2840 V WindowManagerShell: start default transition animation, info = {id=714 t=OPEN f=0x0 trk=0 r=[0@Point(0, 0)] c=[{m=OPEN f=NONE leash=Surface(name=Task=2089#10029)/@0x54c789b sb=Rect(0, 0 - 1080, 2400) eb=Rect(0, 0 - 1080, 2400) epz=Point(1080, 2400) d=0 taskParent=-1 winMode=1 userId=0},{m=TO_BACK f=SHOW_WALLPAPER leash=Surface(name=Task=1#44)/@0x130c438 sb=Rect(0, 0 - 1080, 2400) eb=Rect(0, 0 - 1080, 2400) epz=Point(1080, 2400) d=0 taskParent=-1 winMode=1 userId=0},{m=TO_BACK f=IS_WALLPAPER leash=Surface(name=WallpaperWindowToken{a0fcdec}#55)/@0x8dccc11 sb=Rect(0, 0 - 1080, 2400) eb=Rect(0, 0 - 1080, 2400) epz=Point(1080, 2400) d=0}]}
07-11 09:49:27.580  2794  2840 V WindowManagerShell: loadAnimation: anim=android.view.animation.AnimationSet@55cff02 animAttr=0x13 type=OPEN isEntrance=false
07-11 09:49:27.580  2794  2840 V WindowManagerShell: loadAnimation: anim=android.view.animation.AnimationSet@bd76013 animAttr=0x12 type=OPEN isEntrance=true
07-11 09:49:27.580  2794  2840 V WindowManagerShell:  animated by com.android.wm.shell.transition.DefaultTransitionHandler@4e27c73
07-11 09:49:27.580  2794  2840 V ShellTaskOrganizer: Task appeared taskId=2089 listener=FullscreenTaskListener
07-11 09:49:27.580  2794  2840 V ShellTaskOrganizer: Fullscreen Task Appeared: #2089
07-11 09:49:27.580  3171  3171 D b/417220811: invalidateLoadedTasks - previous requestLoadId: -1
07-11 09:49:27.585 11438 11438 I Zygote  : Process 11438 created for local.qbdi.adjustreference
07-11 09:49:27.586 11438 11438 I adjustreference: Late-enabling -Xcheck:jni
07-11 09:49:27.587  2794  2840 V WindowManagerShell: Transition animation finished (aborted=false), notifying core (#714) android.os.BinderProxy@acb5f6d@0
07-11 09:49:27.589  1880  1939 V WindowManager: Finish Transition (#714): created at 07-11 09:49:27.550 collect-started=0.164ms request-sent=10.337ms started=11.617ms ready=25.502ms sent=26.739ms commit=12.131ms finished=38.875ms
07-11 09:49:27.589  3171  3171 D VRI[NexusLauncherActivity]: visibilityChanged oldVisibility=true newVisibility=false
07-11 09:49:27.589  2898  2898 D WallpaperService: onVisibilityChanged(false): fba@e625864
07-11 09:49:27.590  2794  2840 V WindowManagerShell: Track 0 became idle
07-11 09:49:27.590  2794  2840 V WindowManagerShell: All active transition animations finished
07-11 09:49:27.590  1443  1443 D usf_sensor_hal: gyroscope: Enter Activate. Enable = 0.
07-11 09:49:27.591  1632  1632 D AOC     : A3:MSG: usf_sensor.cc, 1881: USF: Received stop sampling request for ICM45631 Gyroscope (active:1).
07-11 09:49:27.592  1632  1632 D AOC     : A3:MSG: icm456xy_device.cc, 443: USF: Device: type: 1, p/l: 20000000 ns/ 66666666 ns, O/WM/I: 50/1/50
07-11 09:49:27.593  1443  1443 D usf_sensor_hal: IMU temperature: Enter Batch. Period = 666667000, latency = 2000000000.
07-11 09:49:27.594  1443  2242 I sensor-suez: Vendor atom [id = 100242] reported.
07-11 09:49:27.595  1632  1632 D AOC     : A3:MSG: usf_sensor.cc, 2512: USF: Received reconfig sampling request for ICM45631 Temperature.
07-11 09:49:27.596  1443  2242 I sensor-suez: Vendor atom [id = 100243] reported.
07-11 09:49:27.604  3171  3171 D NexusLauncherModelDelegate: notifySmartspaceEvent: SmartspaceTargetEvent{mSmartspaceTarget=null, mSmartspaceActionId='null', mEventType=7}
07-11 09:49:27.605  2794  2840 D Bubbles : BubbleData.onLocusVisibilityChanged() locusId=Overview|DISABLED visible=false taskId=1
07-11 09:49:27.605  6931  6986 I AiAiEcho: (REDACTED) %s No tracked ambient data found for ID: %s; for event type: %d, skipping event processing.
07-11 09:49:27.609  3171  3171 D BaseActivity: Launcher flags updated: [state_started] -[state_window_focused]
07-11 09:49:27.611 11438 11438 I adjustreference: Using CollectorTypeCMC GC.
07-11 09:49:27.614  1663  1723 I adbd    : jdwp connection from 11438
07-11 09:49:27.616 11438 11438 D nativeloader: Load libframework-connectivity-tiramisu-jni.so using APEX ns com_android_tethering for caller /apex/com.android.tethering/javalib/framework-connectivity-t.jar: ok
07-11 09:49:27.624  1880  2747 D BackgroundInstallControlService: Package event received: 0
07-11 09:49:27.629  7404  7446 W Turbo.PowerBrainMaintenanceWindowImpl: PowerBrain is not active
07-11 09:49:27.633  2247  2247 I pixel-thermal: VIRTUAL-SKIN:36.229 raw data: VIRTUAL-SKIN:36229 
07-11 09:49:27.653 11438 11438 D nativeloader: Configuring clns-9 for other apk /data/app/~~7_posD2Xt1__e0e3j-WT5Q==/local.qbdi.adjustreference-g0OvN03MKCT_ocLhy-EC4Q==/base.apk. target_sdk_version=35, uses_libraries=, library_path=/data/app/~~7_posD2Xt1__e0e3j-WT5Q==/local.qbdi.adjustreference-g0OvN03MKCT_ocLhy-EC4Q==/lib/arm64:/data/app/~~7_posD2Xt1__e0e3j-WT5Q==/local.qbdi.adjustreference-g0OvN03MKCT_ocLhy-EC4Q==/base.apk!/lib/arm64-v8a, permitted_path=/data:/mnt/expand:/data/user/0/local.qbdi.adjustreference
07-11 09:49:27.653 11438 11438 D CompatChangeReporter: Compat change id reported: 202956589; UID 10513; state: ENABLED
07-11 09:49:27.664  3171  3171 D b/417220811: invalidateLoadedTasks - previous requestLoadId: -1
07-11 09:49:27.665 11438 11438 V GraphicsEnvironment: Currently set values for:
07-11 09:49:27.665 11438 11438 V GraphicsEnvironment:   angle_gl_driver_selection_pkgs=[com.android.angle]
07-11 09:49:27.665 11438 11438 V GraphicsEnvironment:   angle_gl_driver_selection_values=[angle]
07-11 09:49:27.665 11438 11438 V GraphicsEnvironment: local.qbdi.adjustreference is not listed in per-application setting
07-11 09:49:27.665 11438 11438 V GraphicsEnvironment: No special selections for ANGLE, returning default driver choice
07-11 09:49:27.665 11438 11438 V GraphicsEnvironment: Neither updatable production driver nor prerelease driver is supported.
07-11 09:49:27.670  1880  5020 D CompatChangeReporter: Compat change id reported: 324203798; UID 10513; state: ENABLED
07-11 09:49:27.672  1880  2747 D BackgroundInstallControlService: Package event received: 0
07-11 09:49:27.672  1880  2747 D BackgroundInstallControlService: Package event received: 0
07-11 09:49:27.673  1880  1940 W AppWarnings: Showing PageSizeMismatchDialog for package local.qbdi.adjustreference
07-11 09:49:27.675 11438 11453 I DisplayManager: Choreographer implicitly registered for the refresh rate.
07-11 09:49:27.676 11438 11453 D vulkan  : searching for layers in '/data/app/~~7_posD2Xt1__e0e3j-WT5Q==/local.qbdi.adjustreference-g0OvN03MKCT_ocLhy-EC4Q==/lib/arm64'
07-11 09:49:27.676 11438 11453 D vulkan  : searching for layers in '/data/app/~~7_posD2Xt1__e0e3j-WT5Q==/local.qbdi.adjustreference-g0OvN03MKCT_ocLhy-EC4Q==/base.apk!/lib/arm64-v8a'
07-11 09:49:27.686  1880  1940 D WindowOnBackDispatcher: setTopOnBackInvokedCallback (unwrapped): android.app.Dialog$$ExternalSyntheticLambda2@6396acc
07-11 09:49:27.687  1880  1940 D CoreBackPreview: Window{855302b u0 android}: Setting back callback OnBackInvokedCallbackInfo{mCallback=android.window.WindowOnBackInvokedDispatcher$OnBackInvokedCallbackWrapper@ac4d115, mPriority=-1, mIsAnimationCallback=false, mOverrideBehavior=0}
07-11 09:49:27.705 11438 11438 D CompatChangeReporter: Compat change id reported: 309578419; UID 10513; state: ENABLED
07-11 09:49:27.705 11438 11438 D DesktopExperienceFlags: Toggle override initialized to: false
07-11 09:49:27.705 11438 11438 D DesktopModeFlags: Toggle override initialized to: OVERRIDE_UNSET
07-11 09:49:27.719 11438 11461 I Frida   : Listening on 127.0.0.1 TCP port 27042
07-11 09:49:28.060  2247  2253 I pixel-thermal: disp_therm:36.447 raw data: disp_therm:36447 
07-11 09:49:28.061  2247  2253 I pixel-thermal: VIRTUAL-USB-UI:1 raw data: USB-MINUS-NEUTRAL:-2226 USB-MINUS-QUIET:623 USB_QUIET_RFFE:618.179 VIRTUAL-USB-UI:1 VIRTUAL-USB-UI-SUB0:0 usb_pwr_therm:35623 
07-11 09:49:28.061  2247  2253 I pixel-thermal: cam_therm:36.38 raw data: cam_therm:36380 
07-11 09:49:28.627  1499  1548 I WifiHAL : Creating message to get link statistics; iface = 48
07-11 09:49:28.719  1499  2770 I WifiHAL : Getting cached scan results, iface handle = 0xb400006ec4f08d50
07-11 09:49:28.719  1499  2770 E WifiHAL : Creating message to get cached scan results
07-11 09:49:28.729  1499  2770 I WifiHAL : In GetCachedScanResultsCommand::handleResponse
07-11 09:49:28.729  1499  2770 E libbinder.IPCThreadState: binder thread pool (1 threads) starved for 102 ms
07-11 09:49:28.779  3390  3519 D IwlanNetworkService: onCapabilitiesChanged: 125
07-11 09:49:28.779  3015  3890 D SHANNON_RCS: 4225 [0][PROX][TELE] onCapabilitiesChanged, Network: 125, NetworkCapabilities: [ Transports: WIFI Capabilities: NOT_METERED&INTERNET&NOT_RESTRICTED&TRUSTED&NOT_VPN&VALIDATED&NOT_ROAMING&FOREGROUND&NOT_CONGESTED&NOT_SUSPENDED&NOT_VCN_MANAGED&NOT_BANDWIDTH_CONSTRAINED LinkUpBandwidth>=19804Kbps LinkDnBandwidth>=38915Kbps TransportInfo: <SSID: <unknown ssid>, BSSID: 02:00:00:00:00:00, MAC: 02:00:00:00:00:00, IP: /192.168.50.159, Security type: 2, Supplicant state: COMPLETED, Wi-Fi standard: 11ac, RSSI: -66, Link speed: 351Mbps, Tx Link speed: 351Mbps, Max Supported Tx Link speed: 866Mbps, Rx Link speed: 468Mbps, Max Supported Rx Link speed: 866Mbps, Frequency: 5745MHz, Net ID: -1, Metered hint: false, score: 100, isUsable: true, CarrierMerged: false, SubscriptionId: -1, IsPrimary: -1, Trusted: true, Restricted: false, Ephemeral: false, OEM paid: false, OEM private: false, OSU AP: false, FQDN: <none>, Provider friendly name: <none>, Requesting package name: <none><none>MLO Information: , Is TID-To-Link negotiation supported by the AP: false, AP MLD Address: <none>, AP MLO Link Id: <none>, AP MLO Affiliated links: <none>, Vendor Data: <none>> SignalStrength: -66 UnderlyingNetworks: Null] (DefaultNetworkCallback%onCapabilitiesChanged:76)
07-11 09:49:28.779  3807  3898 D DeviceStateHelper: Wifi freq: 5745
07-11 09:49:28.779  3807  3918 I WifiSignalInfo: onCapabilitiesChanged: rssi:-66
07-11 09:49:28.779  3472  3576 D IwlanNetworkStatusTracker: onCapabilitiesChanged: 125
07-11 09:49:28.780  3472  3576 D IwlanNetworkStatusTracker: OnCapability : Wifi Available already true and validation status unchanged
07-11 09:49:28.780  3472  3576 E IwlanNetworkStatusTracker: Could not get Wifi SSID
07-11 09:49:28.780  3390  3429 D IwlanDataService: onCapabilitiesChanged: 125 [ Transports: WIFI Capabilities: NOT_METERED&INTERNET&NOT_RESTRICTED&TRUSTED&NOT_VPN&VALIDATED&NOT_ROAMING&FOREGROUND&NOT_CONGESTED&NOT_SUSPENDED&NOT_VCN_MANAGED&NOT_BANDWIDTH_CONSTRAINED LinkUpBandwidth>=19804Kbps LinkDnBandwidth>=38915Kbps TransportInfo: <SSID: "shufang_5G", BSSID: 80:37:73:d9:08:40, MAC: 26:e4:72:9b:b0:d2, IP: /192.168.50.159, Security type: 2, Supplicant state: COMPLETED, Wi-Fi standard: 11ac, RSSI: -66, Link speed: 351Mbps, Tx Link speed: 351Mbps, Max Supported Tx Link speed: 866Mbps, Rx Link speed: 468Mbps, Max Supported Rx Link speed: 866Mbps, Frequency: 5745MHz, Net ID: 2, Metered hint: false, score: 100, isUsable: true, CarrierMerged: false, SubscriptionId: -1, IsPrimary: 1, Trusted: true, Restricted: false, Ephemeral: false, OEM paid: false, OEM private: false, OSU AP: false, FQDN: <none>, Provider friendly name: <none>, Requesting package name: <none>"shufang_5G"wpa2-pskMLO Information: , Is TID-To-Link negotiation supported by the AP: false, AP MLD Address: <none>, AP MLO Link Id: <none>, AP MLO Affiliated links: <none>, Vendor Data: <none>> SignalStrength: -66 OwnerUid: 1000 AdminUids: [1000] SSID: "shufang_5G" UnderlyingNetworks: Null]
07-11 09:49:28.780  3390  3429 D IwlanDataService: Network 125 connected using transport WIFI
07-11 09:49:28.780 17557 17999 I NullBinder: NullBinder for android.net.action.RECOMMEND_NETWORKS triggering remote TransactionTooLargeException due to Service without Chimera impl, calling uid: 1000, calling pid: 0
07-11 09:49:28.780 17557 17999 W libbinder.Binder: Large reply transaction of 1056768 bytes, interface descriptor , code 1, flags 17
07-11 09:49:28.780  3807  3905 D ImsPreconditionCheck: {subId=1} handleMessage: { when=-1ms what=16 target=eja async=false heapIndex=-1 }
07-11 09:49:28.780  3807  3905 D ImsPreconditionCheck: {subId=1} onWifiCapabilitiesChanged: wifiNetworkValidated: true
07-11 09:49:28.781  1499  2770 D WifiHAL : Start debug command: mType GET_FEATURE
07-11 09:49:28.781  1499  2770 I WifiHAL : CreateRequest mType = GET_FEATURE
07-11 09:49:28.781  1499  2770 D WifiHAL : In DebugCommand::handleResponse, mType:GET_FEATURE
07-11 09:49:28.781  1499  2770 D WifiHAL : len = 4, expected len = 4
07-11 09:49:28.781  1880  2747 D BackgroundInstallControlService: Package event received: 0
07-11 09:49:28.781  3049  4015 W SHANNON_IMS: 7739 [CONN] NetworkSpecifier and TransportInfo are not valid (DefaultNetworkCallback%updateSubscriptionId:121)
07-11 09:49:28.781  3049  4015 I SHANNON_IMS: 7740 [CONN] network:125 WIFI connected, subId: -1 [SLID:0] (DefaultNetworkCallback%onCapabilitiesChanged:76)
07-11 09:49:28.782 11863 11959 D HTTPDNS : Network onCapabilitiesChanged(125)
07-11 09:49:28.783 16683 16774 I BugleRcsEngine: handleMessage processing message:[NOTIFY_UPTIME_IGNORE_STATE_CHANGED] with [non-null]:RcsEngineImpl reference [CONTEXT log_prefix="RcsEngineImpl[DUAL_REG]:[5e41f6bd-fcc7]>Handler" thread_id=99 ]
07-11 09:49:28.783 16683 16769 I BugleRcsEngine: Connected state: [1], networkType: [WIFI] [CONTEXT thread_id=95 ]
07-11 09:49:28.784  1880  2699 E libbinder.IPCThreadState: Binder transaction failure. id: 100462733, cmd: BR_FAILED_REPLY (29201), error: -28 (No space left on device - Binder buffer full. Too many or too large transactions.)
07-11 09:49:28.784  1880  2699 W ActivityManager: pid 1880 system sent binder code 1 with flags 1 and got error -2147483646
07-11 09:49:28.784  1880  2699 D ActivityManager: Too many transaction errors, throttling transaction error callback.
07-11 09:49:28.784  1880  2699 E JavaBinder: !!! FAILED BINDER TRANSACTION !!!  (parcel size = 1132)
07-11 09:49:28.784  1880  2699 E ConnectivityService: RemoteException caught trying to send a callback msg for NetworkRequest [ TRACK_DEFAULT id=21789, [ Capabilities: INTERNET&NOT_RESTRICTED&TRUSTED&NOT_VCN_MANAGED&NOT_BANDWIDTH_CONSTRAINED Uid: 10333 RequestorUid: 10333 RequestorPkg: com.tencent.mm UnderlyingNetworks: Null] ]
07-11 09:49:28.784  1880  2699 E libbinder.IPCThreadState: Binder transaction failure. id: 100462736, cmd: BR_FAILED_REPLY (29201), error: -28 (No space left on device - Binder buffer full. Too many or too large transactions.)
07-11 09:49:28.784  1880  2699 W ActivityManager: pid 1880 system sent binder code 1 with flags 1 and got error -2147483646
07-11 09:49:28.784  1880  2699 D ActivityManager: Too many transaction errors, throttling transaction error callback.
07-11 09:49:28.784  1880  2699 E JavaBinder: !!! FAILED BINDER TRANSACTION !!!  (parcel size = 1120)
07-11 09:49:28.784  1880  2699 E ConnectivityService: RemoteException caught trying to send a callback msg for NetworkRequest [ LISTEN id=21791, [ Capabilities: INTERNET&NOT_RESTRICTED&TRUSTED&NOT_VCN_MANAGED&NOT_BANDWIDTH_CONSTRAINED Uid: 10333 RequestorUid: 10333 RequestorPkg: com.tencent.mm UnderlyingNetworks: Null] ]
07-11 09:49:28.785 17557 17557 I MagicTether: (REDACTED) [ActiveNetworkTracker] setActiveNetwork: %s
07-11 09:49:28.785 17557 17557 I MagicTether: (REDACTED) [TetherService] onActiveNetworkChanged: network=%s isLost=%s
07-11 09:49:28.785 17557 11226 I MagicTether: [WifiConnectionHandler] Ignoring getWifiConfigurationByNetworkId when checking connected state [CONTEXT service_id=276 ]
07-11 09:49:28.785 17557 11226 I MagicTether: [WifiConnectionHandler] No networkId set, can't be connected. [CONTEXT service_id=276 ]
07-11 09:49:28.786 17557 11226 I MagicTether: (REDACTED) [TetherService] TRANSPORT_CELLULAR [%s], TRANSPORT_ETHERNET [%s], TRANSPORT_WIFI [%s]
07-11 09:49:28.786  1880  2699 D ConnectivityService: NetReassign [no changes] [c 0] [a 0] [i 1]
07-11 09:49:28.786 17557 11162 I NearbyMediums: Wifi changed new SSID: "shufang_5G"
07-11 09:49:28.786 17557 11162 I NearbyMediums: WifiLanConnectivityInfo is not changed, skip notify.
07-11 09:49:28.786 17557 11226 I MagicTether: (REDACTED) [TetherService] setRoles hasActiveNetworkConnection=%s canActiveNetworkBeTethered=%s isConnectedToInstantTether=%s isWifiEnabled=%s isHosting=%s
07-11 09:49:28.786  1880  2747 D BackgroundInstallControlService: Package event received: 0
07-11 09:49:28.787 17545 17545 I Wildlife_WildlifeVpnReceiver: ACTION_WIFI_STATE_CHANGED
07-11 09:49:28.787 17545 17545 I Wildlife_WildlifeCobaltEventLoggerImpl: SysUI wifi state changed event logged
07-11 09:49:28.787 17545 17545 I Wildlife_WildlifeVpnManagerImpl: restoreSettingsFromBackupIfNecessary() false, true, false
07-11 09:49:28.787 17545 17545 I Wildlife_OpenWifiNudgeManagerImpl: wifiStateChangedFuture
07-11 09:49:28.787 17545 10586 I Wildlife_OpenWifiNudgeManagerImpl: handleWifiStateChanged(): consumer is not active
07-11 09:49:28.788 17557 17557 I MagicTether: (REDACTED) [LaunchUtils] Instant Wifi for status account: name: %s | type: %s | isLaunched: %s
07-11 09:49:28.788 17557 17557 I MagicTether: (REDACTED) [TidepoolFeatureStatusManager] isInstantHotspotEnabled=%s
07-11 09:49:28.788 17557 17557 I MagicTether: (REDACTED) [TidepoolFeatureStatusManager] isInstantWifiEnabled=%s
07-11 09:49:28.788 17557 17557 I MagicTether: (REDACTED) [TetherService] startNearbyClientRole: start: %s isInstantHotspotEnabled: %s isInstantWifiEnabled: %s
07-11 09:49:28.788 17557 17557 I MagicTether: [TetherService] Stopping Nearby client role [CONTEXT service_id=276 ]
07-11 09:49:28.788 17557 17557 I MagicTether: [ClientTetherRole] Client role already stopped [CONTEXT service_id=276 ]
07-11 09:49:28.788  1632  1632 D AOC     : CHRE: DRAM vote count begins
07-11 09:49:28.788  1632  1632 D AOC     : CHRE: DRAM vote count ends: 0 ms
07-11 09:49:28.788  1632  1632 D AOC     : CHRE: DRAM vote count begins
07-11 09:49:28.788  1632  1632 D AOC     : CHRE: DRAM vote count ends: 0 ms
07-11 09:49:28.788 17557 17557 I MagicTether: (REDACTED) [LaunchUtils] Instant Wifi for status account: name: %s | type: %s | isLaunched: %s
07-11 09:49:28.788 17557 17557 I MagicTether: (REDACTED) [TidepoolFeatureStatusManager] isInstantHotspotEnabled=%s
07-11 09:49:28.788 17557 17557 I MagicTether: (REDACTED) [TidepoolFeatureStatusManager] isInstantWifiEnabled=%s
07-11 09:49:28.788 17557 17557 I MagicTether: (REDACTED) [TetherService] startNearbyHostRole: start: %s isInstantHotspotEnabled: %s isInstantWifiEnabled: %s
07-11 09:49:28.788 17557 17557 I MagicTether: (REDACTED) [TidepoolFeatureStatusManager] isInstantHotspotEnabled=%s
07-11 09:49:28.788 17557 17557 I MagicTether: [HostTetherRole] Nearby host role already started [CONTEXT service_id=276 ]
07-11 09:49:28.789  1421  1457 D CHRE    : @ 751590.513: Parsed nanoapp message from host: app ID 0x476f6f676c00100b endpoint 0x3d msgType 112 payload size 14
07-11 09:49:28.789  1421  1457 I CHRE    : @ 751590.514: [NanoMinion] received MSG Type 0x70, Version 1, 10 bytes
07-11 09:49:28.789  1421  1457 I CHRE    : @ 751590.514: [AR] context-signal: has_bt=0, bt=0, has_wifi=1, wifi=1
07-11 09:49:28.791  3992 30190 I CobaltLoggerImpl: (REDACTED) Logging Cobalt occurrence for metric %d-%d-%d, with count %d and event vector %s, for caller: %s
07-11 09:49:28.791  3992 30190 I CobaltLoggerImpl: (REDACTED) Loaded Cobalt registry contains metric: %d-%d-%d
07-11 09:49:29.279 11863 15093 I FileLockLib: [11863]file 94 unlocked. fl.pid=0
07-11 09:49:29.285 17557 11396 I NearbySharing: Network state changed: NetworkState(isRestricted=false, isOnline=true, isCongested=false, isMetered=false, isWifiConnected=true)
07-11 09:49:29.286 17557 11162 I NearbySharing: Network state changed: NetworkState(isRestricted=false, isOnline=true, isCongested=false, isMetered=false, isWifiConnected=true)
07-11 09:49:29.800 11438 11438 D nativeloader: Load /data/app/~~7_posD2Xt1__e0e3j-WT5Q==/local.qbdi.adjustreference-g0OvN03MKCT_ocLhy-EC4Q==/lib/arm64/libreference_runtime.so using class loader ns clns-9 (caller=/data/app/~~7_posD2Xt1__e0e3j-WT5Q==/local.qbdi.adjustreference-g0OvN03MKCT_ocLhy-EC4Q==/base.apk): ok
07-11 09:49:29.801 11438 11438 D nativeloader: Load /data/app/~~7_posD2Xt1__e0e3j-WT5Q==/local.qbdi.adjustreference-g0OvN03MKCT_ocLhy-EC4Q==/lib/arm64/libsigner.so using class loader ns clns-9 (caller=/data/app/~~7_posD2Xt1__e0e3j-WT5Q==/local.qbdi.adjustreference-g0OvN03MKCT_ocLhy-EC4Q==/base.apk): ok
07-11 09:49:30.015 11438 11438 I ContentCaptureHelper: Setting logging level to OFF
07-11 09:49:30.103 11438 11438 V SignerInstance: Signing all the parameters begin: 2026-07-11T09:49:30.100+0800
07-11 09:49:30.110 11438 11438 V SignerInstance: Calling native begin: 2026-07-11T09:49:30.110+0800
10-09 16:53:20.123 11438 11438 V signer  : Signing all the parameters begin: 2025-10-09T16:53:20.123Z+0800
07-11 09:49:30.140 11438 11438 W adjustreference: type=1400 audit(0.0:85093): avc:  denied  { read } for  name="tcp" dev="proc" ino=4026532026 scontext=u:r:untrusted_app:s0:c1,c258,c512,c768 tcontext=u:object_r:proc_net_tcp_udp:s0 tclass=file permissive=0 app=local.qbdi.adjustreference
07-11 09:49:30.196 11438 11438 W adjustreference: type=1400 audit(0.0:85094): avc:  denied  { read } for  name="drivers" dev="proc" ino=4026531854 scontext=u:r:untrusted_app:s0:c1,c258,c512,c768 tcontext=u:object_r:proc_tty_drivers:s0 tclass=file permissive=0 app=local.qbdi.adjustreference
07-11 09:49:30.212 11438 11438 W adjustreference: type=1400 audit(0.0:85095): avc:  denied  { read } for  name="version" dev="proc" ino=4026532005 scontext=u:r:untrusted_app:s0:c1,c258,c512,c768 tcontext=u:object_r:proc_version:s0 tclass=file permissive=0 app=local.qbdi.adjustreference
07-11 09:49:30.220 11438 11438 W adjustreference: type=1400 audit(0.0:85096): avc:  denied  { read } for  name="u:object_r:serialno_prop:s0" dev="tmpfs" ino=434 scontext=u:r:untrusted_app:s0:c1,c258,c512,c768 tcontext=u:object_r:serialno_prop:s0 tclass=file permissive=0 app=local.qbdi.adjustreference
10-09 16:53:20.123 11438 11438 W libc    : Access denied finding property "ro.boot.serialno"
07-11 09:49:30.244 11438 11438 W adjustreference: type=1400 audit(0.0:85097): avc:  denied  { read } for  name="u:object_r:serialno_prop:s0" dev="tmpfs" ino=434 scontext=u:r:untrusted_app:s0:c1,c258,c512,c768 tcontext=u:object_r:serialno_prop:s0 tclass=file permissive=0 app=local.qbdi.adjustreference
10-09 16:53:20.123 11438 11438 W libc    : Access denied finding property "ro.serialno"
10-09 16:53:20.123 11438 11438 W libc    : Access denied finding property "vendor.qemu.timezone"
10-09 16:53:20.123 11438 11438 W libc    : Access denied finding property "vendor.qemu.vport.bluetooth"
10-09 16:53:20.123 11438 11438 W libc    : Access denied finding property "vendor.qemu.sf.fake_camera"
